
> temp-ng-project@0.0.0 test
> ng test --watch=false --browsers=ChromeHeadless

Node.js version v25.2.1 detected.
Odd numbered Node.js versions will not enter LTS status and should not be used for production. For more information, please see https://nodejs.org/en/about/previous-releases/.
- Generating browser application bundles (phase: setup)...
Ô£ö Browser application bundle generation complete.

./node_modules/playwright-core/lib/server/android/android.js:44:24-37 - Error: Module not found: Error: Can't resolve 'fs' in 'C:\Projects\ERP_ASPIRE_APP\erp-frontend-ng\node_modules\playwright-core\lib\server\android'

./node_modules/playwright-core/lib/server/android/android.js:45:24-37 - Error: Module not found: Error: Can't resolve 'os' in 'C:\Projects\ERP_ASPIRE_APP\erp-frontend-ng\node_modules\playwright-core\lib\server\android'

BREAKING CHANGE: webpack < 5 used to include polyfills for node.js core modules by default.
This is no longer the case. Verify if you need this module and configure a polyfill for it.

If you want to include a polyfill, you need to:
	- add a fallback 'resolve.fallback: { "os": require.resolve("os-browserify/browser") }'
	- install 'os-browserify'
If you don't want to include a polyfill, you can use an empty module like this:
	resolve.fallback: { "os": false }

./node_modules/playwright-core/lib/server/android/android.js:46:26-41 - Error: Module not found: Error: Can't resolve 'path' in 'C:\Projects\ERP_ASPIRE_APP\erp-frontend-ng\node_modules\playwright-core\lib\server\android'

BREAKING CHANGE: webpack < 5 used to include polyfills for node.js core modules by default.
This is no longer the case. Verify if you need this module and configure a polyfill for it.

If you want to include a polyfill, you need to:
	- add a fallback 'resolve.fallback: { "path": require.resolve("path-browserify") }'
	- install 'path-browserify'
If you don't want to include a polyfill, you can use an empty module like this:
	resolve.fallback: { "path": false }

./node_modules/playwright-core/lib/server/android/backendAdb.js:43:25-39 - Error: Module not found: Error: Can't resolve 'net' in 'C:\Projects\ERP_ASPIRE_APP\erp-frontend-ng\node_modules\playwright-core\lib\server\android'

./node_modules/playwright-core/lib/server/artifact.js:42:24-37 - Error: Module not found: Error: Can't resolve 'fs' in 'C:\Projects\ERP_ASPIRE_APP\erp-frontend-ng\node_modules\playwright-core\lib\server'

./node_modules/playwright-core/lib/server/bidi/bidiChromium.js:42:24-37 - Error: Module not found: Error: Can't resolve 'os' in 'C:\Projects\ERP_ASPIRE_APP\erp-frontend-ng\node_modules\playwright-core\lib\server\bidi'

BREAKING CHANGE: webpack < 5 used to include polyfills for node.js core modules by default.
This is no longer the case. Verify if you need this module and configure a polyfill for it.

If you want to include a polyfill, you need to:
	- add a fallback 'resolve.fallback: { "os": require.resolve("os-browserify/browser") }'
	- install 'os-browserify'
If you don't want to include a polyfill, you can use an empty module like this:
	resolve.fallback: { "os": false }

./node_modules/playwright-core/lib/server/bidi/bidiFirefox.js:42:24-37 - Error: Module not found: Error: Can't resolve 'os' in 'C:\Projects\ERP_ASPIRE_APP\erp-frontend-ng\node_modules\playwright-core\lib\server\bidi'

BREAKING CHANGE: webpack < 5 used to include polyfills for node.js core modules by default.
This is no longer the case. Verify if you need this module and configure a polyfill for it.

If you want to include a polyfill, you need to:
	- add a fallback 'resolve.fallback: { "os": require.resolve("os-browserify/browser") }'
	- install 'os-browserify'
If you don't want to include a polyfill, you can use an empty module like this:
	resolve.fallback: { "os": false }

./node_modules/playwright-core/lib/server/bidi/bidiFirefox.js:43:26-41 - Error: Module not found: Error: Can't resolve 'path' in 'C:\Projects\ERP_ASPIRE_APP\erp-frontend-ng\node_modules\playwright-core\lib\server\bidi'

BREAKING CHANGE: webpack < 5 used to include polyfills for node.js core modules by default.
This is no longer the case. Verify if you need this module and configure a polyfill for it.

If you want to include a polyfill, you need to:
	- add a fallback 'resolve.fallback: { "path": require.resolve("path-browserify") }'
	- install 'path-browserify'
If you don't want to include a polyfill, you can use an empty module like this:
	resolve.fallback: { "path": false }

./node_modules/playwright-core/lib/server/bidi/bidiOverCdp.js:42:25-79 - Error: Module not found: Error: Can't resolve 'chromium-bidi/lib/cjs/bidiMapper/BidiMapper' in 'C:\Projects\ERP_ASPIRE_APP\erp-frontend-ng\node_modules\playwright-core\lib\server\bidi'

./node_modules/playwright-core/lib/server/bidi/bidiOverCdp.js:43:32-82 - Error: Module not found: Error: Can't resolve 'chromium-bidi/lib/cjs/cdp/CdpConnection' in 'C:\Projects\ERP_ASPIRE_APP\erp-frontend-ng\node_modules\playwright-core\lib\server\bidi'

./node_modules/playwright-core/lib/server/bidi/third_party/firefoxPrefs.js:42:24-37 - Error: Module not found: Error: Can't resolve 'fs' in 'C:\Projects\ERP_ASPIRE_APP\erp-frontend-ng\node_modules\playwright-core\lib\server\bidi\third_party'

./node_modules/playwright-core/lib/server/bidi/third_party/firefoxPrefs.js:43:26-41 - Error: Module not found: Error: Can't resolve 'path' in 'C:\Projects\ERP_ASPIRE_APP\erp-frontend-ng\node_modules\playwright-core\lib\server\bidi\third_party'

BREAKING CHANGE: webpack < 5 used to include polyfills for node.js core modules by default.
This is no longer the case. Verify if you need this module and configure a polyfill for it.

If you want to include a polyfill, you need to:
	- add a fallback 'resolve.fallback: { "path": require.resolve("path-browserify") }'
	- install 'path-browserify'
If you don't want to include a polyfill, you can use an empty module like this:
	resolve.fallback: { "path": false }

./node_modules/playwright-core/lib/server/browserContext.js:46:24-37 - Error: Module not found: Error: Can't resolve 'fs' in 'C:\Projects\ERP_ASPIRE_APP\erp-frontend-ng\node_modules\playwright-core\lib\server'

./node_modules/playwright-core/lib/server/browserContext.js:47:26-41 - Error: Module not found: Error: Can't resolve 'path' in 'C:\Projects\ERP_ASPIRE_APP\erp-frontend-ng\node_modules\playwright-core\lib\server'

BREAKING CHANGE: webpack < 5 used to include polyfills for node.js core modules by default.
This is no longer the case. Verify if you need this module and configure a polyfill for it.

If you want to include a polyfill, you need to:
	- add a fallback 'resolve.fallback: { "path": require.resolve("path-browserify") }'
	- install 'path-browserify'
If you don't want to include a polyfill, you can use an empty module like this:
	resolve.fallback: { "path": false }

./node_modules/playwright-core/lib/server/browserType.js:43:24-37 - Error: Module not found: Error: Can't resolve 'fs' in 'C:\Projects\ERP_ASPIRE_APP\erp-frontend-ng\node_modules\playwright-core\lib\server'

./node_modules/playwright-core/lib/server/browserType.js:44:24-37 - Error: Module not found: Error: Can't resolve 'os' in 'C:\Projects\ERP_ASPIRE_APP\erp-frontend-ng\node_modules\playwright-core\lib\server'

BREAKING CHANGE: webpack < 5 used to include polyfills for node.js core modules by default.
This is no longer the case. Verify if you need this module and configure a polyfill for it.

If you want to include a polyfill, you need to:
	- add a fallback 'resolve.fallback: { "os": require.resolve("os-browserify/browser") }'
	- install 'os-browserify'
If you don't want to include a polyfill, you can use an empty module like this:
	resolve.fallback: { "os": false }

./node_modules/playwright-core/lib/server/browserType.js:45:26-41 - Error: Module not found: Error: Can't resolve 'path' in 'C:\Projects\ERP_ASPIRE_APP\erp-frontend-ng\node_modules\playwright-core\lib\server'

BREAKING CHANGE: webpack < 5 used to include polyfills for node.js core modules by default.
This is no longer the case. Verify if you need this module and configure a polyfill for it.

If you want to include a polyfill, you need to:
	- add a fallback 'resolve.fallback: { "path": require.resolve("path-browserify") }'
	- install 'path-browserify'
If you don't want to include a polyfill, you can use an empty module like this:
	resolve.fallback: { "path": false }

./node_modules/playwright-core/lib/server/chromium/chromium.js:43:24-37 - Error: Module not found: Error: Can't resolve 'fs' in 'C:\Projects\ERP_ASPIRE_APP\erp-frontend-ng\node_modules\playwright-core\lib\server\chromium'

./node_modules/playwright-core/lib/server/chromium/chromium.js:44:24-37 - Error: Module not found: Error: Can't resolve 'os' in 'C:\Projects\ERP_ASPIRE_APP\erp-frontend-ng\node_modules\playwright-core\lib\server\chromium'

BREAKING CHANGE: webpack < 5 used to include polyfills for node.js core modules by default.
This is no longer the case. Verify if you need this module and configure a polyfill for it.

If you want to include a polyfill, you need to:
	- add a fallback 'resolve.fallback: { "os": require.resolve("os-browserify/browser") }'
	- install 'os-browserify'
If you don't want to include a polyfill, you can use an empty module like this:
	resolve.fallback: { "os": false }

./node_modules/playwright-core/lib/server/chromium/chromium.js:45:26-41 - Error: Module not found: Error: Can't resolve 'path' in 'C:\Projects\ERP_ASPIRE_APP\erp-frontend-ng\node_modules\playwright-core\lib\server\chromium'

BREAKING CHANGE: webpack < 5 used to include polyfills for node.js core modules by default.
This is no longer the case. Verify if you need this module and configure a polyfill for it.

If you want to include a polyfill, you need to:
	- add a fallback 'resolve.fallback: { "path": require.resolve("path-browserify") }'
	- install 'path-browserify'
If you don't want to include a polyfill, you can use an empty module like this:
	resolve.fallback: { "path": false }

./node_modules/playwright-core/lib/server/chromium/crBrowser.js:43:26-41 - Error: Module not found: Error: Can't resolve 'path' in 'C:\Projects\ERP_ASPIRE_APP\erp-frontend-ng\node_modules\playwright-core\lib\server\chromium'

BREAKING CHANGE: webpack < 5 used to include polyfills for node.js core modules by default.
This is no longer the case. Verify if you need this module and configure a polyfill for it.

If you want to include a polyfill, you need to:
	- add a fallback 'resolve.fallback: { "path": require.resolve("path-browserify") }'
	- install 'path-browserify'
If you don't want to include a polyfill, you can use an empty module like this:
	resolve.fallback: { "path": false }

./node_modules/playwright-core/lib/server/chromium/crDevTools.js:42:24-37 - Error: Module not found: Error: Can't resolve 'fs' in 'C:\Projects\ERP_ASPIRE_APP\erp-frontend-ng\node_modules\playwright-core\lib\server\chromium'

./node_modules/playwright-core/lib/server/chromium/crPage.js:42:26-41 - Error: Module not found: Error: Can't resolve 'path' in 'C:\Projects\ERP_ASPIRE_APP\erp-frontend-ng\node_modules\playwright-core\lib\server\chromium'

BREAKING CHANGE: webpack < 5 used to include polyfills for node.js core modules by default.
This is no longer the case. Verify if you need this module and configure a polyfill for it.

If you want to include a polyfill, you need to:
	- add a fallback 'resolve.fallback: { "path": require.resolve("path-browserify") }'
	- install 'path-browserify'
If you don't want to include a polyfill, you can use an empty module like this:
	resolve.fallback: { "path": false }

./node_modules/playwright-core/lib/server/chromium/crProtocolHelper.js:49:24-37 - Error: Module not found: Error: Can't resolve 'fs' in 'C:\Projects\ERP_ASPIRE_APP\erp-frontend-ng\node_modules\playwright-core\lib\server\chromium'

./node_modules/playwright-core/lib/server/dispatchers/artifactDispatcher.js:42:24-37 - Error: Module not found: Error: Can't resolve 'fs' in 'C:\Projects\ERP_ASPIRE_APP\erp-frontend-ng\node_modules\playwright-core\lib\server\dispatchers'

./node_modules/playwright-core/lib/server/dispatchers/browserContextDispatcher.js:42:24-37 - Error: Module not found: Error: Can't resolve 'fs' in 'C:\Projects\ERP_ASPIRE_APP\erp-frontend-ng\node_modules\playwright-core\lib\server\dispatchers'

./node_modules/playwright-core/lib/server/dispatchers/browserContextDispatcher.js:43:26-41 - Error: Module not found: Error: Can't resolve 'path' in 'C:\Projects\ERP_ASPIRE_APP\erp-frontend-ng\node_modules\playwright-core\lib\server\dispatchers'

BREAKING CHANGE: webpack < 5 used to include polyfills for node.js core modules by default.
This is no longer the case. Verify if you need this module and configure a polyfill for it.

If you want to include a polyfill, you need to:
	- add a fallback 'resolve.fallback: { "path": require.resolve("path-browserify") }'
	- install 'path-browserify'
If you don't want to include a polyfill, you can use an empty module like this:
	resolve.fallback: { "path": false }

./node_modules/playwright-core/lib/server/dispatchers/writableStreamDispatcher.js:42:24-37 - Error: Module not found: Error: Can't resolve 'fs' in 'C:\Projects\ERP_ASPIRE_APP\erp-frontend-ng\node_modules\playwright-core\lib\server\dispatchers'

./node_modules/playwright-core/lib/server/dom.js:49:24-37 - Error: Module not found: Error: Can't resolve 'fs' in 'C:\Projects\ERP_ASPIRE_APP\erp-frontend-ng\node_modules\playwright-core\lib\server'

./node_modules/playwright-core/lib/server/download.js:41:26-41 - Error: Module not found: Error: Can't resolve 'path' in 'C:\Projects\ERP_ASPIRE_APP\erp-frontend-ng\node_modules\playwright-core\lib\server'

BREAKING CHANGE: webpack < 5 used to include polyfills for node.js core modules by default.
This is no longer the case. Verify if you need this module and configure a polyfill for it.

If you want to include a polyfill, you need to:
	- add a fallback 'resolve.fallback: { "path": require.resolve("path-browserify") }'
	- install 'path-browserify'
If you don't want to include a polyfill, you can use an empty module like this:
	resolve.fallback: { "path": false }

./node_modules/playwright-core/lib/server/electron/electron.js:43:24-37 - Error: Module not found: Error: Can't resolve 'fs' in 'C:\Projects\ERP_ASPIRE_APP\erp-frontend-ng\node_modules\playwright-core\lib\server\electron'

./node_modules/playwright-core/lib/server/electron/electron.js:44:24-37 - Error: Module not found: Error: Can't resolve 'os' in 'C:\Projects\ERP_ASPIRE_APP\erp-frontend-ng\node_modules\playwright-core\lib\server\electron'

BREAKING CHANGE: webpack < 5 used to include polyfills for node.js core modules by default.
This is no longer the case. Verify if you need this module and configure a polyfill for it.

If you want to include a polyfill, you need to:
	- add a fallback 'resolve.fallback: { "os": require.resolve("os-browserify/browser") }'
	- install 'os-browserify'
If you don't want to include a polyfill, you can use an empty module like this:
	resolve.fallback: { "os": false }

./node_modules/playwright-core/lib/server/electron/electron.js:45:26-41 - Error: Module not found: Error: Can't resolve 'path' in 'C:\Projects\ERP_ASPIRE_APP\erp-frontend-ng\node_modules\playwright-core\lib\server\electron'

BREAKING CHANGE: webpack < 5 used to include polyfills for node.js core modules by default.
This is no longer the case. Verify if you need this module and configure a polyfill for it.

If you want to include a polyfill, you need to:
	- add a fallback 'resolve.fallback: { "path": require.resolve("path-browserify") }'
	- install 'path-browserify'
If you don't want to include a polyfill, you can use an empty module like this:
	resolve.fallback: { "path": false }

./node_modules/playwright-core/lib/server/electron/electron.js:46:23-42 - Error: Module not found: Error: Can't resolve 'readline' in 'C:\Projects\ERP_ASPIRE_APP\erp-frontend-ng\node_modules\playwright-core\lib\server\electron'

./node_modules/playwright-core/lib/server/electron/loader.js:6:4-23 - Error: Module not found: Error: Can't resolve 'electron' in 'C:\Projects\ERP_ASPIRE_APP\erp-frontend-ng\node_modules\playwright-core\lib\server\electron'
Did you mean './electron'?
Requests that should resolve in the current directory need to start with './'.
Requests that start with a name are treated as module requests and resolve within module directories (C:/Projects/ERP_ASPIRE_APP/erp-frontend-ng, node_modules).
If changing the source code is not an option there is also a resolve options called 'preferRelative' which tries to resolve these kind of requests in the current directory too.

./node_modules/playwright-core/lib/server/fetch.js:44:26-41 - Error: Module not found: Error: Can't resolve 'http' in 'C:\Projects\ERP_ASPIRE_APP\erp-frontend-ng\node_modules\playwright-core\lib\server'

BREAKING CHANGE: webpack < 5 used to include polyfills for node.js core modules by default.
This is no longer the case. Verify if you need this module and configure a polyfill for it.

If you want to include a polyfill, you need to:
	- add a fallback 'resolve.fallback: { "http": require.resolve("stream-http") }'
	- install 'stream-http'
If you don't want to include a polyfill, you can use an empty module like this:
	resolve.fallback: { "http": false }

./node_modules/playwright-core/lib/server/fetch.js:45:27-43 - Error: Module not found: Error: Can't resolve 'https' in 'C:\Projects\ERP_ASPIRE_APP\erp-frontend-ng\node_modules\playwright-core\lib\server'

BREAKING CHANGE: webpack < 5 used to include polyfills for node.js core modules by default.
This is no longer the case. Verify if you need this module and configure a polyfill for it.

If you want to include a polyfill, you need to:
	- add a fallback 'resolve.fallback: { "https": require.resolve("https-browserify") }'
	- install 'https-browserify'
If you don't want to include a polyfill, you can use an empty module like this:
	resolve.fallback: { "https": false }

./node_modules/playwright-core/lib/server/fetch.js:46:20-37 - Error: Module not found: Error: Can't resolve 'stream' in 'C:\Projects\ERP_ASPIRE_APP\erp-frontend-ng\node_modules\playwright-core\lib\server'

BREAKING CHANGE: webpack < 5 used to include polyfills for node.js core modules by default.
This is no longer the case. Verify if you need this module and configure a polyfill for it.

If you want to include a polyfill, you need to:
	- add a fallback 'resolve.fallback: { "stream": require.resolve("stream-browserify") }'
	- install 'stream-browserify'
If you don't want to include a polyfill, you can use an empty module like this:
	resolve.fallback: { "stream": false }

./node_modules/playwright-core/lib/server/fetch.js:47:17-31 - Error: Module not found: Error: Can't resolve 'tls' in 'C:\Projects\ERP_ASPIRE_APP\erp-frontend-ng\node_modules\playwright-core\lib\server'

./node_modules/playwright-core/lib/server/fetch.js:48:19-34 - Error: Module not found: Error: Can't resolve 'zlib' in 'C:\Projects\ERP_ASPIRE_APP\erp-frontend-ng\node_modules\playwright-core\lib\server'

BREAKING CHANGE: webpack < 5 used to include polyfills for node.js core modules by default.
This is no longer the case. Verify if you need this module and configure a polyfill for it.

If you want to include a polyfill, you need to:
	- add a fallback 'resolve.fallback: { "zlib": require.resolve("browserify-zlib") }'
	- install 'browserify-zlib'
If you don't want to include a polyfill, you can use an empty module like this:
	resolve.fallback: { "zlib": false }

./node_modules/playwright-core/lib/server/fileUploadUtils.js:43:24-37 - Error: Module not found: Error: Can't resolve 'fs' in 'C:\Projects\ERP_ASPIRE_APP\erp-frontend-ng\node_modules\playwright-core\lib\server'

./node_modules/playwright-core/lib/server/fileUploadUtils.js:44:26-41 - Error: Module not found: Error: Can't resolve 'path' in 'C:\Projects\ERP_ASPIRE_APP\erp-frontend-ng\node_modules\playwright-core\lib\server'

BREAKING CHANGE: webpack < 5 used to include polyfills for node.js core modules by default.
This is no longer the case. Verify if you need this module and configure a polyfill for it.

If you want to include a polyfill, you need to:
	- add a fallback 'resolve.fallback: { "path": require.resolve("path-browserify") }'
	- install 'path-browserify'
If you don't want to include a polyfill, you can use an empty module like this:
	resolve.fallback: { "path": false }

./node_modules/playwright-core/lib/server/firefox/firefox.js:42:24-37 - Error: Module not found: Error: Can't resolve 'os' in 'C:\Projects\ERP_ASPIRE_APP\erp-frontend-ng\node_modules\playwright-core\lib\server\firefox'

BREAKING CHANGE: webpack < 5 used to include polyfills for node.js core modules by default.
This is no longer the case. Verify if you need this module and configure a polyfill for it.

If you want to include a polyfill, you need to:
	- add a fallback 'resolve.fallback: { "os": require.resolve("os-browserify/browser") }'
	- install 'os-browserify'
If you don't want to include a polyfill, you can use an empty module like this:
	resolve.fallback: { "os": false }

./node_modules/playwright-core/lib/server/firefox/firefox.js:43:26-41 - Error: Module not found: Error: Can't resolve 'path' in 'C:\Projects\ERP_ASPIRE_APP\erp-frontend-ng\node_modules\playwright-core\lib\server\firefox'

BREAKING CHANGE: webpack < 5 used to include polyfills for node.js core modules by default.
This is no longer the case. Verify if you need this module and configure a polyfill for it.

If you want to include a polyfill, you need to:
	- add a fallback 'resolve.fallback: { "path": require.resolve("path-browserify") }'
	- install 'path-browserify'
If you don't want to include a polyfill, you can use an empty module like this:
	resolve.fallback: { "path": false }

./node_modules/playwright-core/lib/server/harBackend.js:42:24-37 - Error: Module not found: Error: Can't resolve 'fs' in 'C:\Projects\ERP_ASPIRE_APP\erp-frontend-ng\node_modules\playwright-core\lib\server'

./node_modules/playwright-core/lib/server/harBackend.js:43:26-41 - Error: Module not found: Error: Can't resolve 'path' in 'C:\Projects\ERP_ASPIRE_APP\erp-frontend-ng\node_modules\playwright-core\lib\server'

BREAKING CHANGE: webpack < 5 used to include polyfills for node.js core modules by default.
This is no longer the case. Verify if you need this module and configure a polyfill for it.

If you want to include a polyfill, you need to:
	- add a fallback 'resolve.fallback: { "path": require.resolve("path-browserify") }'
	- install 'path-browserify'
If you don't want to include a polyfill, you can use an empty module like this:
	resolve.fallback: { "path": false }

./node_modules/playwright-core/lib/server/har/harRecorder.js:42:24-37 - Error: Module not found: Error: Can't resolve 'fs' in 'C:\Projects\ERP_ASPIRE_APP\erp-frontend-ng\node_modules\playwright-core\lib\server\har'

./node_modules/playwright-core/lib/server/har/harRecorder.js:43:26-41 - Error: Module not found: Error: Can't resolve 'path' in 'C:\Projects\ERP_ASPIRE_APP\erp-frontend-ng\node_modules\playwright-core\lib\server\har'

BREAKING CHANGE: webpack < 5 used to include polyfills for node.js core modules by default.
This is no longer the case. Verify if you need this module and configure a polyfill for it.

If you want to include a polyfill, you need to:
	- add a fallback 'resolve.fallback: { "path": require.resolve("path-browserify") }'
	- install 'path-browserify'
If you don't want to include a polyfill, you can use an empty module like this:
	resolve.fallback: { "path": false }

./node_modules/playwright-core/lib/server/launchApp.js:43:24-37 - Error: Module not found: Error: Can't resolve 'fs' in 'C:\Projects\ERP_ASPIRE_APP\erp-frontend-ng\node_modules\playwright-core\lib\server'

./node_modules/playwright-core/lib/server/launchApp.js:44:26-41 - Error: Module not found: Error: Can't resolve 'path' in 'C:\Projects\ERP_ASPIRE_APP\erp-frontend-ng\node_modules\playwright-core\lib\server'

BREAKING CHANGE: webpack < 5 used to include polyfills for node.js core modules by default.
This is no longer the case. Verify if you need this module and configure a polyfill for it.

If you want to include a polyfill, you need to:
	- add a fallback 'resolve.fallback: { "path": require.resolve("path-browserify") }'
	- install 'path-browserify'
If you don't want to include a polyfill, you can use an empty module like this:
	resolve.fallback: { "path": false }

./node_modules/playwright-core/lib/server/localUtils.js:49:24-37 - Error: Module not found: Error: Can't resolve 'fs' in 'C:\Projects\ERP_ASPIRE_APP\erp-frontend-ng\node_modules\playwright-core\lib\server'

./node_modules/playwright-core/lib/server/localUtils.js:50:24-37 - Error: Module not found: Error: Can't resolve 'os' in 'C:\Projects\ERP_ASPIRE_APP\erp-frontend-ng\node_modules\playwright-core\lib\server'

BREAKING CHANGE: webpack < 5 used to include polyfills for node.js core modules by default.
This is no longer the case. Verify if you need this module and configure a polyfill for it.

If you want to include a polyfill, you need to:
	- add a fallback 'resolve.fallback: { "os": require.resolve("os-browserify/browser") }'
	- install 'os-browserify'
If you don't want to include a polyfill, you can use an empty module like this:
	resolve.fallback: { "os": false }

./node_modules/playwright-core/lib/server/localUtils.js:51:26-41 - Error: Module not found: Error: Can't resolve 'path' in 'C:\Projects\ERP_ASPIRE_APP\erp-frontend-ng\node_modules\playwright-core\lib\server'

BREAKING CHANGE: webpack < 5 used to include polyfills for node.js core modules by default.
This is no longer the case. Verify if you need this module and configure a polyfill for it.

If you want to include a polyfill, you need to:
	- add a fallback 'resolve.fallback: { "path": require.resolve("path-browserify") }'
	- install 'path-browserify'
If you don't want to include a polyfill, you can use an empty module like this:
	resolve.fallback: { "path": false }

./node_modules/playwright-core/lib/server/recorder.js:44:24-37 - Error: Module not found: Error: Can't resolve 'fs' in 'C:\Projects\ERP_ASPIRE_APP\erp-frontend-ng\node_modules\playwright-core\lib\server'

./node_modules/playwright-core/lib/server/recorder/recorderApp.js:43:24-37 - Error: Module not found: Error: Can't resolve 'fs' in 'C:\Projects\ERP_ASPIRE_APP\erp-frontend-ng\node_modules\playwright-core\lib\server\recorder'

./node_modules/playwright-core/lib/server/recorder/recorderApp.js:44:26-41 - Error: Module not found: Error: Can't resolve 'path' in 'C:\Projects\ERP_ASPIRE_APP\erp-frontend-ng\node_modules\playwright-core\lib\server\recorder'

BREAKING CHANGE: webpack < 5 used to include polyfills for node.js core modules by default.
This is no longer the case. Verify if you need this module and configure a polyfill for it.

If you want to include a polyfill, you need to:
	- add a fallback 'resolve.fallback: { "path": require.resolve("path-browserify") }'
	- install 'path-browserify'
If you don't want to include a polyfill, you can use an empty module like this:
	resolve.fallback: { "path": false }

./node_modules/playwright-core/lib/server/recorder/throttledFile.js:41:24-37 - Error: Module not found: Error: Can't resolve 'fs' in 'C:\Projects\ERP_ASPIRE_APP\erp-frontend-ng\node_modules\playwright-core\lib\server\recorder'

./node_modules/playwright-core/lib/server/registry/browserFetcher.js:43:27-51 - Error: Module not found: Error: Can't resolve 'child_process' in 'C:\Projects\ERP_ASPIRE_APP\erp-frontend-ng\node_modules\playwright-core\lib\server\registry'

./node_modules/playwright-core/lib/server/registry/browserFetcher.js:44:24-37 - Error: Module not found: Error: Can't resolve 'fs' in 'C:\Projects\ERP_ASPIRE_APP\erp-frontend-ng\node_modules\playwright-core\lib\server\registry'

./node_modules/playwright-core/lib/server/registry/browserFetcher.js:45:24-37 - Error: Module not found: Error: Can't resolve 'os' in 'C:\Projects\ERP_ASPIRE_APP\erp-frontend-ng\node_modules\playwright-core\lib\server\registry'

BREAKING CHANGE: webpack < 5 used to include polyfills for node.js core modules by default.
This is no longer the case. Verify if you need this module and configure a polyfill for it.

If you want to include a polyfill, you need to:
	- add a fallback 'resolve.fallback: { "os": require.resolve("os-browserify/browser") }'
	- install 'os-browserify'
If you don't want to include a polyfill, you can use an empty module like this:
	resolve.fallback: { "os": false }

./node_modules/playwright-core/lib/server/registry/browserFetcher.js:46:26-41 - Error: Module not found: Error: Can't resolve 'path' in 'C:\Projects\ERP_ASPIRE_APP\erp-frontend-ng\node_modules\playwright-core\lib\server\registry'

BREAKING CHANGE: webpack < 5 used to include polyfills for node.js core modules by default.
This is no longer the case. Verify if you need this module and configure a polyfill for it.

If you want to include a polyfill, you need to:
	- add a fallback 'resolve.fallback: { "path": require.resolve("path-browserify") }'
	- install 'path-browserify'
If you don't want to include a polyfill, you can use an empty module like this:
	resolve.fallback: { "path": false }

./node_modules/playwright-core/lib/server/registry/dependencies.js:49:27-51 - Error: Module not found: Error: Can't resolve 'child_process' in 'C:\Projects\ERP_ASPIRE_APP\erp-frontend-ng\node_modules\playwright-core\lib\server\registry'

./node_modules/playwright-core/lib/server/registry/dependencies.js:50:24-37 - Error: Module not found: Error: Can't resolve 'fs' in 'C:\Projects\ERP_ASPIRE_APP\erp-frontend-ng\node_modules\playwright-core\lib\server\registry'

./node_modules/playwright-core/lib/server/registry/dependencies.js:51:24-37 - Error: Module not found: Error: Can't resolve 'os' in 'C:\Projects\ERP_ASPIRE_APP\erp-frontend-ng\node_modules\playwright-core\lib\server\registry'

BREAKING CHANGE: webpack < 5 used to include polyfills for node.js core modules by default.
This is no longer the case. Verify if you need this module and configure a polyfill for it.

If you want to include a polyfill, you need to:
	- add a fallback 'resolve.fallback: { "os": require.resolve("os-browserify/browser") }'
	- install 'os-browserify'
If you don't want to include a polyfill, you can use an empty module like this:
	resolve.fallback: { "os": false }

./node_modules/playwright-core/lib/server/registry/dependencies.js:52:26-41 - Error: Module not found: Error: Can't resolve 'path' in 'C:\Projects\ERP_ASPIRE_APP\erp-frontend-ng\node_modules\playwright-core\lib\server\registry'

BREAKING CHANGE: webpack < 5 used to include polyfills for node.js core modules by default.
This is no longer the case. Verify if you need this module and configure a polyfill for it.

If you want to include a polyfill, you need to:
	- add a fallback 'resolve.fallback: { "path": require.resolve("path-browserify") }'
	- install 'path-browserify'
If you don't want to include a polyfill, you can use an empty module like this:
	resolve.fallback: { "path": false }

./node_modules/playwright-core/lib/server/registry/index.js:49:24-37 - Error: Module not found: Error: Can't resolve 'fs' in 'C:\Projects\ERP_ASPIRE_APP\erp-frontend-ng\node_modules\playwright-core\lib\server\registry'

./node_modules/playwright-core/lib/server/registry/index.js:50:24-37 - Error: Module not found: Error: Can't resolve 'os' in 'C:\Projects\ERP_ASPIRE_APP\erp-frontend-ng\node_modules\playwright-core\lib\server\registry'

BREAKING CHANGE: webpack < 5 used to include polyfills for node.js core modules by default.
This is no longer the case. Verify if you need this module and configure a polyfill for it.

If you want to include a polyfill, you need to:
	- add a fallback 'resolve.fallback: { "os": require.resolve("os-browserify/browser") }'
	- install 'os-browserify'
If you don't want to include a polyfill, you can use an empty module like this:
	resolve.fallback: { "os": false }

./node_modules/playwright-core/lib/server/registry/index.js:51:26-41 - Error: Module not found: Error: Can't resolve 'path' in 'C:\Projects\ERP_ASPIRE_APP\erp-frontend-ng\node_modules\playwright-core\lib\server\registry'

BREAKING CHANGE: webpack < 5 used to include polyfills for node.js core modules by default.
This is no longer the case. Verify if you need this module and configure a polyfill for it.

If you want to include a polyfill, you need to:
	- add a fallback 'resolve.fallback: { "path": require.resolve("path-browserify") }'
	- install 'path-browserify'
If you don't want to include a polyfill, you can use an empty module like this:
	resolve.fallback: { "path": false }

./node_modules/playwright-core/lib/server/registry/index.js:52:19-34 - Error: Module not found: Error: Can't resolve 'util' in 'C:\Projects\ERP_ASPIRE_APP\erp-frontend-ng\node_modules\playwright-core\lib\server\registry'

BREAKING CHANGE: webpack < 5 used to include polyfills for node.js core modules by default.
This is no longer the case. Verify if you need this module and configure a polyfill for it.

If you want to include a polyfill, you need to:
	- add a fallback 'resolve.fallback: { "util": require.resolve("util/") }'
	- install 'util'
If you don't want to include a polyfill, you can use an empty module like this:
	resolve.fallback: { "util": false }

./node_modules/playwright-core/lib/server/socksClientCertificatesInterceptor.js:45:27-43 - Error: Module not found: Error: Can't resolve 'http2' in 'C:\Projects\ERP_ASPIRE_APP\erp-frontend-ng\node_modules\playwright-core\lib\server'

./node_modules/playwright-core/lib/server/socksClientCertificatesInterceptor.js:46:25-39 - Error: Module not found: Error: Can't resolve 'net' in 'C:\Projects\ERP_ASPIRE_APP\erp-frontend-ng\node_modules\playwright-core\lib\server'

./node_modules/playwright-core/lib/server/socksClientCertificatesInterceptor.js:47:28-45 - Error: Module not found: Error: Can't resolve 'stream' in 'C:\Projects\ERP_ASPIRE_APP\erp-frontend-ng\node_modules\playwright-core\lib\server'

BREAKING CHANGE: webpack < 5 used to include polyfills for node.js core modules by default.
This is no longer the case. Verify if you need this module and configure a polyfill for it.

If you want to include a polyfill, you need to:
	- add a fallback 'resolve.fallback: { "stream": require.resolve("stream-browserify") }'
	- install 'stream-browserify'
If you don't want to include a polyfill, you can use an empty module like this:
	resolve.fallback: { "stream": false }

./node_modules/playwright-core/lib/server/socksClientCertificatesInterceptor.js:48:25-39 - Error: Module not found: Error: Can't resolve 'tls' in 'C:\Projects\ERP_ASPIRE_APP\erp-frontend-ng\node_modules\playwright-core\lib\server'

./node_modules/playwright-core/lib/server/trace/recorder/tracing.js:42:24-37 - Error: Module not found: Error: Can't resolve 'fs' in 'C:\Projects\ERP_ASPIRE_APP\erp-frontend-ng\node_modules\playwright-core\lib\server\trace\recorder'

./node_modules/playwright-core/lib/server/trace/recorder/tracing.js:43:24-37 - Error: Module not found: Error: Can't resolve 'os' in 'C:\Projects\ERP_ASPIRE_APP\erp-frontend-ng\node_modules\playwright-core\lib\server\trace\recorder'

BREAKING CHANGE: webpack < 5 used to include polyfills for node.js core modules by default.
This is no longer the case. Verify if you need this module and configure a polyfill for it.

If you want to include a polyfill, you need to:
	- add a fallback 'resolve.fallback: { "os": require.resolve("os-browserify/browser") }'
	- install 'os-browserify'
If you don't want to include a polyfill, you can use an empty module like this:
	resolve.fallback: { "os": false }

./node_modules/playwright-core/lib/server/trace/recorder/tracing.js:44:26-41 - Error: Module not found: Error: Can't resolve 'path' in 'C:\Projects\ERP_ASPIRE_APP\erp-frontend-ng\node_modules\playwright-core\lib\server\trace\recorder'

BREAKING CHANGE: webpack < 5 used to include polyfills for node.js core modules by default.
This is no longer the case. Verify if you need this module and configure a polyfill for it.

If you want to include a polyfill, you need to:
	- add a fallback 'resolve.fallback: { "path": require.resolve("path-browserify") }'
	- install 'path-browserify'
If you don't want to include a polyfill, you can use an empty module like this:
	resolve.fallback: { "path": false }

./node_modules/playwright-core/lib/server/trace/viewer/traceViewer.js:47:24-37 - Error: Module not found: Error: Can't resolve 'fs' in 'C:\Projects\ERP_ASPIRE_APP\erp-frontend-ng\node_modules\playwright-core\lib\server\trace\viewer'

./node_modules/playwright-core/lib/server/trace/viewer/traceViewer.js:48:26-41 - Error: Module not found: Error: Can't resolve 'path' in 'C:\Projects\ERP_ASPIRE_APP\erp-frontend-ng\node_modules\playwright-core\lib\server\trace\viewer'

BREAKING CHANGE: webpack < 5 used to include polyfills for node.js core modules by default.
This is no longer the case. Verify if you need this module and configure a polyfill for it.

If you want to include a polyfill, you need to:
	- add a fallback 'resolve.fallback: { "path": require.resolve("path-browserify") }'
	- install 'path-browserify'
If you don't want to include a polyfill, you can use an empty module like this:
	resolve.fallback: { "path": false }

./node_modules/playwright-core/lib/server/utils/crypto.js:43:28-45 - Error: Module not found: Error: Can't resolve 'crypto' in 'C:\Projects\ERP_ASPIRE_APP\erp-frontend-ng\node_modules\playwright-core\lib\server\utils'
Did you mean './crypto'?
Requests that should resolve in the current directory need to start with './'.
Requests that start with a name are treated as module requests and resolve within module directories (C:/Projects/ERP_ASPIRE_APP/erp-frontend-ng, node_modules).
If changing the source code is not an option there is also a resolve options called 'preferRelative' which tries to resolve these kind of requests in the current directory too.

BREAKING CHANGE: webpack < 5 used to include polyfills for node.js core modules by default.
This is no longer the case. Verify if you need this module and configure a polyfill for it.

If you want to include a polyfill, you need to:
	- add a fallback 'resolve.fallback: { "crypto": require.resolve("crypto-browserify") }'
	- install 'crypto-browserify'
If you don't want to include a polyfill, you can use an empty module like this:
	resolve.fallback: { "crypto": false }

./node_modules/playwright-core/lib/server/utils/debugLogger.js:42:24-37 - Error: Module not found: Error: Can't resolve 'fs' in 'C:\Projects\ERP_ASPIRE_APP\erp-frontend-ng\node_modules\playwright-core\lib\server\utils'

./node_modules/playwright-core/lib/server/utils/fileUtils.js:49:24-37 - Error: Module not found: Error: Can't resolve 'fs' in 'C:\Projects\ERP_ASPIRE_APP\erp-frontend-ng\node_modules\playwright-core\lib\server\utils'

./node_modules/playwright-core/lib/server/utils/fileUtils.js:50:26-41 - Error: Module not found: Error: Can't resolve 'path' in 'C:\Projects\ERP_ASPIRE_APP\erp-frontend-ng\node_modules\playwright-core\lib\server\utils'

BREAKING CHANGE: webpack < 5 used to include polyfills for node.js core modules by default.
This is no longer the case. Verify if you need this module and configure a polyfill for it.

If you want to include a polyfill, you need to:
	- add a fallback 'resolve.fallback: { "path": require.resolve("path-browserify") }'
	- install 'path-browserify'
If you don't want to include a polyfill, you can use an empty module like this:
	resolve.fallback: { "path": false }

./node_modules/playwright-core/lib/server/utils/happyEyeballs.js:47:25-39 - Error: Module not found: Error: Can't resolve 'dns' in 'C:\Projects\ERP_ASPIRE_APP\erp-frontend-ng\node_modules\playwright-core\lib\server\utils'

./node_modules/playwright-core/lib/server/utils/happyEyeballs.js:48:26-41 - Error: Module not found: Error: Can't resolve 'http' in 'C:\Projects\ERP_ASPIRE_APP\erp-frontend-ng\node_modules\playwright-core\lib\server\utils'

BREAKING CHANGE: webpack < 5 used to include polyfills for node.js core modules by default.
This is no longer the case. Verify if you need this module and configure a polyfill for it.

If you want to include a polyfill, you need to:
	- add a fallback 'resolve.fallback: { "http": require.resolve("stream-http") }'
	- install 'stream-http'
If you don't want to include a polyfill, you can use an empty module like this:
	resolve.fallback: { "http": false }

./node_modules/playwright-core/lib/server/utils/happyEyeballs.js:49:27-43 - Error: Module not found: Error: Can't resolve 'https' in 'C:\Projects\ERP_ASPIRE_APP\erp-frontend-ng\node_modules\playwright-core\lib\server\utils'

BREAKING CHANGE: webpack < 5 used to include polyfills for node.js core modules by default.
This is no longer the case. Verify if you need this module and configure a polyfill for it.

If you want to include a polyfill, you need to:
	- add a fallback 'resolve.fallback: { "https": require.resolve("https-browserify") }'
	- install 'https-browserify'
If you don't want to include a polyfill, you can use an empty module like this:
	resolve.fallback: { "https": false }

./node_modules/playwright-core/lib/server/utils/happyEyeballs.js:50:25-39 - Error: Module not found: Error: Can't resolve 'net' in 'C:\Projects\ERP_ASPIRE_APP\erp-frontend-ng\node_modules\playwright-core\lib\server\utils'

./node_modules/playwright-core/lib/server/utils/happyEyeballs.js:51:25-39 - Error: Module not found: Error: Can't resolve 'tls' in 'C:\Projects\ERP_ASPIRE_APP\erp-frontend-ng\node_modules\playwright-core\lib\server\utils'

./node_modules/playwright-core/lib/server/utils/hostPlatform.js:43:24-37 - Error: Module not found: Error: Can't resolve 'os' in 'C:\Projects\ERP_ASPIRE_APP\erp-frontend-ng\node_modules\playwright-core\lib\server\utils'

BREAKING CHANGE: webpack < 5 used to include polyfills for node.js core modules by default.
This is no longer the case. Verify if you need this module and configure a polyfill for it.

If you want to include a polyfill, you need to:
	- add a fallback 'resolve.fallback: { "os": require.resolve("os-browserify/browser") }'
	- install 'os-browserify'
If you don't want to include a polyfill, you can use an empty module like this:
	resolve.fallback: { "os": false }

./node_modules/playwright-core/lib/server/utils/httpServer.js:42:24-37 - Error: Module not found: Error: Can't resolve 'fs' in 'C:\Projects\ERP_ASPIRE_APP\erp-frontend-ng\node_modules\playwright-core\lib\server\utils'

./node_modules/playwright-core/lib/server/utils/httpServer.js:43:26-41 - Error: Module not found: Error: Can't resolve 'path' in 'C:\Projects\ERP_ASPIRE_APP\erp-frontend-ng\node_modules\playwright-core\lib\server\utils'

BREAKING CHANGE: webpack < 5 used to include polyfills for node.js core modules by default.
This is no longer the case. Verify if you need this module and configure a polyfill for it.

If you want to include a polyfill, you need to:
	- add a fallback 'resolve.fallback: { "path": require.resolve("path-browserify") }'
	- install 'path-browserify'
If you don't want to include a polyfill, you can use an empty module like this:
	resolve.fallback: { "path": false }

./node_modules/playwright-core/lib/server/utils/linuxUtils.js:41:24-37 - Error: Module not found: Error: Can't resolve 'fs' in 'C:\Projects\ERP_ASPIRE_APP\erp-frontend-ng\node_modules\playwright-core\lib\server\utils'

./node_modules/playwright-core/lib/server/utils/network.js:49:26-41 - Error: Module not found: Error: Can't resolve 'http' in 'C:\Projects\ERP_ASPIRE_APP\erp-frontend-ng\node_modules\playwright-core\lib\server\utils'

BREAKING CHANGE: webpack < 5 used to include polyfills for node.js core modules by default.
This is no longer the case. Verify if you need this module and configure a polyfill for it.

If you want to include a polyfill, you need to:
	- add a fallback 'resolve.fallback: { "http": require.resolve("stream-http") }'
	- install 'stream-http'
If you don't want to include a polyfill, you can use an empty module like this:
	resolve.fallback: { "http": false }

./node_modules/playwright-core/lib/server/utils/network.js:50:27-43 - Error: Module not found: Error: Can't resolve 'http2' in 'C:\Projects\ERP_ASPIRE_APP\erp-frontend-ng\node_modules\playwright-core\lib\server\utils'

./node_modules/playwright-core/lib/server/utils/network.js:51:27-43 - Error: Module not found: Error: Can't resolve 'https' in 'C:\Projects\ERP_ASPIRE_APP\erp-frontend-ng\node_modules\playwright-core\lib\server\utils'

BREAKING CHANGE: webpack < 5 used to include polyfills for node.js core modules by default.
This is no longer the case. Verify if you need this module and configure a polyfill for it.

If you want to include a polyfill, you need to:
	- add a fallback 'resolve.fallback: { "https": require.resolve("https-browserify") }'
	- install 'https-browserify'
If you don't want to include a polyfill, you can use an empty module like this:
	resolve.fallback: { "https": false }

./node_modules/playwright-core/lib/server/utils/network.js:52:25-39 - Error: Module not found: Error: Can't resolve 'url' in 'C:\Projects\ERP_ASPIRE_APP\erp-frontend-ng\node_modules\playwright-core\lib\server\utils'

BREAKING CHANGE: webpack < 5 used to include polyfills for node.js core modules by default.
This is no longer the case. Verify if you need this module and configure a polyfill for it.

If you want to include a polyfill, you need to:
	- add a fallback 'resolve.fallback: { "url": require.resolve("url/") }'
	- install 'url'
If you don't want to include a polyfill, you can use an empty module like this:
	resolve.fallback: { "url": false }

./node_modules/playwright-core/lib/server/utils/nodePlatform.js:43:28-45 - Error: Module not found: Error: Can't resolve 'crypto' in 'C:\Projects\ERP_ASPIRE_APP\erp-frontend-ng\node_modules\playwright-core\lib\server\utils'
Did you mean './crypto'?
Requests that should resolve in the current directory need to start with './'.
Requests that start with a name are treated as module requests and resolve within module directories (C:/Projects/ERP_ASPIRE_APP/erp-frontend-ng, node_modules).
If changing the source code is not an option there is also a resolve options called 'preferRelative' which tries to resolve these kind of requests in the current directory too.

BREAKING CHANGE: webpack < 5 used to include polyfills for node.js core modules by default.
This is no longer the case. Verify if you need this module and configure a polyfill for it.

If you want to include a polyfill, you need to:
	- add a fallback 'resolve.fallback: { "crypto": require.resolve("crypto-browserify") }'
	- install 'crypto-browserify'
If you don't want to include a polyfill, you can use an empty module like this:
	resolve.fallback: { "crypto": false }

./node_modules/playwright-core/lib/server/utils/nodePlatform.js:44:24-37 - Error: Module not found: Error: Can't resolve 'fs' in 'C:\Projects\ERP_ASPIRE_APP\erp-frontend-ng\node_modules\playwright-core\lib\server\utils'

./node_modules/playwright-core/lib/server/utils/nodePlatform.js:45:26-41 - Error: Module not found: Error: Can't resolve 'path' in 'C:\Projects\ERP_ASPIRE_APP\erp-frontend-ng\node_modules\playwright-core\lib\server\utils'

BREAKING CHANGE: webpack < 5 used to include polyfills for node.js core modules by default.
This is no longer the case. Verify if you need this module and configure a polyfill for it.

If you want to include a polyfill, you need to:
	- add a fallback 'resolve.fallback: { "path": require.resolve("path-browserify") }'
	- install 'path-browserify'
If you don't want to include a polyfill, you can use an empty module like this:
	resolve.fallback: { "path": false }

./node_modules/playwright-core/lib/server/utils/nodePlatform.js:46:19-34 - Error: Module not found: Error: Can't resolve 'util' in 'C:\Projects\ERP_ASPIRE_APP\erp-frontend-ng\node_modules\playwright-core\lib\server\utils'

BREAKING CHANGE: webpack < 5 used to include polyfills for node.js core modules by default.
This is no longer the case. Verify if you need this module and configure a polyfill for it.

If you want to include a polyfill, you need to:
	- add a fallback 'resolve.fallback: { "util": require.resolve("util/") }'
	- install 'util'
If you don't want to include a polyfill, you can use an empty module like this:
	resolve.fallback: { "util": false }

./node_modules/playwright-core/lib/server/utils/nodePlatform.js:47:20-37 - Error: Module not found: Error: Can't resolve 'stream' in 'C:\Projects\ERP_ASPIRE_APP\erp-frontend-ng\node_modules\playwright-core\lib\server\utils'

BREAKING CHANGE: webpack < 5 used to include polyfills for node.js core modules by default.
This is no longer the case. Verify if you need this module and configure a polyfill for it.

If you want to include a polyfill, you need to:
	- add a fallback 'resolve.fallback: { "stream": require.resolve("stream-browserify") }'
	- install 'stream-browserify'
If you don't want to include a polyfill, you can use an empty module like this:
	resolve.fallback: { "stream": false }

./node_modules/playwright-core/lib/server/utils/nodePlatform.js:95:32-56 - Error: Module not found: Error: Can't resolve 'inspector' in 'C:\Projects\ERP_ASPIRE_APP\erp-frontend-ng\node_modules\playwright-core\lib\server\utils'

./node_modules/playwright-core/lib/server/utils/processLauncher.js:46:27-51 - Error: Module not found: Error: Can't resolve 'child_process' in 'C:\Projects\ERP_ASPIRE_APP\erp-frontend-ng\node_modules\playwright-core\lib\server\utils'

./node_modules/playwright-core/lib/server/utils/processLauncher.js:47:24-37 - Error: Module not found: Error: Can't resolve 'fs' in 'C:\Projects\ERP_ASPIRE_APP\erp-frontend-ng\node_modules\playwright-core\lib\server\utils'

./node_modules/playwright-core/lib/server/utils/processLauncher.js:48:23-42 - Error: Module not found: Error: Can't resolve 'readline' in 'C:\Projects\ERP_ASPIRE_APP\erp-frontend-ng\node_modules\playwright-core\lib\server\utils'

./node_modules/playwright-core/lib/server/utils/profiler.js:43:24-37 - Error: Module not found: Error: Can't resolve 'fs' in 'C:\Projects\ERP_ASPIRE_APP\erp-frontend-ng\node_modules\playwright-core\lib\server\utils'

./node_modules/playwright-core/lib/server/utils/profiler.js:44:26-41 - Error: Module not found: Error: Can't resolve 'path' in 'C:\Projects\ERP_ASPIRE_APP\erp-frontend-ng\node_modules\playwright-core\lib\server\utils'

BREAKING CHANGE: webpack < 5 used to include polyfills for node.js core modules by default.
This is no longer the case. Verify if you need this module and configure a polyfill for it.

If you want to include a polyfill, you need to:
	- add a fallback 'resolve.fallback: { "path": require.resolve("path-browserify") }'
	- install 'path-browserify'
If you don't want to include a polyfill, you can use an empty module like this:
	resolve.fallback: { "path": false }

./node_modules/playwright-core/lib/server/utils/profiler.js:53:19-47 - Error: Module not found: Error: Can't resolve 'inspector' in 'C:\Projects\ERP_ASPIRE_APP\erp-frontend-ng\node_modules\playwright-core\lib\server\utils'

./node_modules/playwright-core/lib/server/utils/socksProxy.js:45:25-39 - Error: Module not found: Error: Can't resolve 'net' in 'C:\Projects\ERP_ASPIRE_APP\erp-frontend-ng\node_modules\playwright-core\lib\server\utils'

./node_modules/playwright-core/lib/server/utils/spawnAsync.js:30:27-51 - Error: Module not found: Error: Can't resolve 'child_process' in 'C:\Projects\ERP_ASPIRE_APP\erp-frontend-ng\node_modules\playwright-core\lib\server\utils'

./node_modules/playwright-core/lib/server/utils/userAgent.js:43:27-51 - Error: Module not found: Error: Can't resolve 'child_process' in 'C:\Projects\ERP_ASPIRE_APP\erp-frontend-ng\node_modules\playwright-core\lib\server\utils'

./node_modules/playwright-core/lib/server/utils/userAgent.js:44:24-37 - Error: Module not found: Error: Can't resolve 'os' in 'C:\Projects\ERP_ASPIRE_APP\erp-frontend-ng\node_modules\playwright-core\lib\server\utils'

BREAKING CHANGE: webpack < 5 used to include polyfills for node.js core modules by default.
This is no longer the case. Verify if you need this module and configure a polyfill for it.

If you want to include a polyfill, you need to:
	- add a fallback 'resolve.fallback: { "os": require.resolve("os-browserify/browser") }'
	- install 'os-browserify'
If you don't want to include a polyfill, you can use an empty module like this:
	resolve.fallback: { "os": false }

./node_modules/playwright-core/lib/server/utils/zones.js:32:25-47 - Error: Module not found: Error: Can't resolve 'async_hooks' in 'C:\Projects\ERP_ASPIRE_APP\erp-frontend-ng\node_modules\playwright-core\lib\server\utils'

./node_modules/playwright-core/lib/server/webkit/webkit.js:43:26-41 - Error: Module not found: Error: Can't resolve 'path' in 'C:\Projects\ERP_ASPIRE_APP\erp-frontend-ng\node_modules\playwright-core\lib\server\webkit'

BREAKING CHANGE: webpack < 5 used to include polyfills for node.js core modules by default.
This is no longer the case. Verify if you need this module and configure a polyfill for it.

If you want to include a polyfill, you need to:
	- add a fallback 'resolve.fallback: { "path": require.resolve("path-browserify") }'
	- install 'path-browserify'
If you don't want to include a polyfill, you can use an empty module like this:
	resolve.fallback: { "path": false }

./node_modules/playwright-core/lib/server/webkit/wkPage.js:42:26-41 - Error: Module not found: Error: Can't resolve 'path' in 'C:\Projects\ERP_ASPIRE_APP\erp-frontend-ng\node_modules\playwright-core\lib\server\webkit'

BREAKING CHANGE: webpack < 5 used to include polyfills for node.js core modules by default.
This is no longer the case. Verify if you need this module and configure a polyfill for it.

If you want to include a polyfill, you need to:
	- add a fallback 'resolve.fallback: { "path": require.resolve("path-browserify") }'
	- install 'path-browserify'
If you don't want to include a polyfill, you can use an empty module like this:
	resolve.fallback: { "path": false }

./node_modules/playwright-core/lib/utilsBundleImpl/index.js:109:11-24 - Error: Module not found: Error: Can't resolve 'os' in 'C:\Projects\ERP_ASPIRE_APP\erp-frontend-ng\node_modules\playwright-core\lib\utilsBundleImpl'

BREAKING CHANGE: webpack < 5 used to include polyfills for node.js core modules by default.
This is no longer the case. Verify if you need this module and configure a polyfill for it.

If you want to include a polyfill, you need to:
	- add a fallback 'resolve.fallback: { "os": require.resolve("os-browserify/browser") }'
	- install 'os-browserify'
If you don't want to include a polyfill, you can use an empty module like this:
	resolve.fallback: { "os": false }

./node_modules/playwright-core/lib/utilsBundleImpl/index.js:290:11-26 - Error: Module not found: Error: Can't resolve 'util' in 'C:\Projects\ERP_ASPIRE_APP\erp-frontend-ng\node_modules\playwright-core\lib\utilsBundleImpl'

BREAKING CHANGE: webpack < 5 used to include polyfills for node.js core modules by default.
This is no longer the case. Verify if you need this module and configure a polyfill for it.

If you want to include a polyfill, you need to:
	- add a fallback 'resolve.fallback: { "util": require.resolve("util/") }'
	- install 'util'
If you don't want to include a polyfill, you can use an empty module like this:
	resolve.fallback: { "util": false }

./node_modules/playwright-core/lib/utilsBundleImpl/index.js:622:9-23 - Error: Module not found: Error: Can't resolve 'tty' in 'C:\Projects\ERP_ASPIRE_APP\erp-frontend-ng\node_modules\playwright-core\lib\utilsBundleImpl'

BREAKING CHANGE: webpack < 5 used to include polyfills for node.js core modules by default.
This is no longer the case. Verify if you need this module and configure a polyfill for it.

If you want to include a polyfill, you need to:
	- add a fallback 'resolve.fallback: { "tty": require.resolve("tty-browserify") }'
	- install 'tty-browserify'
If you don't want to include a polyfill, you can use an empty module like this:
	resolve.fallback: { "tty": false }

./node_modules/playwright-core/lib/utilsBundleImpl/index.js:820:11-24 - Error: Module not found: Error: Can't resolve 'fs' in 'C:\Projects\ERP_ASPIRE_APP\erp-frontend-ng\node_modules\playwright-core\lib\utilsBundleImpl'

./node_modules/playwright-core/lib/utilsBundleImpl/index.js:821:9-24 - Error: Module not found: Error: Can't resolve 'path' in 'C:\Projects\ERP_ASPIRE_APP\erp-frontend-ng\node_modules\playwright-core\lib\utilsBundleImpl'

BREAKING CHANGE: webpack < 5 used to include polyfills for node.js core modules by default.
This is no longer the case. Verify if you need this module and configure a polyfill for it.

If you want to include a polyfill, you need to:
	- add a fallback 'resolve.fallback: { "path": require.resolve("path-browserify") }'
	- install 'path-browserify'
If you don't want to include a polyfill, you can use an empty module like this:
	resolve.fallback: { "path": false }

./node_modules/playwright-core/lib/utilsBundleImpl/index.js:823:9-26 - Error: Module not found: Error: Can't resolve 'crypto' in 'C:\Projects\ERP_ASPIRE_APP\erp-frontend-ng\node_modules\playwright-core\lib\utilsBundleImpl'

BREAKING CHANGE: webpack < 5 used to include polyfills for node.js core modules by default.
This is no longer the case. Verify if you need this module and configure a polyfill for it.

If you want to include a polyfill, you need to:
	- add a fallback 'resolve.fallback: { "crypto": require.resolve("crypto-browserify") }'
	- install 'crypto-browserify'
If you don't want to include a polyfill, you can use an empty module like this:
	resolve.fallback: { "crypto": false }

./node_modules/playwright-core/lib/utilsBundleImpl/index.js:1012:11-31 - Error: Module not found: Error: Can't resolve 'url' in 'C:\Projects\ERP_ASPIRE_APP\erp-frontend-ng\node_modules\playwright-core\lib\utilsBundleImpl'

BREAKING CHANGE: webpack < 5 used to include polyfills for node.js core modules by default.
This is no longer the case. Verify if you need this module and configure a polyfill for it.

If you want to include a polyfill, you need to:
	- add a fallback 'resolve.fallback: { "url": require.resolve("url/") }'
	- install 'url'
If you don't want to include a polyfill, you can use an empty module like this:
	resolve.fallback: { "url": false }

./node_modules/playwright-core/lib/utilsBundleImpl/index.js:1081:14-29 - Error: Module not found: Error: Can't resolve 'http' in 'C:\Projects\ERP_ASPIRE_APP\erp-frontend-ng\node_modules\playwright-core\lib\utilsBundleImpl'

BREAKING CHANGE: webpack < 5 used to include polyfills for node.js core modules by default.
This is no longer the case. Verify if you need this module and configure a polyfill for it.

If you want to include a polyfill, you need to:
	- add a fallback 'resolve.fallback: { "http": require.resolve("stream-http") }'
	- install 'stream-http'
If you don't want to include a polyfill, you can use an empty module like this:
	resolve.fallback: { "http": false }

./node_modules/playwright-core/lib/utilsBundleImpl/index.js:1082:12-28 - Error: Module not found: Error: Can't resolve 'https' in 'C:\Projects\ERP_ASPIRE_APP\erp-frontend-ng\node_modules\playwright-core\lib\utilsBundleImpl'

BREAKING CHANGE: webpack < 5 used to include polyfills for node.js core modules by default.
This is no longer the case. Verify if you need this module and configure a polyfill for it.

If you want to include a polyfill, you need to:
	- add a fallback 'resolve.fallback: { "https": require.resolve("https-browserify") }'
	- install 'https-browserify'
If you don't want to include a polyfill, you can use an empty module like this:
	resolve.fallback: { "https": false }

./node_modules/playwright-core/lib/utilsBundleImpl/index.js:1180:14-28 - Error: Module not found: Error: Can't resolve 'net' in 'C:\Projects\ERP_ASPIRE_APP\erp-frontend-ng\node_modules\playwright-core\lib\utilsBundleImpl'

./node_modules/playwright-core/lib/utilsBundleImpl/index.js:1368:12-26 - Error: Module not found: Error: Can't resolve 'tls' in 'C:\Projects\ERP_ASPIRE_APP\erp-frontend-ng\node_modules\playwright-core\lib\utilsBundleImpl'

./node_modules/playwright-core/lib/utilsBundleImpl/index.js:1369:12-29 - Error: Module not found: Error: Can't resolve 'assert' in 'C:\Projects\ERP_ASPIRE_APP\erp-frontend-ng\node_modules\playwright-core\lib\utilsBundleImpl'

BREAKING CHANGE: webpack < 5 used to include polyfills for node.js core modules by default.
This is no longer the case. Verify if you need this module and configure a polyfill for it.

If you want to include a polyfill, you need to:
	- add a fallback 'resolve.fallback: { "assert": require.resolve("assert/") }'
	- install 'assert'
If you don't want to include a polyfill, you can use an empty module like this:
	resolve.fallback: { "assert": false }

./node_modules/playwright-core/lib/utilsBundleImpl/index.js:3931:9-33 - Error: Module not found: Error: Can't resolve 'child_process' in 'C:\Projects\ERP_ASPIRE_APP\erp-frontend-ng\node_modules\playwright-core\lib\utilsBundleImpl'

./node_modules/playwright-core/lib/utilsBundleImpl/index.js:4105:9-26 - Error: Module not found: Error: Can't resolve 'stream' in 'C:\Projects\ERP_ASPIRE_APP\erp-frontend-ng\node_modules\playwright-core\lib\utilsBundleImpl'

BREAKING CHANGE: webpack < 5 used to include polyfills for node.js core modules by default.
This is no longer the case. Verify if you need this module and configure a polyfill for it.

If you want to include a polyfill, you need to:
	- add a fallback 'resolve.fallback: { "stream": require.resolve("stream-browserify") }'
	- install 'stream-browserify'
If you don't want to include a polyfill, you can use an empty module like this:
	resolve.fallback: { "stream": false }

./node_modules/playwright-core/lib/utilsBundleImpl/index.js:4716:9-24 - Error: Module not found: Error: Can't resolve 'zlib' in 'C:\Projects\ERP_ASPIRE_APP\erp-frontend-ng\node_modules\playwright-core\lib\utilsBundleImpl'

BREAKING CHANGE: webpack < 5 used to include polyfills for node.js core modules by default.
This is no longer the case. Verify if you need this module and configure a polyfill for it.

If you want to include a polyfill, you need to:
	- add a fallback 'resolve.fallback: { "zlib": require.resolve("browserify-zlib") }'
	- install 'browserify-zlib'
If you don't want to include a polyfill, you can use an empty module like this:
	resolve.fallback: { "zlib": false }

./node_modules/playwright-core/lib/utilsBundleImpl/index.js:9315:12-26 - Error: Module not found: Error: Can't resolve 'dns' in 'C:\Projects\ERP_ASPIRE_APP\erp-frontend-ng\node_modules\playwright-core\lib\utilsBundleImpl'

./node_modules/playwright-core/lib/utilsBundleImpl/index.js:16741:11-31 - Error: Module not found: Error: Can't resolve 'constants' in 'C:\Projects\ERP_ASPIRE_APP\erp-frontend-ng\node_modules\playwright-core\lib\utilsBundleImpl'

BREAKING CHANGE: webpack < 5 used to include polyfills for node.js core modules by default.
This is no longer the case. Verify if you need this module and configure a polyfill for it.

If you want to include a polyfill, you need to:
	- add a fallback 'resolve.fallback: { "constants": require.resolve("constants-browserify") }'
	- install 'constants-browserify'
If you don't want to include a polyfill, you can use an empty module like this:
	resolve.fallback: { "constants": false }

./node_modules/playwright-core/lib/zipBundleImpl.js:65:11-24 - Error: Module not found: Error: Can't resolve 'fs' in 'C:\Projects\ERP_ASPIRE_APP\erp-frontend-ng\node_modules\playwright-core\lib'

./node_modules/playwright-core/lib/zipBundleImpl.js:66:9-36 - Error: Module not found: Error: Can't resolve 'stream' in 'C:\Projects\ERP_ASPIRE_APP\erp-frontend-ng\node_modules\playwright-core\lib'

BREAKING CHANGE: webpack < 5 used to include polyfills for node.js core modules by default.
This is no longer the case. Verify if you need this module and configure a polyfill for it.

If you want to include a polyfill, you need to:
	- add a fallback 'resolve.fallback: { "stream": require.resolve("stream-browserify") }'
	- install 'stream-browserify'
If you don't want to include a polyfill, you can use an empty module like this:
	resolve.fallback: { "stream": false }

./node_modules/playwright-core/lib/zipBundleImpl.js:68:9-24 - Error: Module not found: Error: Can't resolve 'zlib' in 'C:\Projects\ERP_ASPIRE_APP\erp-frontend-ng\node_modules\playwright-core\lib'

BREAKING CHANGE: webpack < 5 used to include polyfills for node.js core modules by default.
This is no longer the case. Verify if you need this module and configure a polyfill for it.

If you want to include a polyfill, you need to:
	- add a fallback 'resolve.fallback: { "zlib": require.resolve("browserify-zlib") }'
	- install 'browserify-zlib'
If you don't want to include a polyfill, you can use an empty module like this:
	resolve.fallback: { "zlib": false }

./node_modules/playwright-core/lib/zipBundleImpl.js:69:9-24 - Error: Module not found: Error: Can't resolve 'util' in 'C:\Projects\ERP_ASPIRE_APP\erp-frontend-ng\node_modules\playwright-core\lib'

BREAKING CHANGE: webpack < 5 used to include polyfills for node.js core modules by default.
This is no longer the case. Verify if you need this module and configure a polyfill for it.

If you want to include a polyfill, you need to:
	- add a fallback 'resolve.fallback: { "util": require.resolve("util/") }'
	- install 'util'
If you don't want to include a polyfill, you can use an empty module like this:
	resolve.fallback: { "util": false }

./node_modules/playwright-core/lib/zipBundleImpl.js:1284:11-24 - Error: Module not found: Error: Can't resolve 'os' in 'C:\Projects\ERP_ASPIRE_APP\erp-frontend-ng\node_modules\playwright-core\lib'

BREAKING CHANGE: webpack < 5 used to include polyfills for node.js core modules by default.
This is no longer the case. Verify if you need this module and configure a polyfill for it.

If you want to include a polyfill, you need to:
	- add a fallback 'resolve.fallback: { "os": require.resolve("os-browserify/browser") }'
	- install 'os-browserify'
If you don't want to include a polyfill, you can use an empty module like this:
	resolve.fallback: { "os": false }

./node_modules/playwright-core/lib/zipBundleImpl.js:1285:9-23 - Error: Module not found: Error: Can't resolve 'tty' in 'C:\Projects\ERP_ASPIRE_APP\erp-frontend-ng\node_modules\playwright-core\lib'

BREAKING CHANGE: webpack < 5 used to include polyfills for node.js core modules by default.
This is no longer the case. Verify if you need this module and configure a polyfill for it.

If you want to include a polyfill, you need to:
	- add a fallback 'resolve.fallback: { "tty": require.resolve("tty-browserify") }'
	- install 'tty-browserify'
If you don't want to include a polyfill, you can use an empty module like this:
	resolve.fallback: { "tty": false }

./node_modules/playwright-core/lib/zipBundleImpl.js:1680:8-23 - Error: Module not found: Error: Can't resolve 'path' in 'C:\Projects\ERP_ASPIRE_APP\erp-frontend-ng\node_modules\playwright-core\lib'

BREAKING CHANGE: webpack < 5 used to include polyfills for node.js core modules by default.
This is no longer the case. Verify if you need this module and configure a polyfill for it.

If you want to include a polyfill, you need to:
	- add a fallback 'resolve.fallback: { "path": require.resolve("path-browserify") }'
	- install 'path-browserify'
If you don't want to include a polyfill, you can use an empty module like this:
	resolve.fallback: { "path": false }

./node_modules/playwright/lib/common/config.js:49:24-37 - Error: Module not found: Error: Can't resolve 'fs' in 'C:\Projects\ERP_ASPIRE_APP\erp-frontend-ng\node_modules\playwright\lib\common'

./node_modules/playwright/lib/common/config.js:50:24-37 - Error: Module not found: Error: Can't resolve 'os' in 'C:\Projects\ERP_ASPIRE_APP\erp-frontend-ng\node_modules\playwright\lib\common'

BREAKING CHANGE: webpack < 5 used to include polyfills for node.js core modules by default.
This is no longer the case. Verify if you need this module and configure a polyfill for it.

If you want to include a polyfill, you need to:
	- add a fallback 'resolve.fallback: { "os": require.resolve("os-browserify/browser") }'
	- install 'os-browserify'
If you don't want to include a polyfill, you can use an empty module like this:
	resolve.fallback: { "os": false }

./node_modules/playwright/lib/common/config.js:51:26-41 - Error: Module not found: Error: Can't resolve 'path' in 'C:\Projects\ERP_ASPIRE_APP\erp-frontend-ng\node_modules\playwright\lib\common'

BREAKING CHANGE: webpack < 5 used to include polyfills for node.js core modules by default.
This is no longer the case. Verify if you need this module and configure a polyfill for it.

If you want to include a polyfill, you need to:
	- add a fallback 'resolve.fallback: { "path": require.resolve("path-browserify") }'
	- install 'path-browserify'
If you don't want to include a polyfill, you can use an empty module like this:
	resolve.fallback: { "path": false }

./node_modules/playwright/lib/common/configLoader.js:47:24-37 - Error: Module not found: Error: Can't resolve 'fs' in 'C:\Projects\ERP_ASPIRE_APP\erp-frontend-ng\node_modules\playwright\lib\common'

./node_modules/playwright/lib/common/configLoader.js:48:26-41 - Error: Module not found: Error: Can't resolve 'path' in 'C:\Projects\ERP_ASPIRE_APP\erp-frontend-ng\node_modules\playwright\lib\common'

BREAKING CHANGE: webpack < 5 used to include polyfills for node.js core modules by default.
This is no longer the case. Verify if you need this module and configure a polyfill for it.

If you want to include a polyfill, you need to:
	- add a fallback 'resolve.fallback: { "path": require.resolve("path-browserify") }'
	- install 'path-browserify'
If you don't want to include a polyfill, you can use an empty module like this:
	resolve.fallback: { "path": false }

./node_modules/playwright/lib/common/esmLoaderHost.js:47:25-39 - Error: Module not found: Error: Can't resolve 'url' in 'C:\Projects\ERP_ASPIRE_APP\erp-frontend-ng\node_modules\playwright\lib\common'

BREAKING CHANGE: webpack < 5 used to include polyfills for node.js core modules by default.
This is no longer the case. Verify if you need this module and configure a polyfill for it.

If you want to include a polyfill, you need to:
	- add a fallback 'resolve.fallback: { "url": require.resolve("url/") }'
	- install 'url'
If you don't want to include a polyfill, you can use an empty module like this:
	resolve.fallback: { "url": false }

./node_modules/playwright/lib/common/expectBundleImpl.js:2199:11-24 - Error: Module not found: Error: Can't resolve 'os' in 'C:\Projects\ERP_ASPIRE_APP\erp-frontend-ng\node_modules\playwright\lib\common'

BREAKING CHANGE: webpack < 5 used to include polyfills for node.js core modules by default.
This is no longer the case. Verify if you need this module and configure a polyfill for it.

If you want to include a polyfill, you need to:
	- add a fallback 'resolve.fallback: { "os": require.resolve("os-browserify/browser") }'
	- install 'os-browserify'
If you don't want to include a polyfill, you can use an empty module like this:
	resolve.fallback: { "os": false }

./node_modules/playwright/lib/common/expectBundleImpl.js:2200:9-23 - Error: Module not found: Error: Can't resolve 'tty' in 'C:\Projects\ERP_ASPIRE_APP\erp-frontend-ng\node_modules\playwright\lib\common'

BREAKING CHANGE: webpack < 5 used to include polyfills for node.js core modules by default.
This is no longer the case. Verify if you need this module and configure a polyfill for it.

If you want to include a polyfill, you need to:
	- add a fallback 'resolve.fallback: { "tty": require.resolve("tty-browserify") }'
	- install 'tty-browserify'
If you don't want to include a polyfill, you can use an empty module like this:
	resolve.fallback: { "tty": false }

./node_modules/playwright/lib/common/expectBundleImpl.js:3787:11-31 - Error: Module not found: Error: Can't resolve 'constants' in 'C:\Projects\ERP_ASPIRE_APP\erp-frontend-ng\node_modules\playwright\lib\common'

BREAKING CHANGE: webpack < 5 used to include polyfills for node.js core modules by default.
This is no longer the case. Verify if you need this module and configure a polyfill for it.

If you want to include a polyfill, you need to:
	- add a fallback 'resolve.fallback: { "constants": require.resolve("constants-browserify") }'
	- install 'constants-browserify'
If you don't want to include a polyfill, you can use an empty module like this:
	resolve.fallback: { "constants": false }

./node_modules/playwright/lib/common/expectBundleImpl.js:3961:11-35 - Error: Module not found: Error: Can't resolve 'stream' in 'C:\Projects\ERP_ASPIRE_APP\erp-frontend-ng\node_modules\playwright\lib\common'

BREAKING CHANGE: webpack < 5 used to include polyfills for node.js core modules by default.
This is no longer the case. Verify if you need this module and configure a polyfill for it.

If you want to include a polyfill, you need to:
	- add a fallback 'resolve.fallback: { "stream": require.resolve("stream-browserify") }'
	- install 'stream-browserify'
If you don't want to include a polyfill, you can use an empty module like this:
	resolve.fallback: { "stream": false }

./node_modules/playwright/lib/common/expectBundleImpl.js:4031:11-24 - Error: Module not found: Error: Can't resolve 'fs' in 'C:\Projects\ERP_ASPIRE_APP\erp-frontend-ng\node_modules\playwright\lib\common'

./node_modules/playwright/lib/common/expectBundleImpl.js:4035:9-24 - Error: Module not found: Error: Can't resolve 'util' in 'C:\Projects\ERP_ASPIRE_APP\erp-frontend-ng\node_modules\playwright\lib\common'

BREAKING CHANGE: webpack < 5 used to include polyfills for node.js core modules by default.
This is no longer the case. Verify if you need this module and configure a polyfill for it.

If you want to include a polyfill, you need to:
	- add a fallback 'resolve.fallback: { "util": require.resolve("util/") }'
	- install 'util'
If you don't want to include a polyfill, you can use an empty module like this:
	resolve.fallback: { "util": false }

./node_modules/playwright/lib/common/expectBundleImpl.js:4070:16-39 - Error: Module not found: Error: Can't resolve 'assert' in 'C:\Projects\ERP_ASPIRE_APP\erp-frontend-ng\node_modules\playwright\lib\common'

BREAKING CHANGE: webpack < 5 used to include polyfills for node.js core modules by default.
This is no longer the case. Verify if you need this module and configure a polyfill for it.

If you want to include a polyfill, you need to:
	- add a fallback 'resolve.fallback: { "assert": require.resolve("assert/") }'
	- install 'assert'
If you don't want to include a polyfill, you can use an empty module like this:
	resolve.fallback: { "assert": false }

./node_modules/playwright/lib/common/expectBundleImpl.js:6262:20-35 - Error: Module not found: Error: Can't resolve 'path' in 'C:\Projects\ERP_ASPIRE_APP\erp-frontend-ng\node_modules\playwright\lib\common'

BREAKING CHANGE: webpack < 5 used to include polyfills for node.js core modules by default.
This is no longer the case. Verify if you need this module and configure a polyfill for it.

If you want to include a polyfill, you need to:
	- add a fallback 'resolve.fallback: { "path": require.resolve("path-browserify") }'
	- install 'path-browserify'
If you don't want to include a polyfill, you can use an empty module like this:
	resolve.fallback: { "path": false }

./node_modules/playwright/lib/common/expectBundleImpl.js:6268:20-34 - Error: Module not found: Error: Can't resolve 'url' in 'C:\Projects\ERP_ASPIRE_APP\erp-frontend-ng\node_modules\playwright\lib\common'

BREAKING CHANGE: webpack < 5 used to include polyfills for node.js core modules by default.
This is no longer the case. Verify if you need this module and configure a polyfill for it.

If you want to include a polyfill, you need to:
	- add a fallback 'resolve.fallback: { "url": require.resolve("url/") }'
	- install 'url'
If you don't want to include a polyfill, you can use an empty module like this:
	resolve.fallback: { "url": false }

./node_modules/playwright/lib/common/expectBundleImpl.js:8938:19-51 - Error: Module not found: Error: Can't resolve 'module' in 'C:\Projects\ERP_ASPIRE_APP\erp-frontend-ng\node_modules\playwright\lib\common'

./node_modules/playwright/lib/index.js:47:24-37 - Error: Module not found: Error: Can't resolve 'fs' in 'C:\Projects\ERP_ASPIRE_APP\erp-frontend-ng\node_modules\playwright\lib'

./node_modules/playwright/lib/index.js:48:26-41 - Error: Module not found: Error: Can't resolve 'path' in 'C:\Projects\ERP_ASPIRE_APP\erp-frontend-ng\node_modules\playwright\lib'

BREAKING CHANGE: webpack < 5 used to include polyfills for node.js core modules by default.
This is no longer the case. Verify if you need this module and configure a polyfill for it.

If you want to include a polyfill, you need to:
	- add a fallback 'resolve.fallback: { "path": require.resolve("path-browserify") }'
	- install 'path-browserify'
If you don't want to include a polyfill, you can use an empty module like this:
	resolve.fallback: { "path": false }

./node_modules/playwright/lib/matchers/toMatchAriaSnapshot.js:42:24-37 - Error: Module not found: Error: Can't resolve 'fs' in 'C:\Projects\ERP_ASPIRE_APP\erp-frontend-ng\node_modules\playwright\lib\matchers'

./node_modules/playwright/lib/matchers/toMatchAriaSnapshot.js:43:26-41 - Error: Module not found: Error: Can't resolve 'path' in 'C:\Projects\ERP_ASPIRE_APP\erp-frontend-ng\node_modules\playwright\lib\matchers'

BREAKING CHANGE: webpack < 5 used to include polyfills for node.js core modules by default.
This is no longer the case. Verify if you need this module and configure a polyfill for it.

If you want to include a polyfill, you need to:
	- add a fallback 'resolve.fallback: { "path": require.resolve("path-browserify") }'
	- install 'path-browserify'
If you don't want to include a polyfill, you can use an empty module like this:
	resolve.fallback: { "path": false }

./node_modules/playwright/lib/matchers/toMatchSnapshot.js:44:24-37 - Error: Module not found: Error: Can't resolve 'fs' in 'C:\Projects\ERP_ASPIRE_APP\erp-frontend-ng\node_modules\playwright\lib\matchers'

./node_modules/playwright/lib/matchers/toMatchSnapshot.js:45:26-41 - Error: Module not found: Error: Can't resolve 'path' in 'C:\Projects\ERP_ASPIRE_APP\erp-frontend-ng\node_modules\playwright\lib\matchers'

BREAKING CHANGE: webpack < 5 used to include polyfills for node.js core modules by default.
This is no longer the case. Verify if you need this module and configure a polyfill for it.

If you want to include a polyfill, you need to:
	- add a fallback 'resolve.fallback: { "path": require.resolve("path-browserify") }'
	- install 'path-browserify'
If you don't want to include a polyfill, you can use an empty module like this:
	resolve.fallback: { "path": false }

./node_modules/playwright/lib/mcpBundleImpl.js:3571:11-24 - Error: Module not found: Error: Can't resolve 'fs' in 'C:\Projects\ERP_ASPIRE_APP\erp-frontend-ng\node_modules\playwright\lib'

./node_modules/playwright/lib/mcpBundleImpl.js:3652:9-24 - Error: Module not found: Error: Can't resolve 'path' in 'C:\Projects\ERP_ASPIRE_APP\erp-frontend-ng\node_modules\playwright\lib'

BREAKING CHANGE: webpack < 5 used to include polyfills for node.js core modules by default.
This is no longer the case. Verify if you need this module and configure a polyfill for it.

If you want to include a polyfill, you need to:
	- add a fallback 'resolve.fallback: { "path": require.resolve("path-browserify") }'
	- install 'path-browserify'
If you don't want to include a polyfill, you can use an empty module like this:
	resolve.fallback: { "path": false }

./node_modules/playwright/lib/mcpBundleImpl.js:3896:11-35 - Error: Module not found: Error: Can't resolve 'child_process' in 'C:\Projects\ERP_ASPIRE_APP\erp-frontend-ng\node_modules\playwright\lib'

./node_modules/playwright/lib/mcpBundleImpl.js:9493:7-21 - Error: Module not found: Error: Can't resolve 'url' in 'C:\Projects\ERP_ASPIRE_APP\erp-frontend-ng\node_modules\playwright\lib'

BREAKING CHANGE: webpack < 5 used to include polyfills for node.js core modules by default.
This is no longer the case. Verify if you need this module and configure a polyfill for it.

If you want to include a polyfill, you need to:
	- add a fallback 'resolve.fallback: { "url": require.resolve("url/") }'
	- install 'url'
If you don't want to include a polyfill, you can use an empty module like this:
	resolve.fallback: { "url": false }

./node_modules/playwright/lib/mcp/browser/config.js:52:24-37 - Error: Module not found: Error: Can't resolve 'fs' in 'C:\Projects\ERP_ASPIRE_APP\erp-frontend-ng\node_modules\playwright\lib\mcp\browser'

./node_modules/playwright/lib/mcp/browser/config.js:53:24-37 - Error: Module not found: Error: Can't resolve 'os' in 'C:\Projects\ERP_ASPIRE_APP\erp-frontend-ng\node_modules\playwright\lib\mcp\browser'

BREAKING CHANGE: webpack < 5 used to include polyfills for node.js core modules by default.
This is no longer the case. Verify if you need this module and configure a polyfill for it.

If you want to include a polyfill, you need to:
	- add a fallback 'resolve.fallback: { "os": require.resolve("os-browserify/browser") }'
	- install 'os-browserify'
If you don't want to include a polyfill, you can use an empty module like this:
	resolve.fallback: { "os": false }

./node_modules/playwright/lib/mcp/browser/config.js:54:26-41 - Error: Module not found: Error: Can't resolve 'path' in 'C:\Projects\ERP_ASPIRE_APP\erp-frontend-ng\node_modules\playwright\lib\mcp\browser'

BREAKING CHANGE: webpack < 5 used to include polyfills for node.js core modules by default.
This is no longer the case. Verify if you need this module and configure a polyfill for it.

If you want to include a polyfill, you need to:
	- add a fallback 'resolve.fallback: { "path": require.resolve("path-browserify") }'
	- install 'path-browserify'
If you don't want to include a polyfill, you can use an empty module like this:
	resolve.fallback: { "path": false }

./node_modules/playwright/lib/mcp/browser/context.js:43:24-37 - Error: Module not found: Error: Can't resolve 'fs' in 'C:\Projects\ERP_ASPIRE_APP\erp-frontend-ng\node_modules\playwright\lib\mcp\browser'

./node_modules/playwright/lib/mcp/browser/context.js:44:26-41 - Error: Module not found: Error: Can't resolve 'path' in 'C:\Projects\ERP_ASPIRE_APP\erp-frontend-ng\node_modules\playwright\lib\mcp\browser'

BREAKING CHANGE: webpack < 5 used to include polyfills for node.js core modules by default.
This is no longer the case. Verify if you need this module and configure a polyfill for it.

If you want to include a polyfill, you need to:
	- add a fallback 'resolve.fallback: { "path": require.resolve("path-browserify") }'
	- install 'path-browserify'
If you don't want to include a polyfill, you can use an empty module like this:
	resolve.fallback: { "path": false }

./node_modules/playwright/lib/mcp/browser/sessionLog.js:42:24-37 - Error: Module not found: Error: Can't resolve 'fs' in 'C:\Projects\ERP_ASPIRE_APP\erp-frontend-ng\node_modules\playwright\lib\mcp\browser'

./node_modules/playwright/lib/mcp/browser/sessionLog.js:43:26-41 - Error: Module not found: Error: Can't resolve 'path' in 'C:\Projects\ERP_ASPIRE_APP\erp-frontend-ng\node_modules\playwright\lib\mcp\browser'

BREAKING CHANGE: webpack < 5 used to include polyfills for node.js core modules by default.
This is no longer the case. Verify if you need this module and configure a polyfill for it.

If you want to include a polyfill, you need to:
	- add a fallback 'resolve.fallback: { "path": require.resolve("path-browserify") }'
	- install 'path-browserify'
If you don't want to include a polyfill, you can use an empty module like this:
	resolve.fallback: { "path": false }

./node_modules/playwright/lib/mcp/browser/tools/install.js:42:27-51 - Error: Module not found: Error: Can't resolve 'child_process' in 'C:\Projects\ERP_ASPIRE_APP\erp-frontend-ng\node_modules\playwright\lib\mcp\browser\tools'

./node_modules/playwright/lib/mcp/browser/tools/install.js:43:26-41 - Error: Module not found: Error: Can't resolve 'path' in 'C:\Projects\ERP_ASPIRE_APP\erp-frontend-ng\node_modules\playwright\lib\mcp\browser\tools'

BREAKING CHANGE: webpack < 5 used to include polyfills for node.js core modules by default.
This is no longer the case. Verify if you need this module and configure a polyfill for it.

If you want to include a polyfill, you need to:
	- add a fallback 'resolve.fallback: { "path": require.resolve("path-browserify") }'
	- install 'path-browserify'
If you don't want to include a polyfill, you can use an empty module like this:
	resolve.fallback: { "path": false }

./node_modules/playwright/lib/mcp/browser/tools/runCode.js:42:24-37 - Error: Module not found: Error: Can't resolve 'vm' in 'C:\Projects\ERP_ASPIRE_APP\erp-frontend-ng\node_modules\playwright\lib\mcp\browser\tools'

BREAKING CHANGE: webpack < 5 used to include polyfills for node.js core modules by default.
This is no longer the case. Verify if you need this module and configure a polyfill for it.

If you want to include a polyfill, you need to:
	- add a fallback 'resolve.fallback: { "vm": require.resolve("vm-browserify") }'
	- install 'vm-browserify'
If you don't want to include a polyfill, you can use an empty module like this:
	resolve.fallback: { "vm": false }

./node_modules/playwright/lib/mcp/browser/tools/screenshot.js:43:24-37 - Error: Module not found: Error: Can't resolve 'fs' in 'C:\Projects\ERP_ASPIRE_APP\erp-frontend-ng\node_modules\playwright\lib\mcp\browser\tools'

./node_modules/playwright/lib/mcp/sdk/http.js:44:28-45 - Error: Module not found: Error: Can't resolve 'assert' in 'C:\Projects\ERP_ASPIRE_APP\erp-frontend-ng\node_modules\playwright\lib\mcp\sdk'

BREAKING CHANGE: webpack < 5 used to include polyfills for node.js core modules by default.
This is no longer the case. Verify if you need this module and configure a polyfill for it.

If you want to include a polyfill, you need to:
	- add a fallback 'resolve.fallback: { "assert": require.resolve("assert/") }'
	- install 'assert'
If you don't want to include a polyfill, you can use an empty module like this:
	resolve.fallback: { "assert": false }

./node_modules/playwright/lib/mcp/sdk/http.js:45:26-41 - Error: Module not found: Error: Can't resolve 'http' in 'C:\Projects\ERP_ASPIRE_APP\erp-frontend-ng\node_modules\playwright\lib\mcp\sdk'
Did you mean './http'?
Requests that should resolve in the current directory need to start with './'.
Requests that start with a name are treated as module requests and resolve within module directories (C:/Projects/ERP_ASPIRE_APP/erp-frontend-ng, node_modules).
If changing the source code is not an option there is also a resolve options called 'preferRelative' which tries to resolve these kind of requests in the current directory too.

BREAKING CHANGE: webpack < 5 used to include polyfills for node.js core modules by default.
This is no longer the case. Verify if you need this module and configure a polyfill for it.

If you want to include a polyfill, you need to:
	- add a fallback 'resolve.fallback: { "http": require.resolve("stream-http") }'
	- install 'stream-http'
If you don't want to include a polyfill, you can use an empty module like this:
	resolve.fallback: { "http": false }

./node_modules/playwright/lib/mcp/sdk/http.js:46:28-45 - Error: Module not found: Error: Can't resolve 'crypto' in 'C:\Projects\ERP_ASPIRE_APP\erp-frontend-ng\node_modules\playwright\lib\mcp\sdk'

BREAKING CHANGE: webpack < 5 used to include polyfills for node.js core modules by default.
This is no longer the case. Verify if you need this module and configure a polyfill for it.

If you want to include a polyfill, you need to:
	- add a fallback 'resolve.fallback: { "crypto": require.resolve("crypto-browserify") }'
	- install 'crypto-browserify'
If you don't want to include a polyfill, you can use an empty module like this:
	resolve.fallback: { "crypto": false }

./node_modules/playwright/lib/mcp/sdk/server.js:46:17-31 - Error: Module not found: Error: Can't resolve 'url' in 'C:\Projects\ERP_ASPIRE_APP\erp-frontend-ng\node_modules\playwright\lib\mcp\sdk'

BREAKING CHANGE: webpack < 5 used to include polyfills for node.js core modules by default.
This is no longer the case. Verify if you need this module and configure a polyfill for it.

If you want to include a polyfill, you need to:
	- add a fallback 'resolve.fallback: { "url": require.resolve("url/") }'
	- install 'url'
If you don't want to include a polyfill, you can use an empty module like this:
	resolve.fallback: { "url": false }

./node_modules/playwright/lib/third_party/pirates.js:41:28-45 - Error: Module not found: Error: Can't resolve 'module' in 'C:\Projects\ERP_ASPIRE_APP\erp-frontend-ng\node_modules\playwright\lib\third_party'

./node_modules/playwright/lib/third_party/pirates.js:42:26-41 - Error: Module not found: Error: Can't resolve 'path' in 'C:\Projects\ERP_ASPIRE_APP\erp-frontend-ng\node_modules\playwright\lib\third_party'

BREAKING CHANGE: webpack < 5 used to include polyfills for node.js core modules by default.
This is no longer the case. Verify if you need this module and configure a polyfill for it.

If you want to include a polyfill, you need to:
	- add a fallback 'resolve.fallback: { "path": require.resolve("path-browserify") }'
	- install 'path-browserify'
If you don't want to include a polyfill, you can use an empty module like this:
	resolve.fallback: { "path": false }

./node_modules/playwright/lib/third_party/tsconfig-loader.js:41:26-41 - Error: Module not found: Error: Can't resolve 'path' in 'C:\Projects\ERP_ASPIRE_APP\erp-frontend-ng\node_modules\playwright\lib\third_party'

BREAKING CHANGE: webpack < 5 used to include polyfills for node.js core modules by default.
This is no longer the case. Verify if you need this module and configure a polyfill for it.

If you want to include a polyfill, you need to:
	- add a fallback 'resolve.fallback: { "path": require.resolve("path-browserify") }'
	- install 'path-browserify'
If you don't want to include a polyfill, you can use an empty module like this:
	resolve.fallback: { "path": false }

./node_modules/playwright/lib/third_party/tsconfig-loader.js:42:24-37 - Error: Module not found: Error: Can't resolve 'fs' in 'C:\Projects\ERP_ASPIRE_APP\erp-frontend-ng\node_modules\playwright\lib\third_party'

./node_modules/playwright/lib/transform/babelBundleImpl.js:23685:11-24 - Error: Module not found: Error: Can't resolve 'os' in 'C:\Projects\ERP_ASPIRE_APP\erp-frontend-ng\node_modules\playwright\lib\transform'

BREAKING CHANGE: webpack < 5 used to include polyfills for node.js core modules by default.
This is no longer the case. Verify if you need this module and configure a polyfill for it.

If you want to include a polyfill, you need to:
	- add a fallback 'resolve.fallback: { "os": require.resolve("os-browserify/browser") }'
	- install 'os-browserify'
If you don't want to include a polyfill, you can use an empty module like this:
	resolve.fallback: { "os": false }

./node_modules/playwright/lib/transform/babelBundleImpl.js:23686:9-23 - Error: Module not found: Error: Can't resolve 'tty' in 'C:\Projects\ERP_ASPIRE_APP\erp-frontend-ng\node_modules\playwright\lib\transform'

BREAKING CHANGE: webpack < 5 used to include polyfills for node.js core modules by default.
This is no longer the case. Verify if you need this module and configure a polyfill for it.

If you want to include a polyfill, you need to:
	- add a fallback 'resolve.fallback: { "tty": require.resolve("tty-browserify") }'
	- install 'tty-browserify'
If you don't want to include a polyfill, you can use an empty module like this:
	resolve.fallback: { "tty": false }

./node_modules/playwright/lib/transform/babelBundleImpl.js:23756:9-24 - Error: Module not found: Error: Can't resolve 'util' in 'C:\Projects\ERP_ASPIRE_APP\erp-frontend-ng\node_modules\playwright\lib\transform'

BREAKING CHANGE: webpack < 5 used to include polyfills for node.js core modules by default.
This is no longer the case. Verify if you need this module and configure a polyfill for it.

If you want to include a polyfill, you need to:
	- add a fallback 'resolve.fallback: { "util": require.resolve("util/") }'
	- install 'util'
If you don't want to include a polyfill, you can use an empty module like this:
	resolve.fallback: { "util": false }

./node_modules/playwright/lib/transform/babelBundleImpl.js:33099:11-28 - Error: Module not found: Error: Can't resolve 'assert' in 'C:\Projects\ERP_ASPIRE_APP\erp-frontend-ng\node_modules\playwright\lib\transform'

BREAKING CHANGE: webpack < 5 used to include polyfills for node.js core modules by default.
This is no longer the case. Verify if you need this module and configure a polyfill for it.

If you want to include a polyfill, you need to:
	- add a fallback 'resolve.fallback: { "assert": require.resolve("assert/") }'
	- install 'assert'
If you don't want to include a polyfill, you can use an empty module like this:
	resolve.fallback: { "assert": false }

./node_modules/playwright/lib/transform/babelBundleImpl.js:33660:11-26 - Error: Module not found: Error: Can't resolve 'path' in 'C:\Projects\ERP_ASPIRE_APP\erp-frontend-ng\node_modules\playwright\lib\transform'

BREAKING CHANGE: webpack < 5 used to include polyfills for node.js core modules by default.
This is no longer the case. Verify if you need this module and configure a polyfill for it.

If you want to include a polyfill, you need to:
	- add a fallback 'resolve.fallback: { "path": require.resolve("path-browserify") }'
	- install 'path-browserify'
If you don't want to include a polyfill, you can use an empty module like this:
	resolve.fallback: { "path": false }

./node_modules/playwright/lib/transform/babelBundleImpl.js:35111:12-25 - Error: Module not found: Error: Can't resolve 'fs' in 'C:\Projects\ERP_ASPIRE_APP\erp-frontend-ng\node_modules\playwright\lib\transform'

./node_modules/playwright/lib/transform/babelBundleImpl.js:50267:12-26 - Error: Module not found: Error: Can't resolve 'url' in 'C:\Projects\ERP_ASPIRE_APP\erp-frontend-ng\node_modules\playwright\lib\transform'

BREAKING CHANGE: webpack < 5 used to include polyfills for node.js core modules by default.
This is no longer the case. Verify if you need this module and configure a polyfill for it.

If you want to include a polyfill, you need to:
	- add a fallback 'resolve.fallback: { "url": require.resolve("url/") }'
	- install 'url'
If you don't want to include a polyfill, you can use an empty module like this:
	resolve.fallback: { "url": false }

./node_modules/playwright/lib/transform/babelBundleImpl.js:50272:2-19 - Error: Module not found: Error: Can't resolve 'module' in 'C:\Projects\ERP_ASPIRE_APP\erp-frontend-ng\node_modules\playwright\lib\transform'

./node_modules/playwright/lib/transform/babelBundleImpl.js:50720:12-25 - Error: Module not found: Error: Can't resolve 'v8' in 'C:\Projects\ERP_ASPIRE_APP\erp-frontend-ng\node_modules\playwright\lib\transform'

./node_modules/playwright/lib/transform/compilationCache.js:57:24-37 - Error: Module not found: Error: Can't resolve 'fs' in 'C:\Projects\ERP_ASPIRE_APP\erp-frontend-ng\node_modules\playwright\lib\transform'

./node_modules/playwright/lib/transform/compilationCache.js:58:24-37 - Error: Module not found: Error: Can't resolve 'os' in 'C:\Projects\ERP_ASPIRE_APP\erp-frontend-ng\node_modules\playwright\lib\transform'

BREAKING CHANGE: webpack < 5 used to include polyfills for node.js core modules by default.
This is no longer the case. Verify if you need this module and configure a polyfill for it.

If you want to include a polyfill, you need to:
	- add a fallback 'resolve.fallback: { "os": require.resolve("os-browserify/browser") }'
	- install 'os-browserify'
If you don't want to include a polyfill, you can use an empty module like this:
	resolve.fallback: { "os": false }

./node_modules/playwright/lib/transform/compilationCache.js:59:26-41 - Error: Module not found: Error: Can't resolve 'path' in 'C:\Projects\ERP_ASPIRE_APP\erp-frontend-ng\node_modules\playwright\lib\transform'

BREAKING CHANGE: webpack < 5 used to include polyfills for node.js core modules by default.
This is no longer the case. Verify if you need this module and configure a polyfill for it.

If you want to include a polyfill, you need to:
	- add a fallback 'resolve.fallback: { "path": require.resolve("path-browserify") }'
	- install 'path-browserify'
If you don't want to include a polyfill, you can use an empty module like this:
	resolve.fallback: { "path": false }

./node_modules/playwright/lib/transform/esmLoader.js:28:24-37 - Error: Module not found: Error: Can't resolve 'fs' in 'C:\Projects\ERP_ASPIRE_APP\erp-frontend-ng\node_modules\playwright\lib\transform'

./node_modules/playwright/lib/transform/esmLoader.js:29:25-39 - Error: Module not found: Error: Can't resolve 'url' in 'C:\Projects\ERP_ASPIRE_APP\erp-frontend-ng\node_modules\playwright\lib\transform'

BREAKING CHANGE: webpack < 5 used to include polyfills for node.js core modules by default.
This is no longer the case. Verify if you need this module and configure a polyfill for it.

If you want to include a polyfill, you need to:
	- add a fallback 'resolve.fallback: { "url": require.resolve("url/") }'
	- install 'url'
If you don't want to include a polyfill, you can use an empty module like this:
	resolve.fallback: { "url": false }

./node_modules/playwright/lib/transform/transform.js:51:24-37 - Error: Module not found: Error: Can't resolve 'fs' in 'C:\Projects\ERP_ASPIRE_APP\erp-frontend-ng\node_modules\playwright\lib\transform'

./node_modules/playwright/lib/transform/transform.js:52:28-45 - Error: Module not found: Error: Can't resolve 'module' in 'C:\Projects\ERP_ASPIRE_APP\erp-frontend-ng\node_modules\playwright\lib\transform'

./node_modules/playwright/lib/transform/transform.js:53:26-41 - Error: Module not found: Error: Can't resolve 'path' in 'C:\Projects\ERP_ASPIRE_APP\erp-frontend-ng\node_modules\playwright\lib\transform'

BREAKING CHANGE: webpack < 5 used to include polyfills for node.js core modules by default.
This is no longer the case. Verify if you need this module and configure a polyfill for it.

If you want to include a polyfill, you need to:
	- add a fallback 'resolve.fallback: { "path": require.resolve("path-browserify") }'
	- install 'path-browserify'
If you don't want to include a polyfill, you can use an empty module like this:
	resolve.fallback: { "path": false }

./node_modules/playwright/lib/transform/transform.js:54:25-39 - Error: Module not found: Error: Can't resolve 'url' in 'C:\Projects\ERP_ASPIRE_APP\erp-frontend-ng\node_modules\playwright\lib\transform'

BREAKING CHANGE: webpack < 5 used to include polyfills for node.js core modules by default.
This is no longer the case. Verify if you need this module and configure a polyfill for it.

If you want to include a polyfill, you need to:
	- add a fallback 'resolve.fallback: { "url": require.resolve("url/") }'
	- install 'url'
If you don't want to include a polyfill, you can use an empty module like this:
	resolve.fallback: { "url": false }

./node_modules/playwright/lib/transform/transform.js:55:28-45 - Error: Module not found: Error: Can't resolve 'crypto' in 'C:\Projects\ERP_ASPIRE_APP\erp-frontend-ng\node_modules\playwright\lib\transform'

BREAKING CHANGE: webpack < 5 used to include polyfills for node.js core modules by default.
This is no longer the case. Verify if you need this module and configure a polyfill for it.

If you want to include a polyfill, you need to:
	- add a fallback 'resolve.fallback: { "crypto": require.resolve("crypto-browserify") }'
	- install 'crypto-browserify'
If you don't want to include a polyfill, you can use an empty module like this:
	resolve.fallback: { "crypto": false }

./node_modules/playwright/lib/util.js:71:24-37 - Error: Module not found: Error: Can't resolve 'fs' in 'C:\Projects\ERP_ASPIRE_APP\erp-frontend-ng\node_modules\playwright\lib'

./node_modules/playwright/lib/util.js:72:26-41 - Error: Module not found: Error: Can't resolve 'path' in 'C:\Projects\ERP_ASPIRE_APP\erp-frontend-ng\node_modules\playwright\lib'

BREAKING CHANGE: webpack < 5 used to include polyfills for node.js core modules by default.
This is no longer the case. Verify if you need this module and configure a polyfill for it.

If you want to include a polyfill, you need to:
	- add a fallback 'resolve.fallback: { "path": require.resolve("path-browserify") }'
	- install 'path-browserify'
If you don't want to include a polyfill, you can use an empty module like this:
	resolve.fallback: { "path": false }

./node_modules/playwright/lib/util.js:73:25-39 - Error: Module not found: Error: Can't resolve 'url' in 'C:\Projects\ERP_ASPIRE_APP\erp-frontend-ng\node_modules\playwright\lib'

BREAKING CHANGE: webpack < 5 used to include polyfills for node.js core modules by default.
This is no longer the case. Verify if you need this module and configure a polyfill for it.

If you want to include a polyfill, you need to:
	- add a fallback 'resolve.fallback: { "url": require.resolve("url/") }'
	- install 'url'
If you don't want to include a polyfill, you can use an empty module like this:
	resolve.fallback: { "url": false }

./node_modules/playwright/lib/util.js:74:26-41 - Error: Module not found: Error: Can't resolve 'util' in 'C:\Projects\ERP_ASPIRE_APP\erp-frontend-ng\node_modules\playwright\lib'
Did you mean './util'?
Requests that should resolve in the current directory need to start with './'.
Requests that start with a name are treated as module requests and resolve within module directories (C:/Projects/ERP_ASPIRE_APP/erp-frontend-ng, node_modules).
If changing the source code is not an option there is also a resolve options called 'preferRelative' which tries to resolve these kind of requests in the current directory too.

BREAKING CHANGE: webpack < 5 used to include polyfills for node.js core modules by default.
This is no longer the case. Verify if you need this module and configure a polyfill for it.

If you want to include a polyfill, you need to:
	- add a fallback 'resolve.fallback: { "util": require.resolve("util/") }'
	- install 'util'
If you don't want to include a polyfill, you can use an empty module like this:
	resolve.fallback: { "util": false }

./node_modules/playwright/lib/utilsBundleImpl.js:1792:9-24 - Error: Module not found: Error: Can't resolve 'path' in 'C:\Projects\ERP_ASPIRE_APP\erp-frontend-ng\node_modules\playwright\lib'

BREAKING CHANGE: webpack < 5 used to include polyfills for node.js core modules by default.
This is no longer the case. Verify if you need this module and configure a polyfill for it.

If you want to include a polyfill, you need to:
	- add a fallback 'resolve.fallback: { "path": require.resolve("path-browserify") }'
	- install 'path-browserify'
If you don't want to include a polyfill, you can use an empty module like this:
	resolve.fallback: { "path": false }

./node_modules/playwright/lib/utilsBundleImpl.js:1795:9-22 - Error: Module not found: Error: Can't resolve 'fs' in 'C:\Projects\ERP_ASPIRE_APP\erp-frontend-ng\node_modules\playwright\lib'

./node_modules/playwright/lib/utilsBundleImpl.js:2064:11-27 - Error: Module not found: Error: Can't resolve 'https' in 'C:\Projects\ERP_ASPIRE_APP\erp-frontend-ng\node_modules\playwright\lib'

BREAKING CHANGE: webpack < 5 used to include polyfills for node.js core modules by default.
This is no longer the case. Verify if you need this module and configure a polyfill for it.

If you want to include a polyfill, you need to:
	- add a fallback 'resolve.fallback: { "https": require.resolve("https-browserify") }'
	- install 'https-browserify'
If you don't want to include a polyfill, you can use an empty module like this:
	resolve.fallback: { "https": false }

./node_modules/playwright/lib/utilsBundleImpl.js:2477:11-30 - Error: Module not found: Error: Can't resolve 'readline' in 'C:\Projects\ERP_ASPIRE_APP\erp-frontend-ng\node_modules\playwright\lib'

./node_modules/playwright/lib/utilsBundleImpl.js:5510:11-28 - Error: Module not found: Error: Can't resolve 'assert' in 'C:\Projects\ERP_ASPIRE_APP\erp-frontend-ng\node_modules\playwright\lib'

BREAKING CHANGE: webpack < 5 used to include polyfills for node.js core modules by default.
This is no longer the case. Verify if you need this module and configure a polyfill for it.

If you want to include a polyfill, you need to:
	- add a fallback 'resolve.fallback: { "assert": require.resolve("assert/") }'
	- install 'assert'
If you don't want to include a polyfill, you can use an empty module like this:
	resolve.fallback: { "assert": false }

./node_modules/playwright/lib/utilsBundleImpl.js:6776:8-25 - Error: Module not found: Error: Can't resolve 'stream' in 'C:\Projects\ERP_ASPIRE_APP\erp-frontend-ng\node_modules\playwright\lib'

BREAKING CHANGE: webpack < 5 used to include polyfills for node.js core modules by default.
This is no longer the case. Verify if you need this module and configure a polyfill for it.

If you want to include a polyfill, you need to:
	- add a fallback 'resolve.fallback: { "stream": require.resolve("stream-browserify") }'
	- install 'stream-browserify'
If you don't want to include a polyfill, you can use an empty module like this:
	resolve.fallback: { "stream": false }

./node_modules/playwright/lib/utilsBundleImpl.js:6780:8-23 - Error: Module not found: Error: Can't resolve 'util' in 'C:\Projects\ERP_ASPIRE_APP\erp-frontend-ng\node_modules\playwright\lib'
Did you mean './util'?
Requests that should resolve in the current directory need to start with './'.
Requests that start with a name are treated as module requests and resolve within module directories (C:/Projects/ERP_ASPIRE_APP/erp-frontend-ng, node_modules).
If changing the source code is not an option there is also a resolve options called 'preferRelative' which tries to resolve these kind of requests in the current directory too.

BREAKING CHANGE: webpack < 5 used to include polyfills for node.js core modules by default.
This is no longer the case. Verify if you need this module and configure a polyfill for it.

If you want to include a polyfill, you need to:
	- add a fallback 'resolve.fallback: { "util": require.resolve("util/") }'
	- install 'util'
If you don't want to include a polyfill, you can use an empty module like this:
	resolve.fallback: { "util": false }

./node_modules/playwright/lib/utilsBundleImpl.js:7102:9-31 - Error: Module not found: Error: Can't resolve 'os' in 'C:\Projects\ERP_ASPIRE_APP\erp-frontend-ng\node_modules\playwright\lib'

BREAKING CHANGE: webpack < 5 used to include polyfills for node.js core modules by default.
This is no longer the case. Verify if you need this module and configure a polyfill for it.

If you want to include a polyfill, you need to:
	- add a fallback 'resolve.fallback: { "os": require.resolve("os-browserify/browser") }'
	- install 'os-browserify'
If you don't want to include a polyfill, you can use an empty module like this:
	resolve.fallback: { "os": false }

./node_modules/playwright/lib/worker/testInfo.js:45:24-37 - Error: Module not found: Error: Can't resolve 'fs' in 'C:\Projects\ERP_ASPIRE_APP\erp-frontend-ng\node_modules\playwright\lib\worker'

./node_modules/playwright/lib/worker/testInfo.js:46:26-41 - Error: Module not found: Error: Can't resolve 'path' in 'C:\Projects\ERP_ASPIRE_APP\erp-frontend-ng\node_modules\playwright\lib\worker'

BREAKING CHANGE: webpack < 5 used to include polyfills for node.js core modules by default.
This is no longer the case. Verify if you need this module and configure a polyfill for it.

If you want to include a polyfill, you need to:
	- add a fallback 'resolve.fallback: { "path": require.resolve("path-browserify") }'
	- install 'path-browserify'
If you don't want to include a polyfill, you can use an empty module like this:
	resolve.fallback: { "path": false }

./node_modules/playwright/lib/worker/testTracing.js:43:24-37 - Error: Module not found: Error: Can't resolve 'fs' in 'C:\Projects\ERP_ASPIRE_APP\erp-frontend-ng\node_modules\playwright\lib\worker'

./node_modules/playwright/lib/worker/testTracing.js:44:26-41 - Error: Module not found: Error: Can't resolve 'path' in 'C:\Projects\ERP_ASPIRE_APP\erp-frontend-ng\node_modules\playwright\lib\worker'

BREAKING CHANGE: webpack < 5 used to include polyfills for node.js core modules by default.
This is no longer the case. Verify if you need this module and configure a polyfill for it.

If you want to include a polyfill, you need to:
	- add a fallback 'resolve.fallback: { "path": require.resolve("path-browserify") }'
	- install 'path-browserify'
If you don't want to include a polyfill, you can use an empty module like this:
	resolve.fallback: { "path": false }

./node_modules/playwright-core/lib/server/chromium/appIcon.png:1:0 - Error: Module parse failed: Unexpected character '´┐¢' (1:0)
You may need an appropriate loader to handle this file type, currently no loaders are configured to process this file. See https://webpack.js.org/concepts#loaders
(Source code omitted for this binary file)

./node_modules/playwright-core/lib/vite/recorder/assets/codeMirrorModule-C3UTv-Ge.css:1:0 - Error: Module parse failed: Unexpected token (1:0)
You may need an appropriate loader to handle this file type, currently no loaders are configured to process this file. See https://webpack.js.org/concepts#loaders
> .CodeMirror{font-family:monospace;height:300px;color:#000;direction:ltr}.CodeMirror-lines{padding:4px 0}.CodeMirror pre.CodeMirror-line,.CodeMirror pre.CodeMirror-line-like{padding:0 4px}.CodeMirror-scrollbar-filler,.CodeMirror-gutter-filler{background-color:#fff}.CodeMirror-gutters{border-right:1px solid #ddd;background-color:#f7f7f7;white-space:nowrap}.CodeMirror-linenumber{padding:0 3px 0 5px;min-width:20px;text-align:right;color:#999;white-space:nowrap}.CodeMirror-guttermarker{color:#000}.CodeMirror-guttermarker-subtle{color:#999}.CodeMirror-cursor{border-left:1px solid black;border-right:none;width:0}.CodeMirror div.CodeMirror-secondarycursor{border-left:1px solid silver}.cm-fat-cursor .CodeMirror-cursor{width:auto;border:0!important;background:#7e7}.cm-fat-cursor div.CodeMirror-cursors{z-index:1}.cm-fat-cursor .CodeMirror-line::selection,.cm-fat-cursor .CodeMirror-line>span::selection,.cm-fat-cursor .CodeMirror-line>span>span::selection{background:transparent}.cm-fat-cursor .CodeMirror-line::-moz-selection,.cm-fat-cursor .CodeMirror-line>span::-moz-selection,.cm-fat-cursor .CodeMirror-line>span>span::-moz-selection{background:transparent}.cm-fat-cursor{caret-color:transparent}@-moz-keyframes blink{50%{background-color:transparent}}@-webkit-keyframes blink{50%{background-color:transparent}}@keyframes blink{50%{background-color:transparent}}.cm-tab{display:inline-block;text-decoration:inherit}.CodeMirror-rulers{position:absolute;left:0;right:0;top:-50px;bottom:0;overflow:hidden}.CodeMirror-ruler{border-left:1px solid #ccc;top:0;bottom:0;position:absolute}.cm-s-default .cm-header{color:#00f}.cm-s-default .cm-quote{color:#090}.cm-negative{color:#d44}.cm-positive{color:#292}.cm-header,.cm-strong{font-weight:700}.cm-em{font-style:italic}.cm-link{text-decoration:underline}.cm-strikethrough{text-decoration:line-through}.cm-s-default .cm-keyword{color:#708}.cm-s-default .cm-atom{color:#219}.cm-s-default .cm-number{color:#164}.cm-s-default .cm-def{color:#00f}.cm-s-default .cm-variable-2{color:#05a}.cm-s-default .cm-variable-3,.cm-s-default .cm-type{color:#085}.cm-s-default .cm-comment{color:#a50}.cm-s-default .cm-string{color:#a11}.cm-s-default .cm-string-2{color:#f50}.cm-s-default .cm-meta,.cm-s-default .cm-qualifier{color:#555}.cm-s-default .cm-builtin{color:#30a}.cm-s-default .cm-bracket{color:#997}.cm-s-default .cm-tag{color:#170}.cm-s-default .cm-attribute{color:#00c}.cm-s-default .cm-hr{color:#999}.cm-s-default .cm-link{color:#00c}.cm-s-default .cm-error,.cm-invalidchar{color:red}.CodeMirror-composing{border-bottom:2px solid}div.CodeMirror span.CodeMirror-matchingbracket{color:#0b0}div.CodeMirror span.CodeMirror-nonmatchingbracket{color:#a22}.CodeMirror-matchingtag{background:#ff96004d}.CodeMirror-activeline-background{background:#e8f2ff}.CodeMirror{position:relative;overflow:hidden;background:#fff}.CodeMirror-scroll{overflow:scroll!important;margin-bottom:-50px;margin-right:-50px;padding-bottom:50px;height:100%;outline:none;position:relative;z-index:0}.CodeMirror-sizer{position:relative;border-right:50px solid transparent}.CodeMirror-vscrollbar,.CodeMirror-hscrollbar,.CodeMirror-scrollbar-filler,.CodeMirror-gutter-filler{position:absolute;z-index:6;display:none;outline:none}.CodeMirror-vscrollbar{right:0;top:0;overflow-x:hidden;overflow-y:scroll}.CodeMirror-hscrollbar{bottom:0;left:0;overflow-y:hidden;overflow-x:scroll}.CodeMirror-scrollbar-filler{right:0;bottom:0}.CodeMirror-gutter-filler{left:0;bottom:0}.CodeMirror-gutters{position:absolute;left:0;top:0;min-height:100%;z-index:3}.CodeMirror-gutter{white-space:normal;height:100%;display:inline-block;vertical-align:top;margin-bottom:-50px}.CodeMirror-gutter-wrapper{position:absolute;z-index:4;background:none!important;border:none!important}.CodeMirror-gutter-background{position:absolute;top:0;bottom:0;z-index:4}.CodeMirror-gutter-elt{position:absolute;cursor:default;z-index:4}.CodeMirror-gutter-wrapper ::selection{background-color:transparent}.CodeMirror-gutter-wrapper ::-moz-selection{background-color:transparent}.CodeMirror-lines{cursor:text;min-height:1px}.CodeMirror pre.CodeMirror-line,.CodeMirror pre.CodeMirror-line-like{-moz-border-radius:0;-webkit-border-radius:0;border-radius:0;border-width:0;background:transparent;font-family:inherit;font-size:inherit;margin:0;white-space:pre;word-wrap:normal;line-height:inherit;color:inherit;z-index:2;position:relative;overflow:visible;-webkit-tap-highlight-color:transparent;-webkit-font-variant-ligatures:contextual;font-variant-ligatures:contextual}.CodeMirror-wrap pre.CodeMirror-line,.CodeMirror-wrap pre.CodeMirror-line-like{word-wrap:break-word;white-space:pre-wrap;word-break:normal}.CodeMirror-linebackground{position:absolute;left:0;right:0;top:0;bottom:0;z-index:0}.CodeMirror-linewidget{position:relative;z-index:2;padding:.1px}.CodeMirror-rtl pre{direction:rtl}.CodeMirror-code{outline:none}.CodeMirror-scroll,.CodeMirror-sizer,.CodeMirror-gutter,.CodeMirror-gutters,.CodeMirror-linenumber{-moz-box-sizing:content-box;box-sizing:content-box}.CodeMirror-measure{position:absolute;width:100%;height:0;overflow:hidden;visibility:hidden}.CodeMirror-cursor{position:absolute;pointer-events:none}.CodeMirror-measure pre{position:static}div.CodeMirror-cursors{visibility:hidden;position:relative;z-index:3}div.CodeMirror-dragcursors,.CodeMirror-focused div.CodeMirror-cursors{visibility:visible}.CodeMirror-selected{background:#d9d9d9}.CodeMirror-focused .CodeMirror-selected{background:#d7d4f0}.CodeMirror-crosshair{cursor:crosshair}.CodeMirror-line::selection,.CodeMirror-line>span::selection,.CodeMirror-line>span>span::selection{background:#d7d4f0}.CodeMirror-line::-moz-selection,.CodeMirror-line>span::-moz-selection,.CodeMirror-line>span>span::-moz-selection{background:#d7d4f0}.cm-searching{background-color:#ffa;background-color:#ff06}.cm-force-border{padding-right:.1px}@media print{.CodeMirror div.CodeMirror-cursors{visibility:hidden}}.cm-tab-wrap-hack:after{content:""}span.CodeMirror-selectedtext{background:none}
| 

./node_modules/playwright-core/lib/vite/recorder/assets/codicon-DCmgc-ay.ttf:1:0 - Error: Module parse failed: Unexpected character ' ' (1:0)
You may need an appropriate loader to handle this file type, currently no loaders are configured to process this file. See https://webpack.js.org/concepts#loaders
(Source code omitted for this binary file)

./node_modules/playwright-core/lib/vite/recorder/assets/index-Ri0uHF7I.css:1:0 - Error: Module parse failed: Unexpected token (1:0)
You may need an appropriate loader to handle this file type, currently no loaders are configured to process this file. See https://webpack.js.org/concepts#loaders
> :root{color-scheme:light dark}body{--transparent-blue: #2196F355;--light-pink: #ff69b460;--gray: #888888;--sidebar-width: 250px;--box-shadow: rgba(0, 0, 0, .133) 0px 1.6px 3.6px 0px, rgba(0, 0, 0, .11) 0px .3px .9px 0px}html,body{width:100%;height:100%;padding:0;margin:0;overflow:hidden;display:flex;overscroll-behavior-x:none}#root{width:100%;height:100%;display:flex}body,dialog{background-color:var(--vscode-panel-background);color:var(--vscode-foreground);font-family:var(--vscode-font-family);font-weight:var(--vscode-font-weight);font-size:var(--vscode-font-size);-webkit-font-smoothing:antialiased}a{color:var(--vscode-textLink-foreground)}dialog{border:none;padding:0;box-shadow:var(--box-shadow);line-height:28px;max-width:400px}dialog .title{display:flex;align-items:center;margin:0;padding:0 5px;height:32px;background-color:var(--vscode-sideBar-background);max-width:400px}dialog .title .codicon{margin-right:3px}dialog .body{padding:10px;text-align:center}.button{color:var(--vscode-button-foreground);background:var(--vscode-button-background);margin:10px;border:none;height:28px;min-width:40px;cursor:pointer;-webkit-user-select:none;user-select:none}.button:focus{outline:1px solid var(--vscode-focusBorder)}.button:hover{background:var(--vscode-button-hoverBackground)}.button.secondary{color:var(--vscode-button-secondaryForeground);background:var(--vscode-button-secondaryBackground)}.button.secondary:hover{background:var(--vscode-button-secondaryHoverBackground)}*{box-sizing:border-box;min-width:0;min-height:0}*[hidden],.hidden{display:none!important}.invisible{visibility:hidden!important}svg{fill:currentColor}.vbox{display:flex;flex-direction:column;flex:auto;position:relative}.fill{position:absolute;top:0;right:0;bottom:0;left:0}.hbox{display:flex;flex:auto;position:relative}.spacer{flex:auto}.codicon-check{color:var(--vscode-charts-green)}.codicon-error{color:var(--vscode-errorForeground)}.codicon-warning{color:var(--vscode-list-warningForeground)}.codicon-circle-outline{color:var(--vscode-disabledForeground)}input[type=text],input[type=search]{color:var(--vscode-input-foreground);background-color:var(--vscode-input-background);border:none;outline:none}.codicon-loading{animation:spin 1s infinite linear}::placeholder{color:var(--vscode-input-placeholderForeground)}@keyframes spin{to{transform:rotate(360deg)}}@font-face{font-family:codicon;src:url(/assets/codicon-DCmgc-ay.ttf) format("truetype")}.codicon{font: 16px/1 codicon;flex:none;display:inline-block;text-decoration:none;text-rendering:auto;text-align:center;-webkit-font-smoothing:antialiased;-moz-osx-font-smoothing:grayscale;-webkit-user-select:none;-moz-user-select:none;-ms-user-select:none;user-select:none}.codicon-add:before{content:"¯®á"}.codicon-plus:before{content:"¯®á"}.codicon-gist-new:before{content:"¯®á"}.codicon-repo-create:before{content:"¯®á"}.codicon-lightbulb:before{content:"¯®í"}.codicon-light-bulb:before{content:"¯®í"}.codicon-repo:before{content:"¯®ó"}.codicon-repo-delete:before{content:"¯®ó"}.codicon-gist-fork:before{content:"¯®ú"}.codicon-repo-forked:before{content:"¯®ú"}.codicon-git-pull-request:before{content:"¯®ñ"}.codicon-git-pull-request-abandoned:before{content:"¯®ñ"}.codicon-record-keys:before{content:"¯®Ñ"}.codicon-keyboard:before{content:"¯®Ñ"}.codicon-tag:before{content:"¯®ª"}.codicon-git-pull-request-label:before{content:"¯®ª"}.codicon-tag-add:before{content:"¯®ª"}.codicon-tag-remove:before{content:"¯®ª"}.codicon-person:before{content:"¯®º"}.codicon-person-follow:before{content:"¯®º"}.codicon-person-outline:before{content:"¯®º"}.codicon-person-filled:before{content:"¯®º"}.codicon-git-branch:before{content:"¯®¿"}.codicon-git-branch-create:before{content:"¯®¿"}.codicon-git-branch-delete:before{content:"¯®¿"}.codicon-source-control:before{content:"¯®¿"}.codicon-mirror:before{content:"¯®®"}.codicon-mirror-public:before{content:"¯®®"}.codicon-star:before{content:"¯®¬"}.codicon-star-add:before{content:"¯®¬"}.codicon-star-delete:before{content:"¯®¬"}.codicon-star-empty:before{content:"¯®¬"}.codicon-comment:before{content:"¯®½"}.codicon-comment-add:before{content:"¯®½"}.codicon-alert:before{content:"¯®¼"}.codicon-warning:before{content:"¯®¼"}.codicon-search:before{content:"¯®¡"}.codicon-search-save:before{content:"¯®¡"}.codicon-log-out:before{content:"¯®«"}.codicon-sign-out:before{content:"¯®«"}.codicon-log-in:before{content:"¯®»"}.codicon-sign-in:before{content:"¯®»"}.codicon-eye:before{content:"¯®░"}.codicon-eye-unwatch:before{content:"¯®░"}.codicon-eye-watch:before{content:"¯®░"}.codicon-circle-filled:before{content:"¯®▒"}.codicon-primitive-dot:before{content:"¯®▒"}.codicon-close-dirty:before{content:"¯®▒"}.codicon-debug-breakpoint:before{content:"¯®▒"}.codicon-debug-breakpoint-disabled:before{content:"¯®▒"}.codicon-debug-hint:before{content:"¯®▒"}.codicon-terminal-decoration-success:before{content:"¯®▒"}.codicon-primitive-square:before{content:"¯®▓"}.codicon-edit:before{content:"¯®│"}.codicon-pencil:before{content:"¯®│"}.codicon-info:before{content:"¯®┤"}.codicon-issue-opened:before{content:"¯®┤"}.codicon-gist-private:before{content:"¯®Á"}.codicon-git-fork-private:before{content:"¯®Á"}.codicon-lock:before{content:"¯®Á"}.codicon-mirror-private:before{content:"¯®Á"}.codicon-close:before{content:"¯®Â"}.codicon-remove-close:before{content:"¯®Â"}.codicon-x:before{content:"¯®Â"}.codicon-repo-sync:before{content:"¯®À"}.codicon-sync:before{content:"¯®À"}.codicon-clone:before{content:"¯®©"}.codicon-desktop-download:before{content:"¯®©"}.codicon-beaker:before{content:"¯®╣"}.codicon-microscope:before{content:"¯®╣"}.codicon-vm:before{content:"¯®║"}.codicon-device-desktop:before{content:"¯®║"}.codicon-file:before{content:"¯®╗"}.codicon-file-text:before{content:"¯®╗"}.codicon-more:before{content:"¯®╝"}.codicon-ellipsis:before{content:"¯®╝"}.codicon-kebab-horizontal:before{content:"¯®╝"}.codicon-mail-reply:before{content:"¯®¢"}.codicon-reply:before{content:"¯®¢"}.codicon-organization:before{content:"¯®¥"}.codicon-organization-filled:before{content:"¯®¥"}.codicon-organization-outline:before{content:"¯®¥"}.codicon-new-file:before{content:"¯®┐"}.codicon-file-add:before{content:"¯®┐"}.codicon-new-folder:before{content:"¯¬Ç"}.codicon-file-directory-create:before{content:"¯¬Ç"}.codicon-trash:before{content:"¯¬ü"}.codicon-trashcan:before{content:"¯¬ü"}.codicon-history:before{content:"¯¬é"}.codicon-clock:before{content:"¯¬é"}.codicon-folder:before{content:"¯¬â"}.codicon-file-directory:before{content:"¯¬â"}.codicon-symbol-folder:before{content:"¯¬â"}.codicon-logo-github:before{content:"¯¬ä"}.codicon-mark-github:before{content:"¯¬ä"}.codicon-github:before{content:"¯¬ä"}.codicon-terminal:before{content:"¯¬à"}.codicon-console:before{content:"¯¬à"}.codicon-repl:before{content:"¯¬à"}.codicon-zap:before{content:"¯¬å"}.codicon-symbol-event:before{content:"¯¬å"}.codicon-error:before{content:"¯¬ç"}.codicon-stop:before{content:"¯¬ç"}.codicon-variable:before{content:"¯¬ê"}.codicon-symbol-variable:before{content:"¯¬ê"}.codicon-array:before{content:"¯¬è"}.codicon-symbol-array:before{content:"¯¬è"}.codicon-symbol-module:before{content:"¯¬ï"}.codicon-symbol-package:before{content:"¯¬ï"}.codicon-symbol-namespace:before{content:"¯¬ï"}.codicon-symbol-object:before{content:"¯¬ï"}.codicon-symbol-method:before{content:"¯¬î"}.codicon-symbol-function:before{content:"¯¬î"}.codicon-symbol-constructor:before{content:"¯¬î"}.codicon-symbol-boolean:before{content:"¯¬Å"}.codicon-symbol-null:before{content:"¯¬Å"}.codicon-symbol-numeric:before{content:"¯¬É"}.codicon-symbol-number:before{content:"¯¬É"}.codicon-symbol-structure:before{content:"¯¬æ"}.codicon-symbol-struct:before{content:"¯¬æ"}.codicon-symbol-parameter:before{content:"¯¬Æ"}.codicon-symbol-type-parameter:before{content:"¯¬Æ"}.codicon-symbol-key:before{content:"¯¬ô"}.codicon-symbol-text:before{content:"¯¬ô"}.codicon-symbol-reference:before{content:"¯¬ö"}.codicon-go-to-file:before{content:"¯¬ö"}.codicon-symbol-enum:before{content:"¯¬ò"}.codicon-symbol-value:before{content:"¯¬ò"}.codicon-symbol-ruler:before{content:"¯¬û"}.codicon-symbol-unit:before{content:"¯¬û"}.codicon-activate-breakpoints:before{content:"¯¬ù"}.codicon-archive:before{content:"¯¬ÿ"}.codicon-arrow-both:before{content:"¯¬Ö"}.codicon-arrow-down:before{content:"¯¬Ü"}.codicon-arrow-left:before{content:"¯¬ø"}.codicon-arrow-right:before{content:"¯¬£"}.codicon-arrow-small-down:before{content:"¯¬Ø"}.codicon-arrow-small-left:before{content:"¯¬×"}.codicon-arrow-small-right:before{content:"¯¬ƒ"}.codicon-arrow-small-up:before{content:"¯¬á"}.codicon-arrow-up:before{content:"¯¬í"}.codicon-bell:before{content:"¯¬ó"}.codicon-bold:before{content:"¯¬ú"}.codicon-book:before{content:"¯¬ñ"}.codicon-bookmark:before{content:"¯¬Ñ"}.codicon-debug-breakpoint-conditional-unverified:before{content:"¯¬ª"}.codicon-debug-breakpoint-conditional:before{content:"¯¬º"}.codicon-debug-breakpoint-conditional-disabled:before{content:"¯¬º"}.codicon-debug-breakpoint-data-unverified:before{content:"¯¬¿"}.codicon-debug-breakpoint-data:before{content:"¯¬®"}.codicon-debug-breakpoint-data-disabled:before{content:"¯¬®"}.codicon-debug-breakpoint-log-unverified:before{content:"¯¬¬"}.codicon-debug-breakpoint-log:before{content:"¯¬½"}.codicon-debug-breakpoint-log-disabled:before{content:"¯¬½"}.codicon-briefcase:before{content:"¯¬¼"}.codicon-broadcast:before{content:"¯¬¡"}.codicon-browser:before{content:"¯¬«"}.codicon-bug:before{content:"¯¬»"}.codicon-calendar:before{content:"¯¬░"}.codicon-case-sensitive:before{content:"¯¬▒"}.codicon-check:before{content:"¯¬▓"}.codicon-checklist:before{content:"¯¬│"}.codicon-chevron-down:before{content:"¯¬┤"}.codicon-chevron-left:before{content:"¯¬Á"}.codicon-chevron-right:before{content:"¯¬Â"}.codicon-chevron-up:before{content:"¯¬À"}.codicon-chrome-close:before{content:"¯¬©"}.codicon-chrome-maximize:before{content:"¯¬╣"}.codicon-chrome-minimize:before{content:"¯¬║"}.codicon-chrome-restore:before{content:"¯¬╗"}.codicon-circle-outline:before{content:"¯¬╝"}.codicon-circle:before{content:"¯¬╝"}.codicon-debug-breakpoint-unverified:before{content:"¯¬╝"}.codicon-terminal-decoration-incomplete:before{content:"¯¬╝"}.codicon-circle-slash:before{content:"¯¬¢"}.codicon-circuit-board:before{content:"¯¬¥"}.codicon-clear-all:before{content:"¯¬┐"}.codicon-clippy:before{content:"¯½Ç"}.codicon-close-all:before{content:"¯½ü"}.codicon-cloud-download:before{content:"¯½é"}.codicon-cloud-upload:before{content:"¯½â"}.codicon-code:before{content:"¯½ä"}.codicon-collapse-all:before{content:"¯½à"}.codicon-color-mode:before{content:"¯½å"}.codicon-comment-discussion:before{content:"¯½ç"}.codicon-credit-card:before{content:"¯½ë"}.codicon-dash:before{content:"¯½î"}.codicon-dashboard:before{content:"¯½ì"}.codicon-database:before{content:"¯½Ä"}.codicon-debug-continue:before{content:"¯½Å"}.codicon-debug-disconnect:before{content:"¯½É"}.codicon-debug-pause:before{content:"¯½æ"}.codicon-debug-restart:before{content:"¯½Æ"}.codicon-debug-start:before{content:"¯½ô"}.codicon-debug-step-into:before{content:"¯½ö"}.codicon-debug-step-out:before{content:"¯½ò"}.codicon-debug-step-over:before{content:"¯½û"}.codicon-debug-stop:before{content:"¯½ù"}.codicon-debug:before{content:"¯½ÿ"}.codicon-device-camera-video:before{content:"¯½Ö"}.codicon-device-camera:before{content:"¯½Ü"}.codicon-device-mobile:before{content:"¯½ø"}.codicon-diff-added:before{content:"¯½£"}.codicon-diff-ignored:before{content:"¯½Ø"}.codicon-diff-modified:before{content:"¯½×"}.codicon-diff-removed:before{content:"¯½ƒ"}.codicon-diff-renamed:before{content:"¯½á"}.codicon-diff:before{content:"¯½í"}.codicon-diff-sidebyside:before{content:"¯½í"}.codicon-discard:before{content:"¯½ó"}.codicon-editor-layout:before{content:"¯½ú"}.codicon-empty-window:before{content:"¯½ñ"}.codicon-exclude:before{content:"¯½Ñ"}.codicon-extensions:before{content:"¯½ª"}.codicon-eye-closed:before{content:"¯½º"}.codicon-file-binary:before{content:"¯½¿"}.codicon-file-code:before{content:"¯½®"}.codicon-file-media:before{content:"¯½¬"}.codicon-file-pdf:before{content:"¯½½"}.codicon-file-submodule:before{content:"¯½¼"}.codicon-file-symlink-directory:before{content:"¯½¡"}.codicon-file-symlink-file:before{content:"¯½«"}.codicon-file-zip:before{content:"¯½»"}.codicon-files:before{content:"¯½░"}.codicon-filter:before{content:"¯½▒"}.codicon-flame:before{content:"¯½▓"}.codicon-fold-down:before{content:"¯½│"}.codicon-fold-up:before{content:"¯½┤"}.codicon-fold:before{content:"¯½Á"}.codicon-folder-active:before{content:"¯½Â"}.codicon-folder-opened:before{content:"¯½À"}.codicon-gear:before{content:"¯½©"}.codicon-gift:before{content:"¯½╣"}.codicon-gist-secret:before{content:"¯½║"}.codicon-gist:before{content:"¯½╗"}.codicon-git-commit:before{content:"¯½╝"}.codicon-git-compare:before{content:"¯½¢"}.codicon-compare-changes:before{content:"¯½¢"}.codicon-git-merge:before{content:"¯½¥"}.codicon-github-action:before{content:"¯½┐"}.codicon-github-alt:before{content:"¯¼Ç"}.codicon-globe:before{content:"¯¼ü"}.codicon-grabber:before{content:"¯¼é"}.codicon-graph:before{content:"¯¼â"}.codicon-gripper:before{content:"¯¼ä"}.codicon-heart:before{content:"¯¼à"}.codicon-home:before{content:"¯¼å"}.codicon-horizontal-rule:before{content:"¯¼ç"}.codicon-hubot:before{content:"¯¼ê"}.codicon-inbox:before{content:"¯¼ë"}.codicon-issue-reopened:before{content:"¯¼ï"}.codicon-issues:before{content:"¯¼î"}.codicon-italic:before{content:"¯¼ì"}.codicon-jersey:before{content:"¯¼Ä"}.codicon-json:before{content:"¯¼Å"}.codicon-kebab-vertical:before{content:"¯¼É"}.codicon-key:before{content:"¯¼æ"}.codicon-law:before{content:"¯¼Æ"}.codicon-lightbulb-autofix:before{content:"¯¼ô"}.codicon-link-external:before{content:"¯¼ö"}.codicon-link:before{content:"¯¼ò"}.codicon-list-ordered:before{content:"¯¼û"}.codicon-list-unordered:before{content:"¯¼ù"}.codicon-live-share:before{content:"¯¼ÿ"}.codicon-loading:before{content:"¯¼Ö"}.codicon-location:before{content:"¯¼Ü"}.codicon-mail-read:before{content:"¯¼ø"}.codicon-mail:before{content:"¯¼£"}.codicon-markdown:before{content:"¯¼Ø"}.codicon-megaphone:before{content:"¯¼×"}.codicon-mention:before{content:"¯¼ƒ"}.codicon-milestone:before{content:"¯¼á"}.codicon-git-pull-request-milestone:before{content:"¯¼á"}.codicon-mortar-board:before{content:"¯¼í"}.codicon-move:before{content:"¯¼ó"}.codicon-multiple-windows:before{content:"¯¼ú"}.codicon-mute:before{content:"¯¼ñ"}.codicon-no-newline:before{content:"¯¼Ñ"}.codicon-note:before{content:"¯¼ª"}.codicon-octoface:before{content:"¯¼º"}.codicon-open-preview:before{content:"¯¼¿"}.codicon-package:before{content:"¯¼®"}.codicon-paintcan:before{content:"¯¼¬"}.codicon-pin:before{content:"¯¼½"}.codicon-play:before{content:"¯¼¼"}.codicon-run:before{content:"¯¼¼"}.codicon-plug:before{content:"¯¼¡"}.codicon-preserve-case:before{content:"¯¼«"}.codicon-preview:before{content:"¯¼»"}.codicon-project:before{content:"¯¼░"}.codicon-pulse:before{content:"¯¼▒"}.codicon-question:before{content:"¯¼▓"}.codicon-quote:before{content:"¯¼│"}.codicon-radio-tower:before{content:"¯¼┤"}.codicon-reactions:before{content:"¯¼Á"}.codicon-references:before{content:"¯¼Â"}.codicon-refresh:before{content:"¯¼À"}.codicon-regex:before{content:"¯¼©"}.codicon-remote-explorer:before{content:"¯¼╣"}.codicon-remote:before{content:"¯¼║"}.codicon-remove:before{content:"¯¼╗"}.codicon-replace-all:before{content:"¯¼╝"}.codicon-replace:before{content:"¯¼¢"}.codicon-repo-clone:before{content:"¯¼¥"}.codicon-repo-force-push:before{content:"¯¼┐"}.codicon-repo-pull:before{content:"¯¡Ç"}.codicon-repo-push:before{content:"¯¡ü"}.codicon-report:before{content:"¯¡é"}.codicon-request-changes:before{content:"¯¡â"}.codicon-rocket:before{content:"¯¡ä"}.codicon-root-folder-opened:before{content:"¯¡à"}.codicon-root-folder:before{content:"¯¡å"}.codicon-rss:before{content:"¯¡ç"}.codicon-ruby:before{content:"¯¡ê"}.codicon-save-all:before{content:"¯¡ë"}.codicon-save-as:before{content:"¯¡è"}.codicon-save:before{content:"¯¡ï"}.codicon-screen-full:before{content:"¯¡î"}.codicon-screen-normal:before{content:"¯¡ì"}.codicon-search-stop:before{content:"¯¡Ä"}.codicon-server:before{content:"¯¡É"}.codicon-settings-gear:before{content:"¯¡æ"}.codicon-settings:before{content:"¯¡Æ"}.codicon-shield:before{content:"¯¡ô"}.codicon-smiley:before{content:"¯¡ö"}.codicon-sort-precedence:before{content:"¯¡ò"}.codicon-split-horizontal:before{content:"¯¡û"}.codicon-split-vertical:before{content:"¯¡ù"}.codicon-squirrel:before{content:"¯¡ÿ"}.codicon-star-full:before{content:"¯¡Ö"}.codicon-star-half:before{content:"¯¡Ü"}.codicon-symbol-class:before{content:"¯¡ø"}.codicon-symbol-color:before{content:"¯¡£"}.codicon-symbol-constant:before{content:"¯¡Ø"}.codicon-symbol-enum-member:before{content:"¯¡×"}.codicon-symbol-field:before{content:"¯¡ƒ"}.codicon-symbol-file:before{content:"¯¡á"}.codicon-symbol-interface:before{content:"¯¡í"}.codicon-symbol-keyword:before{content:"¯¡ó"}.codicon-symbol-misc:before{content:"¯¡ú"}.codicon-symbol-operator:before{content:"¯¡ñ"}.codicon-symbol-property:before{content:"¯¡Ñ"}.codicon-wrench:before{content:"¯¡Ñ"}.codicon-wrench-subaction:before{content:"¯¡Ñ"}.codicon-symbol-snippet:before{content:"¯¡ª"}.codicon-tasklist:before{content:"¯¡º"}.codicon-telescope:before{content:"¯¡¿"}.codicon-text-size:before{content:"¯¡®"}.codicon-three-bars:before{content:"¯¡¬"}.codicon-thumbsdown:before{content:"¯¡½"}.codicon-thumbsup:before{content:"¯¡¼"}.codicon-tools:before{content:"¯¡¡"}.codicon-triangle-down:before{content:"¯¡«"}.codicon-triangle-left:before{content:"¯¡»"}.codicon-triangle-right:before{content:"¯¡░"}.codicon-triangle-up:before{content:"¯¡▒"}.codicon-twitter:before{content:"¯¡▓"}.codicon-unfold:before{content:"¯¡│"}.codicon-unlock:before{content:"¯¡┤"}.codicon-unmute:before{content:"¯¡Á"}.codicon-unverified:before{content:"¯¡Â"}.codicon-verified:before{content:"¯¡À"}.codicon-versions:before{content:"¯¡©"}.codicon-vm-active:before{content:"¯¡╣"}.codicon-vm-outline:before{content:"¯¡║"}.codicon-vm-running:before{content:"¯¡╗"}.codicon-watch:before{content:"¯¡╝"}.codicon-whitespace:before{content:"¯¡¢"}.codicon-whole-word:before{content:"¯¡¥"}.codicon-window:before{content:"¯¡┐"}.codicon-word-wrap:before{content:"¯«Ç"}.codicon-zoom-in:before{content:"¯«ü"}.codicon-zoom-out:before{content:"¯«é"}.codicon-list-filter:before{content:"¯«â"}.codicon-list-flat:before{content:"¯«ä"}.codicon-list-selection:before{content:"¯«à"}.codicon-selection:before{content:"¯«à"}.codicon-list-tree:before{content:"¯«å"}.codicon-debug-breakpoint-function-unverified:before{content:"¯«ç"}.codicon-debug-breakpoint-function:before{content:"¯«ê"}.codicon-debug-breakpoint-function-disabled:before{content:"¯«ê"}.codicon-debug-stackframe-active:before{content:"¯«ë"}.codicon-circle-small-filled:before{content:"¯«è"}.codicon-debug-stackframe-dot:before{content:"¯«è"}.codicon-terminal-decoration-mark:before{content:"¯«è"}.codicon-debug-stackframe:before{content:"¯«ï"}.codicon-debug-stackframe-focused:before{content:"¯«ï"}.codicon-debug-breakpoint-unsupported:before{content:"¯«î"}.codicon-symbol-string:before{content:"¯«ì"}.codicon-debug-reverse-continue:before{content:"¯«Ä"}.codicon-debug-step-back:before{content:"¯«Å"}.codicon-debug-restart-frame:before{content:"¯«É"}.codicon-debug-alt:before{content:"¯«æ"}.codicon-call-incoming:before{content:"¯«Æ"}.codicon-call-outgoing:before{content:"¯«ô"}.codicon-menu:before{content:"¯«ö"}.codicon-expand-all:before{content:"¯«ò"}.codicon-feedback:before{content:"¯«û"}.codicon-git-pull-request-reviewer:before{content:"¯«û"}.codicon-group-by-ref-type:before{content:"¯«ù"}.codicon-ungroup-by-ref-type:before{content:"¯«ÿ"}.codicon-account:before{content:"¯«Ö"}.codicon-git-pull-request-assignee:before{content:"¯«Ö"}.codicon-bell-dot:before{content:"¯«Ü"}.codicon-debug-console:before{content:"¯«ø"}.codicon-library:before{content:"¯«£"}.codicon-output:before{content:"¯«Ø"}.codicon-run-all:before{content:"¯«×"}.codicon-sync-ignored:before{content:"¯«ƒ"}.codicon-pinned:before{content:"¯«á"}.codicon-github-inverted:before{content:"¯«í"}.codicon-server-process:before{content:"¯«ó"}.codicon-server-environment:before{content:"¯«ú"}.codicon-pass:before{content:"¯«ñ"}.codicon-issue-closed:before{content:"¯«ñ"}.codicon-stop-circle:before{content:"¯«Ñ"}.codicon-play-circle:before{content:"¯«ª"}.codicon-record:before{content:"¯«º"}.codicon-debug-alt-small:before{content:"¯«¿"}.codicon-vm-connect:before{content:"¯«®"}.codicon-cloud:before{content:"¯«¬"}.codicon-merge:before{content:"¯«½"}.codicon-export:before{content:"¯«¼"}.codicon-graph-left:before{content:"¯«¡"}.codicon-magnet:before{content:"¯««"}.codicon-notebook:before{content:"¯«»"}.codicon-redo:before{content:"¯«░"}.codicon-check-all:before{content:"¯«▒"}.codicon-pinned-dirty:before{content:"¯«▓"}.codicon-pass-filled:before{content:"¯«│"}.codicon-circle-large-filled:before{content:"¯«┤"}.codicon-circle-large:before{content:"¯«Á"}.codicon-circle-large-outline:before{content:"¯«Á"}.codicon-combine:before{content:"¯«Â"}.codicon-gather:before{content:"¯«Â"}.codicon-table:before{content:"¯«À"}.codicon-variable-group:before{content:"¯«©"}.codicon-type-hierarchy:before{content:"¯«╣"}.codicon-type-hierarchy-sub:before{content:"¯«║"}.codicon-type-hierarchy-super:before{content:"¯«╗"}.codicon-git-pull-request-create:before{content:"¯«╝"}.codicon-run-above:before{content:"¯«¢"}.codicon-run-below:before{content:"¯«¥"}.codicon-notebook-template:before{content:"¯«┐"}.codicon-debug-rerun:before{content:"¯»Ç"}.codicon-workspace-trusted:before{content:"¯»ü"}.codicon-workspace-untrusted:before{content:"¯»é"}.codicon-workspace-unknown:before{content:"¯»â"}.codicon-terminal-cmd:before{content:"¯»ä"}.codicon-terminal-debian:before{content:"¯»à"}.codicon-terminal-linux:before{content:"¯»å"}.codicon-terminal-powershell:before{content:"¯»ç"}.codicon-terminal-tmux:before{content:"¯»ê"}.codicon-terminal-ubuntu:before{content:"¯»ë"}.codicon-terminal-bash:before{content:"¯»è"}.codicon-arrow-swap:before{content:"¯»ï"}.codicon-copy:before{content:"¯»î"}.codicon-person-add:before{content:"¯»ì"}.codicon-filter-filled:before{content:"¯»Ä"}.codicon-wand:before{content:"¯»Å"}.codicon-debug-line-by-line:before{content:"¯»É"}.codicon-inspect:before{content:"¯»æ"}.codicon-layers:before{content:"¯»Æ"}.codicon-layers-dot:before{content:"¯»ô"}.codicon-layers-active:before{content:"¯»ö"}.codicon-compass:before{content:"¯»ò"}.codicon-compass-dot:before{content:"¯»û"}.codicon-compass-active:before{content:"¯»ù"}.codicon-azure:before{content:"¯»ÿ"}.codicon-issue-draft:before{content:"¯»Ö"}.codicon-git-pull-request-closed:before{content:"¯»Ü"}.codicon-git-pull-request-draft:before{content:"¯»ø"}.codicon-debug-all:before{content:"¯»£"}.codicon-debug-coverage:before{content:"¯»Ø"}.codicon-run-errors:before{content:"¯»×"}.codicon-folder-library:before{content:"¯»ƒ"}.codicon-debug-continue-small:before{content:"¯»á"}.codicon-beaker-stop:before{content:"¯»í"}.codicon-graph-line:before{content:"¯»ó"}.codicon-graph-scatter:before{content:"¯»ú"}.codicon-pie-chart:before{content:"¯»ñ"}.codicon-bracket:before{content:"¯¼Å"}.codicon-bracket-dot:before{content:"¯»Ñ"}.codicon-bracket-error:before{content:"¯»ª"}.codicon-lock-small:before{content:"¯»º"}.codicon-azure-devops:before{content:"¯»¿"}.codicon-verified-filled:before{content:"¯»®"}.codicon-newline:before{content:"¯»¬"}.codicon-layout:before{content:"¯»½"}.codicon-layout-activitybar-left:before{content:"¯»¼"}.codicon-layout-activitybar-right:before{content:"¯»¡"}.codicon-layout-panel-left:before{content:"¯»«"}.codicon-layout-panel-center:before{content:"¯»»"}.codicon-layout-panel-justify:before{content:"¯»░"}.codicon-layout-panel-right:before{content:"¯»▒"}.codicon-layout-panel:before{content:"¯»▓"}.codicon-layout-sidebar-left:before{content:"¯»│"}.codicon-layout-sidebar-right:before{content:"¯»┤"}.codicon-layout-statusbar:before{content:"¯»Á"}.codicon-layout-menubar:before{content:"¯»Â"}.codicon-layout-centered:before{content:"¯»À"}.codicon-target:before{content:"¯»©"}.codicon-indent:before{content:"¯»╣"}.codicon-record-small:before{content:"¯»║"}.codicon-error-small:before{content:"¯»╗"}.codicon-terminal-decoration-error:before{content:"¯»╗"}.codicon-arrow-circle-down:before{content:"¯»╝"}.codicon-arrow-circle-left:before{content:"¯»¢"}.codicon-arrow-circle-right:before{content:"¯»¥"}.codicon-arrow-circle-up:before{content:"¯»┐"}.codicon-layout-sidebar-right-off:before{content:"¯░Ç"}.codicon-layout-panel-off:before{content:"¯░ü"}.codicon-layout-sidebar-left-off:before{content:"¯░é"}.codicon-blank:before{content:"¯░â"}.codicon-heart-filled:before{content:"¯░ä"}.codicon-map:before{content:"¯░à"}.codicon-map-horizontal:before{content:"¯░à"}.codicon-fold-horizontal:before{content:"¯░à"}.codicon-map-filled:before{content:"¯░å"}.codicon-map-horizontal-filled:before{content:"¯░å"}.codicon-fold-horizontal-filled:before{content:"¯░å"}.codicon-circle-small:before{content:"¯░ç"}.codicon-bell-slash:before{content:"¯░ê"}.codicon-bell-slash-dot:before{content:"¯░ë"}.codicon-comment-unresolved:before{content:"¯░è"}.codicon-git-pull-request-go-to-changes:before{content:"¯░ï"}.codicon-git-pull-request-new-changes:before{content:"¯░î"}.codicon-search-fuzzy:before{content:"¯░ì"}.codicon-comment-draft:before{content:"¯░Ä"}.codicon-send:before{content:"¯░Å"}.codicon-sparkle:before{content:"¯░É"}.codicon-insert:before{content:"¯░æ"}.codicon-mic:before{content:"¯░Æ"}.codicon-thumbsdown-filled:before{content:"¯░ô"}.codicon-thumbsup-filled:before{content:"¯░ö"}.codicon-coffee:before{content:"¯░ò"}.codicon-snake:before{content:"¯░û"}.codicon-game:before{content:"¯░ù"}.codicon-vr:before{content:"¯░ÿ"}.codicon-chip:before{content:"¯░Ö"}.codicon-piano:before{content:"¯░Ü"}.codicon-music:before{content:"¯░ø"}.codicon-mic-filled:before{content:"¯░£"}.codicon-repo-fetch:before{content:"¯░Ø"}.codicon-copilot:before{content:"¯░×"}.codicon-lightbulb-sparkle:before{content:"¯░ƒ"}.codicon-robot:before{content:"¯░á"}.codicon-sparkle-filled:before{content:"¯░í"}.codicon-diff-single:before{content:"¯░ó"}.codicon-diff-multiple:before{content:"¯░ú"}.codicon-surround-with:before{content:"¯░ñ"}.codicon-share:before{content:"¯░Ñ"}.codicon-git-stash:before{content:"¯░ª"}.codicon-git-stash-apply:before{content:"¯░º"}.codicon-git-stash-pop:before{content:"¯░¿"}.codicon-vscode:before{content:"¯░®"}.codicon-vscode-insiders:before{content:"¯░¬"}.codicon-code-oss:before{content:"¯░½"}.codicon-run-coverage:before{content:"¯░¼"}.codicon-run-all-coverage:before{content:"¯░¡"}.codicon-coverage:before{content:"¯░«"}.codicon-github-project:before{content:"¯░»"}.codicon-map-vertical:before{content:"¯░░"}.codicon-fold-vertical:before{content:"¯░░"}.codicon-map-vertical-filled:before{content:"¯░▒"}.codicon-fold-vertical-filled:before{content:"¯░▒"}.codicon-go-to-search:before{content:"¯░▓"}.codicon-percentage:before{content:"¯░│"}.codicon-sort-percentage:before{content:"¯░│"}.codicon-attach:before{content:"¯░┤"}.codicon-git-fetch:before{content:"´äü"}:root{--vscode-font-family: system-ui, "Ubuntu", "Droid Sans", sans-serif;--vscode-font-weight: normal;--vscode-font-size: 13px;--vscode-editor-font-family: "Droid Sans Mono", "monospace", monospace;--vscode-editor-font-weight: normal;--vscode-editor-font-size: 14px;--vscode-foreground: #616161;--vscode-disabledForeground: rgba(97, 97, 97, .5);--vscode-errorForeground: #a1260d;--vscode-descriptionForeground: #717171;--vscode-icon-foreground: #424242;--vscode-focusBorder: #0090f1;--vscode-textSeparator-foreground: rgba(0, 0, 0, .18);--vscode-textLink-foreground: #006ab1;--vscode-textLink-activeForeground: #006ab1;--vscode-textPreformat-foreground: #a31515;--vscode-textBlockQuote-background: rgba(127, 127, 127, .1);--vscode-textBlockQuote-border: rgba(0, 122, 204, .5);--vscode-textCodeBlock-background: rgba(220, 220, 220, .4);--vscode-widget-shadow: rgba(0, 0, 0, .16);--vscode-input-background: #ffffff;--vscode-input-foreground: #616161;--vscode-inputOption-activeBorder: #007acc;--vscode-inputOption-hoverBackground: rgba(184, 184, 184, .31);--vscode-inputOption-activeBackground: rgba(0, 144, 241, .2);--vscode-inputOption-activeForeground: #000000;--vscode-input-placeholderForeground: #767676;--vscode-inputValidation-infoBackground: #d6ecf2;--vscode-inputValidation-infoBorder: #007acc;--vscode-inputValidation-warningBackground: #f6f5d2;--vscode-inputValidation-warningBorder: #b89500;--vscode-inputValidation-errorBackground: #f2dede;--vscode-inputValidation-errorBorder: #be1100;--vscode-dropdown-background: #ffffff;--vscode-dropdown-border: #cecece;--vscode-checkbox-background: #ffffff;--vscode-checkbox-border: #cecece;--vscode-button-foreground: #ffffff;--vscode-button-separator: rgba(255, 255, 255, .4);--vscode-button-background: #007acc;--vscode-button-hoverBackground: #0062a3;--vscode-button-secondaryForeground: #ffffff;--vscode-button-secondaryBackground: #5f6a79;--vscode-button-secondaryHoverBackground: #4c5561;--vscode-badge-background: #c4c4c4;--vscode-badge-foreground: #333333;--vscode-scrollbar-shadow: #dddddd;--vscode-scrollbarSlider-background: rgba(100, 100, 100, .4);--vscode-scrollbarSlider-hoverBackground: rgba(100, 100, 100, .7);--vscode-scrollbarSlider-activeBackground: rgba(0, 0, 0, .6);--vscode-progressBar-background: #0e70c0;--vscode-editorError-foreground: #e51400;--vscode-editorWarning-foreground: #bf8803;--vscode-editorInfo-foreground: #1a85ff;--vscode-editorHint-foreground: #6c6c6c;--vscode-sash-hoverBorder: #0090f1;--vscode-editor-background: #ffffff;--vscode-editor-foreground: #000000;--vscode-editorStickyScroll-background: #ffffff;--vscode-editorStickyScrollHover-background: #f0f0f0;--vscode-editorWidget-background: #f3f3f3;--vscode-editorWidget-foreground: #616161;--vscode-editorWidget-border: #c8c8c8;--vscode-quickInput-background: #f3f3f3;--vscode-quickInput-foreground: #616161;--vscode-quickInputTitle-background: rgba(0, 0, 0, .06);--vscode-pickerGroup-foreground: #0066bf;--vscode-pickerGroup-border: #cccedb;--vscode-keybindingLabel-background: rgba(221, 221, 221, .4);--vscode-keybindingLabel-foreground: #555555;--vscode-keybindingLabel-border: rgba(204, 204, 204, .4);--vscode-keybindingLabel-bottomBorder: rgba(187, 187, 187, .4);--vscode-editor-selectionBackground: #add6ff;--vscode-editor-inactiveSelectionBackground: #e5ebf1;--vscode-editor-selectionHighlightBackground: rgba(173, 214, 255, .5);--vscode-editor-findMatchBackground: #a8ac94;--vscode-editor-findMatchHighlightBackground: rgba(234, 92, 0, .33);--vscode-editor-findRangeHighlightBackground: rgba(180, 180, 180, .3);--vscode-searchEditor-findMatchBackground: rgba(234, 92, 0, .22);--vscode-editor-hoverHighlightBackground: rgba(173, 214, 255, .15);--vscode-editorHoverWidget-background: #f3f3f3;--vscode-editorHoverWidget-foreground: #616161;--vscode-editorHoverWidget-border: #c8c8c8;--vscode-editorHoverWidget-statusBarBackground: #e7e7e7;--vscode-editorLink-activeForeground: #0000ff;--vscode-editorInlayHint-foreground: rgba(51, 51, 51, .8);--vscode-editorInlayHint-background: rgba(196, 196, 196, .3);--vscode-editorInlayHint-typeForeground: rgba(51, 51, 51, .8);--vscode-editorInlayHint-typeBackground: rgba(196, 196, 196, .3);--vscode-editorInlayHint-parameterForeground: rgba(51, 51, 51, .8);--vscode-editorInlayHint-parameterBackground: rgba(196, 196, 196, .3);--vscode-editorLightBulb-foreground: #ddb100;--vscode-editorLightBulbAutoFix-foreground: #007acc;--vscode-diffEditor-insertedTextBackground: rgba(156, 204, 44, .4);--vscode-diffEditor-removedTextBackground: rgba(255, 0, 0, .3);--vscode-diffEditor-insertedLineBackground: rgba(155, 185, 85, .2);--vscode-diffEditor-removedLineBackground: rgba(255, 0, 0, .2);--vscode-diffEditor-diagonalFill: rgba(34, 34, 34, .2);--vscode-list-focusOutline: #0090f1;--vscode-list-focusAndSelectionOutline: #90c2f9;--vscode-list-activeSelectionBackground: #0060c0;--vscode-list-activeSelectionForeground: #ffffff;--vscode-list-activeSelectionIconForeground: #ffffff;--vscode-list-inactiveSelectionBackground: #e4e6f1;--vscode-list-hoverBackground: #e8e8e8;--vscode-list-dropBackground: #d6ebff;--vscode-list-highlightForeground: #0066bf;--vscode-list-focusHighlightForeground: #bbe7ff;--vscode-list-invalidItemForeground: #b89500;--vscode-list-errorForeground: #b01011;--vscode-list-warningForeground: #855f00;--vscode-listFilterWidget-background: #f3f3f3;--vscode-listFilterWidget-outline: rgba(0, 0, 0, 0);--vscode-listFilterWidget-noMatchesOutline: #be1100;--vscode-listFilterWidget-shadow: rgba(0, 0, 0, .16);--vscode-list-filterMatchBackground: rgba(234, 92, 0, .33);--vscode-tree-indentGuidesStroke: #a9a9a9;--vscode-tree-tableColumnsBorder: rgba(97, 97, 97, .13);--vscode-tree-tableOddRowsBackground: rgba(97, 97, 97, .04);--vscode-list-deemphasizedForeground: #8e8e90;--vscode-quickInputList-focusForeground: #ffffff;--vscode-quickInputList-focusIconForeground: #ffffff;--vscode-quickInputList-focusBackground: #0060c0;--vscode-menu-foreground: #616161;--vscode-menu-background: #ffffff;--vscode-menu-selectionForeground: #ffffff;--vscode-menu-selectionBackground: #0060c0;--vscode-menu-separatorBackground: #d4d4d4;--vscode-toolbar-hoverBackground: rgba(184, 184, 184, .31);--vscode-toolbar-activeBackground: rgba(166, 166, 166, .31);--vscode-editor-snippetTabstopHighlightBackground: rgba(10, 50, 100, .2);--vscode-editor-snippetFinalTabstopHighlightBorder: rgba(10, 50, 100, .5);--vscode-breadcrumb-foreground: rgba(97, 97, 97, .8);--vscode-breadcrumb-background: #ffffff;--vscode-breadcrumb-focusForeground: #4e4e4e;--vscode-breadcrumb-activeSelectionForeground: #4e4e4e;--vscode-breadcrumbPicker-background: #f3f3f3;--vscode-merge-currentHeaderBackground: rgba(64, 200, 174, .5);--vscode-merge-currentContentBackground: rgba(64, 200, 174, .2);--vscode-merge-incomingHeaderBackground: rgba(64, 166, 255, .5);--vscode-merge-incomingContentBackground: rgba(64, 166, 255, .2);--vscode-merge-commonHeaderBackground: rgba(96, 96, 96, .4);--vscode-merge-commonContentBackground: rgba(96, 96, 96, .16);--vscode-editorOverviewRuler-currentContentForeground: rgba(64, 200, 174, .5);--vscode-editorOverviewRuler-incomingContentForeground: rgba(64, 166, 255, .5);--vscode-editorOverviewRuler-commonContentForeground: rgba(96, 96, 96, .4);--vscode-editorOverviewRuler-findMatchForeground: rgba(209, 134, 22, .49);--vscode-editorOverviewRuler-selectionHighlightForeground: rgba(160, 160, 160, .8);--vscode-minimap-findMatchHighlight: #d18616;--vscode-minimap-selectionOccurrenceHighlight: #c9c9c9;--vscode-minimap-selectionHighlight: #add6ff;--vscode-minimap-errorHighlight: rgba(255, 18, 18, .7);--vscode-minimap-warningHighlight: #bf8803;--vscode-minimap-foregroundOpacity: #000000;--vscode-minimapSlider-background: rgba(100, 100, 100, .2);--vscode-minimapSlider-hoverBackground: rgba(100, 100, 100, .35);--vscode-minimapSlider-activeBackground: rgba(0, 0, 0, .3);--vscode-problemsErrorIcon-foreground: #e51400;--vscode-problemsWarningIcon-foreground: #bf8803;--vscode-problemsInfoIcon-foreground: #1a85ff;--vscode-charts-foreground: #616161;--vscode-charts-lines: rgba(97, 97, 97, .5);--vscode-charts-red: #e51400;--vscode-charts-blue: #1a85ff;--vscode-charts-yellow: #bf8803;--vscode-charts-orange: #d18616;--vscode-charts-green: #388a34;--vscode-charts-purple: #652d90;--vscode-editor-lineHighlightBorder: #eeeeee;--vscode-editor-rangeHighlightBackground: rgba(253, 255, 0, .2);--vscode-editor-symbolHighlightBackground: rgba(234, 92, 0, .33);--vscode-editorCursor-foreground: #000000;--vscode-editorWhitespace-foreground: rgba(51, 51, 51, .2);--vscode-editorIndentGuide-background: #d3d3d3;--vscode-editorIndentGuide-activeBackground: #939393;--vscode-editorLineNumber-foreground: #237893;--vscode-editorActiveLineNumber-foreground: #0b216f;--vscode-editorLineNumber-activeForeground: #0b216f;--vscode-editorRuler-foreground: #d3d3d3;--vscode-editorCodeLens-foreground: #919191;--vscode-editorBracketMatch-background: rgba(0, 100, 0, .1);--vscode-editorBracketMatch-border: #b9b9b9;--vscode-editorOverviewRuler-border: rgba(127, 127, 127, .3);--vscode-editorGutter-background: #ffffff;--vscode-editorUnnecessaryCode-opacity: rgba(0, 0, 0, .47);--vscode-editorGhostText-foreground: rgba(0, 0, 0, .47);--vscode-editorOverviewRuler-rangeHighlightForeground: rgba(0, 122, 204, .6);--vscode-editorOverviewRuler-errorForeground: rgba(255, 18, 18, .7);--vscode-editorOverviewRuler-warningForeground: #bf8803;--vscode-editorOverviewRuler-infoForeground: #1a85ff;--vscode-editorBracketHighlight-foreground1: #0431fa;--vscode-editorBracketHighlight-foreground2: #319331;--vscode-editorBracketHighlight-foreground3: #7b3814;--vscode-editorBracketHighlight-foreground4: rgba(0, 0, 0, 0);--vscode-editorBracketHighlight-foreground5: rgba(0, 0, 0, 0);--vscode-editorBracketHighlight-foreground6: rgba(0, 0, 0, 0);--vscode-editorBracketHighlight-unexpectedBracket\.foreground: rgba(255, 18, 18, .8);--vscode-editorBracketPairGuide-background1: rgba(0, 0, 0, 0);--vscode-editorBracketPairGuide-background2: rgba(0, 0, 0, 0);--vscode-editorBracketPairGuide-background3: rgba(0, 0, 0, 0);--vscode-editorBracketPairGuide-background4: rgba(0, 0, 0, 0);--vscode-editorBracketPairGuide-background5: rgba(0, 0, 0, 0);--vscode-editorBracketPairGuide-background6: rgba(0, 0, 0, 0);--vscode-editorBracketPairGuide-activeBackground1: rgba(0, 0, 0, 0);--vscode-editorBracketPairGuide-activeBackground2: rgba(0, 0, 0, 0);--vscode-editorBracketPairGuide-activeBackground3: rgba(0, 0, 0, 0);--vscode-editorBracketPairGuide-activeBackground4: rgba(0, 0, 0, 0);--vscode-editorBracketPairGuide-activeBackground5: rgba(0, 0, 0, 0);--vscode-editorBracketPairGuide-activeBackground6: rgba(0, 0, 0, 0);--vscode-editorUnicodeHighlight-border: #cea33d;--vscode-editorUnicodeHighlight-background: rgba(206, 163, 61, .08);--vscode-symbolIcon-arrayForeground: #616161;--vscode-symbolIcon-booleanForeground: #616161;--vscode-symbolIcon-classForeground: #d67e00;--vscode-symbolIcon-colorForeground: #616161;--vscode-symbolIcon-constantForeground: #616161;--vscode-symbolIcon-constructorForeground: #652d90;--vscode-symbolIcon-enumeratorForeground: #d67e00;--vscode-symbolIcon-enumeratorMemberForeground: #007acc;--vscode-symbolIcon-eventForeground: #d67e00;--vscode-symbolIcon-fieldForeground: #007acc;--vscode-symbolIcon-fileForeground: #616161;--vscode-symbolIcon-folderForeground: #616161;--vscode-symbolIcon-functionForeground: #652d90;--vscode-symbolIcon-interfaceForeground: #007acc;--vscode-symbolIcon-keyForeground: #616161;--vscode-symbolIcon-keywordForeground: #616161;--vscode-symbolIcon-methodForeground: #652d90;--vscode-symbolIcon-moduleForeground: #616161;--vscode-symbolIcon-namespaceForeground: #616161;--vscode-symbolIcon-nullForeground: #616161;--vscode-symbolIcon-numberForeground: #616161;--vscode-symbolIcon-objectForeground: #616161;--vscode-symbolIcon-operatorForeground: #616161;--vscode-symbolIcon-packageForeground: #616161;--vscode-symbolIcon-propertyForeground: #616161;--vscode-symbolIcon-referenceForeground: #616161;--vscode-symbolIcon-snippetForeground: #616161;--vscode-symbolIcon-stringForeground: #616161;--vscode-symbolIcon-structForeground: #616161;--vscode-symbolIcon-textForeground: #616161;--vscode-symbolIcon-typeParameterForeground: #616161;--vscode-symbolIcon-unitForeground: #616161;--vscode-symbolIcon-variableForeground: #007acc;--vscode-editorHoverWidget-highlightForeground: #0066bf;--vscode-editorOverviewRuler-bracketMatchForeground: #a0a0a0;--vscode-editor-foldBackground: rgba(173, 214, 255, .3);--vscode-editorGutter-foldingControlForeground: #424242;--vscode-editor-linkedEditingBackground: rgba(255, 0, 0, .3);--vscode-editor-wordHighlightBackground: rgba(87, 87, 87, .25);--vscode-editor-wordHighlightStrongBackground: rgba(14, 99, 156, .25);--vscode-editorOverviewRuler-wordHighlightForeground: rgba(160, 160, 160, .8);--vscode-editorOverviewRuler-wordHighlightStrongForeground: rgba(192, 160, 192, .8);--vscode-peekViewTitle-background: rgba(26, 133, 255, .1);--vscode-peekViewTitleLabel-foreground: #000000;--vscode-peekViewTitleDescription-foreground: #616161;--vscode-peekView-border: #1a85ff;--vscode-peekViewResult-background: #f3f3f3;--vscode-peekViewResult-lineForeground: #646465;--vscode-peekViewResult-fileForeground: #1e1e1e;--vscode-peekViewResult-selectionBackground: rgba(51, 153, 255, .2);--vscode-peekViewResult-selectionForeground: #6c6c6c;--vscode-peekViewEditor-background: #f2f8fc;--vscode-peekViewEditorGutter-background: #f2f8fc;--vscode-peekViewResult-matchHighlightBackground: rgba(234, 92, 0, .3);--vscode-peekViewEditor-matchHighlightBackground: rgba(245, 216, 2, .87);--vscode-editorMarkerNavigationError-background: #e51400;--vscode-editorMarkerNavigationError-headerBackground: rgba(229, 20, 0, .1);--vscode-editorMarkerNavigationWarning-background: #bf8803;--vscode-editorMarkerNavigationWarning-headerBackground: rgba(191, 136, 3, .1);--vscode-editorMarkerNavigationInfo-background: #1a85ff;--vscode-editorMarkerNavigationInfo-headerBackground: rgba(26, 133, 255, .1);--vscode-editorMarkerNavigation-background: #ffffff;--vscode-editorSuggestWidget-background: #f3f3f3;--vscode-editorSuggestWidget-border: #c8c8c8;--vscode-editorSuggestWidget-foreground: #000000;--vscode-editorSuggestWidget-selectedForeground: #ffffff;--vscode-editorSuggestWidget-selectedIconForeground: #ffffff;--vscode-editorSuggestWidget-selectedBackground: #0060c0;--vscode-editorSuggestWidget-highlightForeground: #0066bf;--vscode-editorSuggestWidget-focusHighlightForeground: #bbe7ff;--vscode-editorSuggestWidgetStatus-foreground: rgba(0, 0, 0, .5);--vscode-tab-activeBackground: #ffffff;--vscode-tab-unfocusedActiveBackground: #ffffff;--vscode-tab-inactiveBackground: #ececec;--vscode-tab-unfocusedInactiveBackground: #ececec;--vscode-tab-activeForeground: #333333;--vscode-tab-inactiveForeground: rgba(51, 51, 51, .7);--vscode-tab-unfocusedActiveForeground: rgba(51, 51, 51, .7);--vscode-tab-unfocusedInactiveForeground: rgba(51, 51, 51, .35);--vscode-tab-border: #f3f3f3;--vscode-tab-lastPinnedBorder: rgba(97, 97, 97, .19);--vscode-tab-activeModifiedBorder: #33aaee;--vscode-tab-inactiveModifiedBorder: rgba(51, 170, 238, .5);--vscode-tab-unfocusedActiveModifiedBorder: rgba(51, 170, 238, .7);--vscode-tab-unfocusedInactiveModifiedBorder: rgba(51, 170, 238, .25);--vscode-editorPane-background: #ffffff;--vscode-editorGroupHeader-tabsBackground: #f3f3f3;--vscode-editorGroupHeader-noTabsBackground: #ffffff;--vscode-editorGroup-border: #e7e7e7;--vscode-editorGroup-dropBackground: rgba(38, 119, 203, .18);--vscode-editorGroup-dropIntoPromptForeground: #616161;--vscode-editorGroup-dropIntoPromptBackground: #f3f3f3;--vscode-sideBySideEditor-horizontalBorder: #e7e7e7;--vscode-sideBySideEditor-verticalBorder: #e7e7e7;--vscode-panel-background: #ffffff;--vscode-panel-border: rgba(128, 128, 128, .35);--vscode-panelTitle-activeForeground: #424242;--vscode-panelTitle-inactiveForeground: rgba(66, 66, 66, .75);--vscode-panelTitle-activeBorder: #424242;--vscode-panelInput-border: #dddddd;--vscode-panel-dropBorder: #424242;--vscode-panelSection-dropBackground: rgba(38, 119, 203, .18);--vscode-panelSectionHeader-background: rgba(128, 128, 128, .2);--vscode-panelSection-border: rgba(128, 128, 128, .35);--vscode-banner-background: #004386;--vscode-banner-foreground: #ffffff;--vscode-banner-iconForeground: #1a85ff;--vscode-statusBar-foreground: #ffffff;--vscode-statusBar-noFolderForeground: #ffffff;--vscode-statusBar-background: #007acc;--vscode-statusBar-noFolderBackground: #68217a;--vscode-statusBar-focusBorder: #ffffff;--vscode-statusBarItem-activeBackground: rgba(255, 255, 255, .18);--vscode-statusBarItem-focusBorder: #ffffff;--vscode-statusBarItem-hoverBackground: rgba(255, 255, 255, .12);--vscode-statusBarItem-compactHoverBackground: rgba(255, 255, 255, .2);--vscode-statusBarItem-prominentForeground: #ffffff;--vscode-statusBarItem-prominentBackground: rgba(0, 0, 0, .5);--vscode-statusBarItem-prominentHoverBackground: rgba(0, 0, 0, .3);--vscode-statusBarItem-errorBackground: #c72e0f;--vscode-statusBarItem-errorForeground: #ffffff;--vscode-statusBarItem-warningBackground: #725102;--vscode-statusBarItem-warningForeground: #ffffff;--vscode-activityBar-background: #2c2c2c;--vscode-activityBar-foreground: #ffffff;--vscode-activityBar-inactiveForeground: rgba(255, 255, 255, .4);--vscode-activityBar-activeBorder: #ffffff;--vscode-activityBar-dropBorder: #ffffff;--vscode-activityBarBadge-background: #007acc;--vscode-activityBarBadge-foreground: #ffffff;--vscode-statusBarItem-remoteBackground: #16825d;--vscode-statusBarItem-remoteForeground: #ffffff;--vscode-extensionBadge-remoteBackground: #007acc;--vscode-extensionBadge-remoteForeground: #ffffff;--vscode-sideBar-background: #f3f3f3;--vscode-sideBarTitle-foreground: #6f6f6f;--vscode-sideBar-dropBackground: rgba(38, 119, 203, .18);--vscode-sideBarSectionHeader-background: rgba(0, 0, 0, 0);--vscode-sideBarSectionHeader-border: rgba(97, 97, 97, .19);--vscode-titleBar-activeForeground: #333333;--vscode-titleBar-inactiveForeground: rgba(51, 51, 51, .6);--vscode-titleBar-activeBackground: #dddddd;--vscode-titleBar-inactiveBackground: rgba(221, 221, 221, .6);--vscode-menubar-selectionForeground: #333333;--vscode-menubar-selectionBackground: rgba(184, 184, 184, .31);--vscode-notifications-foreground: #616161;--vscode-notifications-background: #f3f3f3;--vscode-notificationLink-foreground: #006ab1;--vscode-notificationCenterHeader-background: #e7e7e7;--vscode-notifications-border: #e7e7e7;--vscode-notificationsErrorIcon-foreground: #e51400;--vscode-notificationsWarningIcon-foreground: #bf8803;--vscode-notificationsInfoIcon-foreground: #1a85ff;--vscode-commandCenter-foreground: #333333;--vscode-commandCenter-activeForeground: #333333;--vscode-commandCenter-activeBackground: rgba(184, 184, 184, .31);--vscode-commandCenter-border: rgba(128, 128, 128, .35);--vscode-editorCommentsWidget-resolvedBorder: rgba(97, 97, 97, .5);--vscode-editorCommentsWidget-unresolvedBorder: #1a85ff;--vscode-editorCommentsWidget-rangeBackground: rgba(26, 133, 255, .1);--vscode-editorCommentsWidget-rangeBorder: rgba(26, 133, 255, .4);--vscode-editorCommentsWidget-rangeActiveBackground: rgba(26, 133, 255, .1);--vscode-editorCommentsWidget-rangeActiveBorder: rgba(26, 133, 255, .4);--vscode-editorGutter-commentRangeForeground: #d5d8e9;--vscode-debugToolBar-background: #f3f3f3;--vscode-debugIcon-startForeground: #388a34;--vscode-editor-stackFrameHighlightBackground: rgba(255, 255, 102, .45);--vscode-editor-focusedStackFrameHighlightBackground: rgba(206, 231, 206, .45);--vscode-mergeEditor-change\.background: rgba(155, 185, 85, .2);--vscode-mergeEditor-change\.word\.background: rgba(156, 204, 44, .4);--vscode-mergeEditor-conflict\.unhandledUnfocused\.border: rgba(255, 166, 0, .48);--vscode-mergeEditor-conflict\.unhandledFocused\.border: #ffa600;--vscode-mergeEditor-conflict\.handledUnfocused\.border: rgba(134, 134, 134, .29);--vscode-mergeEditor-conflict\.handledFocused\.border: rgba(193, 193, 193, .8);--vscode-mergeEditor-conflict\.handled\.minimapOverViewRuler: rgba(173, 172, 168, .93);--vscode-mergeEditor-conflict\.unhandled\.minimapOverViewRuler: #fcba03;--vscode-mergeEditor-conflictingLines\.background: rgba(255, 234, 0, .28);--vscode-settings-headerForeground: #444444;--vscode-settings-modifiedItemIndicator: #66afe0;--vscode-settings-headerBorder: rgba(128, 128, 128, .35);--vscode-settings-sashBorder: rgba(128, 128, 128, .35);--vscode-settings-dropdownBackground: #ffffff;--vscode-settings-dropdownBorder: #cecece;--vscode-settings-dropdownListBorder: #c8c8c8;--vscode-settings-checkboxBackground: #ffffff;--vscode-settings-checkboxBorder: #cecece;--vscode-settings-textInputBackground: #ffffff;--vscode-settings-textInputForeground: #616161;--vscode-settings-textInputBorder: #cecece;--vscode-settings-numberInputBackground: #ffffff;--vscode-settings-numberInputForeground: #616161;--vscode-settings-numberInputBorder: #cecece;--vscode-settings-focusedRowBackground: rgba(232, 232, 232, .6);--vscode-settings-rowHoverBackground: rgba(232, 232, 232, .3);--vscode-settings-focusedRowBorder: rgba(0, 0, 0, .12);--vscode-terminal-foreground: #333333;--vscode-terminal-selectionBackground: #add6ff;--vscode-terminal-inactiveSelectionBackground: #e5ebf1;--vscode-terminalCommandDecoration-defaultBackground: rgba(0, 0, 0, .25);--vscode-terminalCommandDecoration-successBackground: #2090d3;--vscode-terminalCommandDecoration-errorBackground: #e51400;--vscode-terminalOverviewRuler-cursorForeground: rgba(160, 160, 160, .8);--vscode-terminal-border: rgba(128, 128, 128, .35);--vscode-terminal-findMatchBackground: #a8ac94;--vscode-terminal-findMatchHighlightBackground: rgba(234, 92, 0, .33);--vscode-terminalOverviewRuler-findMatchForeground: rgba(209, 134, 22, .49);--vscode-terminal-dropBackground: rgba(38, 119, 203, .18);--vscode-testing-iconFailed: #f14c4c;--vscode-testing-iconErrored: #f14c4c;--vscode-testing-iconPassed: #73c991;--vscode-testing-runAction: #73c991;--vscode-testing-iconQueued: #cca700;--vscode-testing-iconUnset: #848484;--vscode-testing-iconSkipped: #848484;--vscode-testing-peekBorder: #e51400;--vscode-testing-peekHeaderBackground: rgba(229, 20, 0, .1);--vscode-testing-message\.error\.decorationForeground: #e51400;--vscode-testing-message\.error\.lineBackground: rgba(255, 0, 0, .2);--vscode-testing-message\.info\.decorationForeground: rgba(0, 0, 0, .5);--vscode-welcomePage-tileBackground: #f3f3f3;--vscode-welcomePage-tileHoverBackground: #dbdbdb;--vscode-welcomePage-tileShadow: rgba(0, 0, 0, .16);--vscode-welcomePage-progress\.background: #ffffff;--vscode-welcomePage-progress\.foreground: #006ab1;--vscode-debugExceptionWidget-border: #a31515;--vscode-debugExceptionWidget-background: #f1dfde;--vscode-ports-iconRunningProcessForeground: #369432;--vscode-statusBar-debuggingBackground: #cc6633;--vscode-statusBar-debuggingForeground: #ffffff;--vscode-editor-inlineValuesForeground: rgba(0, 0, 0, .5);--vscode-editor-inlineValuesBackground: rgba(255, 200, 0, .2);--vscode-editorGutter-modifiedBackground: #2090d3;--vscode-editorGutter-addedBackground: #48985d;--vscode-editorGutter-deletedBackground: #e51400;--vscode-minimapGutter-modifiedBackground: #2090d3;--vscode-minimapGutter-addedBackground: #48985d;--vscode-minimapGutter-deletedBackground: #e51400;--vscode-editorOverviewRuler-modifiedForeground: rgba(32, 144, 211, .6);--vscode-editorOverviewRuler-addedForeground: rgba(72, 152, 93, .6);--vscode-editorOverviewRuler-deletedForeground: rgba(229, 20, 0, .6);--vscode-debugIcon-breakpointForeground: #e51400;--vscode-debugIcon-breakpointDisabledForeground: #848484;--vscode-debugIcon-breakpointUnverifiedForeground: #848484;--vscode-debugIcon-breakpointCurrentStackframeForeground: #be8700;--vscode-debugIcon-breakpointStackframeForeground: #89d185;--vscode-notebook-cellBorderColor: #e8e8e8;--vscode-notebook-focusedEditorBorder: #0090f1;--vscode-notebookStatusSuccessIcon-foreground: #388a34;--vscode-notebookStatusErrorIcon-foreground: #a1260d;--vscode-notebookStatusRunningIcon-foreground: #616161;--vscode-notebook-cellToolbarSeparator: rgba(128, 128, 128, .35);--vscode-notebook-selectedCellBackground: rgba(200, 221, 241, .31);--vscode-notebook-selectedCellBorder: #e8e8e8;--vscode-notebook-focusedCellBorder: #0090f1;--vscode-notebook-inactiveFocusedCellBorder: #e8e8e8;--vscode-notebook-cellStatusBarItemHoverBackground: rgba(0, 0, 0, .08);--vscode-notebook-cellInsertionIndicator: #0090f1;--vscode-notebookScrollbarSlider-background: rgba(100, 100, 100, .4);--vscode-notebookScrollbarSlider-hoverBackground: rgba(100, 100, 100, .7);--vscode-notebookScrollbarSlider-activeBackground: rgba(0, 0, 0, .6);--vscode-notebook-symbolHighlightBackground: rgba(253, 255, 0, .2);--vscode-notebook-cellEditorBackground: #f3f3f3;--vscode-notebook-editorBackground: #ffffff;--vscode-keybindingTable-headerBackground: rgba(97, 97, 97, .04);--vscode-keybindingTable-rowsBackground: rgba(97, 97, 97, .04);--vscode-scm-providerBorder: #c8c8c8;--vscode-searchEditor-textInputBorder: #cecece;--vscode-debugTokenExpression-name: #9b46b0;--vscode-debugTokenExpression-value: rgba(108, 108, 108, .8);--vscode-debugTokenExpression-string: #a31515;--vscode-debugTokenExpression-boolean: #0000ff;--vscode-debugTokenExpression-number: #098658;--vscode-debugTokenExpression-error: #e51400;--vscode-debugView-exceptionLabelForeground: #ffffff;--vscode-debugView-exceptionLabelBackground: #a31515;--vscode-debugView-stateLabelForeground: #616161;--vscode-debugView-stateLabelBackground: rgba(136, 136, 136, .27);--vscode-debugView-valueChangedHighlight: #569cd6;--vscode-debugConsole-infoForeground: #1a85ff;--vscode-debugConsole-warningForeground: #bf8803;--vscode-debugConsole-errorForeground: #a1260d;--vscode-debugConsole-sourceForeground: #616161;--vscode-debugConsoleInputIcon-foreground: #616161;--vscode-debugIcon-pauseForeground: #007acc;--vscode-debugIcon-stopForeground: #a1260d;--vscode-debugIcon-disconnectForeground: #a1260d;--vscode-debugIcon-restartForeground: #388a34;--vscode-debugIcon-stepOverForeground: #007acc;--vscode-debugIcon-stepIntoForeground: #007acc;--vscode-debugIcon-stepOutForeground: #007acc;--vscode-debugIcon-continueForeground: #007acc;--vscode-debugIcon-stepBackForeground: #007acc;--vscode-extensionButton-prominentBackground: #007acc;--vscode-extensionButton-prominentForeground: #ffffff;--vscode-extensionButton-prominentHoverBackground: #0062a3;--vscode-extensionIcon-starForeground: #df6100;--vscode-extensionIcon-verifiedForeground: #006ab1;--vscode-extensionIcon-preReleaseForeground: #1d9271;--vscode-extensionIcon-sponsorForeground: #b51e78;--vscode-terminal-ansiBlack: #000000;--vscode-terminal-ansiRed: #cd3131;--vscode-terminal-ansiGreen: #00bc00;--vscode-terminal-ansiYellow: #949800;--vscode-terminal-ansiBlue: #0451a5;--vscode-terminal-ansiMagenta: #bc05bc;--vscode-terminal-ansiCyan: #0598bc;--vscode-terminal-ansiWhite: #555555;--vscode-terminal-ansiBrightBlack: #666666;--vscode-terminal-ansiBrightRed: #cd3131;--vscode-terminal-ansiBrightGreen: #14ce14;--vscode-terminal-ansiBrightYellow: #b5ba00;--vscode-terminal-ansiBrightBlue: #0451a5;--vscode-terminal-ansiBrightMagenta: #bc05bc;--vscode-terminal-ansiBrightCyan: #0598bc;--vscode-terminal-ansiBrightWhite: #a5a5a5;--vscode-interactive-activeCodeBorder: #1a85ff;--vscode-interactive-inactiveCodeBorder: #e4e6f1;--vscode-gitDecoration-addedResourceForeground: #587c0c;--vscode-gitDecoration-modifiedResourceForeground: #895503;--vscode-gitDecoration-deletedResourceForeground: #ad0707;--vscode-gitDecoration-renamedResourceForeground: #007100;--vscode-gitDecoration-untrackedResourceForeground: #007100;--vscode-gitDecoration-ignoredResourceForeground: #8e8e90;--vscode-gitDecoration-stageModifiedResourceForeground: #895503;--vscode-gitDecoration-stageDeletedResourceForeground: #ad0707;--vscode-gitDecoration-conflictingResourceForeground: #ad0707;--vscode-gitDecoration-submoduleResourceForeground: #1258a7}:root.light-mode{color-scheme:light}:root.dark-mode{color-scheme:dark;--vscode-font-family: system-ui, "Ubuntu", "Droid Sans", sans-serif;--vscode-font-weight: normal;--vscode-font-size: 13px;--vscode-editor-font-family: "Droid Sans Mono", "monospace", monospace;--vscode-editor-font-weight: normal;--vscode-editor-font-size: 14px;--vscode-foreground: #cccccc;--vscode-disabledForeground: rgba(204, 204, 204, .5);--vscode-errorForeground: #f48771;--vscode-descriptionForeground: rgba(204, 204, 204, .7);--vscode-icon-foreground: #c5c5c5;--vscode-focusBorder: #007fd4;--vscode-textSeparator-foreground: rgba(255, 255, 255, .18);--vscode-textLink-foreground: #3794ff;--vscode-textLink-activeForeground: #3794ff;--vscode-textPreformat-foreground: #d7ba7d;--vscode-textBlockQuote-background: rgba(127, 127, 127, .1);--vscode-textBlockQuote-border: rgba(0, 122, 204, .5);--vscode-textCodeBlock-background: rgba(10, 10, 10, .4);--vscode-widget-shadow: rgba(0, 0, 0, .36);--vscode-input-background: #3c3c3c;--vscode-input-foreground: #cccccc;--vscode-inputOption-activeBorder: #007acc;--vscode-inputOption-hoverBackground: rgba(90, 93, 94, .5);--vscode-inputOption-activeBackground: rgba(0, 127, 212, .4);--vscode-inputOption-activeForeground: #ffffff;--vscode-input-placeholderForeground: #a6a6a6;--vscode-inputValidation-infoBackground: #063b49;--vscode-inputValidation-infoBorder: #007acc;--vscode-inputValidation-warningBackground: #352a05;--vscode-inputValidation-warningBorder: #b89500;--vscode-inputValidation-errorBackground: #5a1d1d;--vscode-inputValidation-errorBorder: #be1100;--vscode-dropdown-background: #3c3c3c;--vscode-dropdown-foreground: #f0f0f0;--vscode-dropdown-border: #3c3c3c;--vscode-checkbox-background: #3c3c3c;--vscode-checkbox-foreground: #f0f0f0;--vscode-checkbox-border: #3c3c3c;--vscode-button-foreground: #ffffff;--vscode-button-separator: rgba(255, 255, 255, .4);--vscode-button-background: #0e639c;--vscode-button-hoverBackground: #1177bb;--vscode-button-secondaryForeground: #ffffff;--vscode-button-secondaryBackground: #3a3d41;--vscode-button-secondaryHoverBackground: #45494e;--vscode-badge-background: #4d4d4d;--vscode-badge-foreground: #ffffff;--vscode-scrollbar-shadow: #000000;--vscode-scrollbarSlider-background: rgba(121, 121, 121, .4);--vscode-scrollbarSlider-hoverBackground: rgba(100, 100, 100, .7);--vscode-scrollbarSlider-activeBackground: rgba(191, 191, 191, .4);--vscode-progressBar-background: #0e70c0;--vscode-editorError-foreground: #f14c4c;--vscode-editorWarning-foreground: #cca700;--vscode-editorInfo-foreground: #3794ff;--vscode-editorHint-foreground: rgba(238, 238, 238, .7);--vscode-sash-hoverBorder: #007fd4;--vscode-editor-background: #1e1e1e;--vscode-editor-foreground: #d4d4d4;--vscode-editorStickyScroll-background: #1e1e1e;--vscode-editorStickyScrollHover-background: #2a2d2e;--vscode-editorWidget-background: #252526;--vscode-editorWidget-foreground: #cccccc;--vscode-editorWidget-border: #454545;--vscode-quickInput-background: #252526;--vscode-quickInput-foreground: #cccccc;--vscode-quickInputTitle-background: rgba(255, 255, 255, .1);--vscode-pickerGroup-foreground: #3794ff;--vscode-pickerGroup-border: #3f3f46;--vscode-keybindingLabel-background: rgba(128, 128, 128, .17);--vscode-keybindingLabel-foreground: #cccccc;--vscode-keybindingLabel-border: rgba(51, 51, 51, .6);--vscode-keybindingLabel-bottomBorder: rgba(68, 68, 68, .6);--vscode-editor-selectionBackground: #264f78;--vscode-editor-inactiveSelectionBackground: #3a3d41;--vscode-editor-selectionHighlightBackground: rgba(173, 214, 255, .15);--vscode-editor-findMatchBackground: #515c6a;--vscode-editor-findMatchHighlightBackground: rgba(234, 92, 0, .33);--vscode-editor-findRangeHighlightBackground: rgba(58, 61, 65, .4);--vscode-searchEditor-findMatchBackground: rgba(234, 92, 0, .22);--vscode-editor-hoverHighlightBackground: rgba(38, 79, 120, .25);--vscode-editorHoverWidget-background: #252526;--vscode-editorHoverWidget-foreground: #cccccc;--vscode-editorHoverWidget-border: #454545;--vscode-editorHoverWidget-statusBarBackground: #2c2c2d;--vscode-editorLink-activeForeground: #4e94ce;--vscode-editorInlayHint-foreground: rgba(255, 255, 255, .8);--vscode-editorInlayHint-background: rgba(77, 77, 77, .6);--vscode-editorInlayHint-typeForeground: rgba(255, 255, 255, .8);--vscode-editorInlayHint-typeBackground: rgba(77, 77, 77, .6);--vscode-editorInlayHint-parameterForeground: rgba(255, 255, 255, .8);--vscode-editorInlayHint-parameterBackground: rgba(77, 77, 77, .6);--vscode-editorLightBulb-foreground: #ffcc00;--vscode-editorLightBulbAutoFix-foreground: #75beff;--vscode-diffEditor-insertedTextBackground: rgba(156, 204, 44, .2);--vscode-diffEditor-removedTextBackground: rgba(255, 0, 0, .4);--vscode-diffEditor-insertedLineBackground: rgba(155, 185, 85, .2);--vscode-diffEditor-removedLineBackground: rgba(255, 0, 0, .2);--vscode-diffEditor-diagonalFill: rgba(204, 204, 204, .2);--vscode-list-focusOutline: #007fd4;--vscode-list-activeSelectionBackground: #04395e;--vscode-list-activeSelectionForeground: #ffffff;--vscode-list-activeSelectionIconForeground: #ffffff;--vscode-list-inactiveSelectionBackground: #37373d;--vscode-list-hoverBackground: #2a2d2e;--vscode-list-dropBackground: #383b3d;--vscode-list-highlightForeground: #2aaaff;--vscode-list-focusHighlightForeground: #2aaaff;--vscode-list-invalidItemForeground: #b89500;--vscode-list-errorForeground: #f88070;--vscode-list-warningForeground: #cca700;--vscode-listFilterWidget-background: #252526;--vscode-listFilterWidget-outline: rgba(0, 0, 0, 0);--vscode-listFilterWidget-noMatchesOutline: #be1100;--vscode-listFilterWidget-shadow: rgba(0, 0, 0, .36);--vscode-list-filterMatchBackground: rgba(234, 92, 0, .33);--vscode-tree-indentGuidesStroke: #585858;--vscode-tree-tableColumnsBorder: rgba(204, 204, 204, .13);--vscode-tree-tableOddRowsBackground: rgba(204, 204, 204, .04);--vscode-list-deemphasizedForeground: #8c8c8c;--vscode-quickInputList-focusForeground: #ffffff;--vscode-quickInputList-focusIconForeground: #ffffff;--vscode-quickInputList-focusBackground: #04395e;--vscode-menu-foreground: #cccccc;--vscode-menu-background: #303031;--vscode-menu-selectionForeground: #ffffff;--vscode-menu-selectionBackground: #04395e;--vscode-menu-separatorBackground: #606060;--vscode-toolbar-hoverBackground: rgba(90, 93, 94, .31);--vscode-toolbar-activeBackground: rgba(99, 102, 103, .31);--vscode-editor-snippetTabstopHighlightBackground: rgba(124, 124, 124, .3);--vscode-editor-snippetFinalTabstopHighlightBorder: #525252;--vscode-breadcrumb-foreground: rgba(204, 204, 204, .8);--vscode-breadcrumb-background: #1e1e1e;--vscode-breadcrumb-focusForeground: #e0e0e0;--vscode-breadcrumb-activeSelectionForeground: #e0e0e0;--vscode-breadcrumbPicker-background: #252526;--vscode-merge-currentHeaderBackground: rgba(64, 200, 174, .5);--vscode-merge-currentContentBackground: rgba(64, 200, 174, .2);--vscode-merge-incomingHeaderBackground: rgba(64, 166, 255, .5);--vscode-merge-incomingContentBackground: rgba(64, 166, 255, .2);--vscode-merge-commonHeaderBackground: rgba(96, 96, 96, .4);--vscode-merge-commonContentBackground: rgba(96, 96, 96, .16);--vscode-editorOverviewRuler-currentContentForeground: rgba(64, 200, 174, .5);--vscode-editorOverviewRuler-incomingContentForeground: rgba(64, 166, 255, .5);--vscode-editorOverviewRuler-commonContentForeground: rgba(96, 96, 96, .4);--vscode-editorOverviewRuler-findMatchForeground: rgba(209, 134, 22, .49);--vscode-editorOverviewRuler-selectionHighlightForeground: rgba(160, 160, 160, .8);--vscode-minimap-findMatchHighlight: #d18616;--vscode-minimap-selectionOccurrenceHighlight: #676767;--vscode-minimap-selectionHighlight: #264f78;--vscode-minimap-errorHighlight: rgba(255, 18, 18, .7);--vscode-minimap-warningHighlight: #cca700;--vscode-minimap-foregroundOpacity: #000000;--vscode-minimapSlider-background: rgba(121, 121, 121, .2);--vscode-minimapSlider-hoverBackground: rgba(100, 100, 100, .35);--vscode-minimapSlider-activeBackground: rgba(191, 191, 191, .2);--vscode-problemsErrorIcon-foreground: #f14c4c;--vscode-problemsWarningIcon-foreground: #cca700;--vscode-problemsInfoIcon-foreground: #3794ff;--vscode-charts-foreground: #cccccc;--vscode-charts-lines: rgba(204, 204, 204, .5);--vscode-charts-red: #f14c4c;--vscode-charts-blue: #3794ff;--vscode-charts-yellow: #cca700;--vscode-charts-orange: #d18616;--vscode-charts-green: #89d185;--vscode-charts-purple: #b180d7;--vscode-editor-lineHighlightBorder: #282828;--vscode-editor-rangeHighlightBackground: rgba(255, 255, 255, .04);--vscode-editor-symbolHighlightBackground: rgba(234, 92, 0, .33);--vscode-editorCursor-foreground: #aeafad;--vscode-editorWhitespace-foreground: rgba(227, 228, 226, .16);--vscode-editorIndentGuide-background: #404040;--vscode-editorIndentGuide-activeBackground: #707070;--vscode-editorLineNumber-foreground: #858585;--vscode-editorActiveLineNumber-foreground: #c6c6c6;--vscode-editorLineNumber-activeForeground: #c6c6c6;--vscode-editorRuler-foreground: #5a5a5a;--vscode-editorCodeLens-foreground: #999999;--vscode-editorBracketMatch-background: rgba(0, 100, 0, .1);--vscode-editorBracketMatch-border: #888888;--vscode-editorOverviewRuler-border: rgba(127, 127, 127, .3);--vscode-editorGutter-background: #1e1e1e;--vscode-editorUnnecessaryCode-opacity: rgba(0, 0, 0, .67);--vscode-editorGhostText-foreground: rgba(255, 255, 255, .34);--vscode-editorOverviewRuler-rangeHighlightForeground: rgba(0, 122, 204, .6);--vscode-editorOverviewRuler-errorForeground: rgba(255, 18, 18, .7);--vscode-editorOverviewRuler-warningForeground: #cca700;--vscode-editorOverviewRuler-infoForeground: #3794ff;--vscode-editorBracketHighlight-foreground1: #ffd700;--vscode-editorBracketHighlight-foreground2: #da70d6;--vscode-editorBracketHighlight-foreground3: #179fff;--vscode-editorBracketHighlight-foreground4: rgba(0, 0, 0, 0);--vscode-editorBracketHighlight-foreground5: rgba(0, 0, 0, 0);--vscode-editorBracketHighlight-foreground6: rgba(0, 0, 0, 0);--vscode-editorBracketHighlight-unexpectedBracket\.foreground: rgba(255, 18, 18, .8);--vscode-editorBracketPairGuide-background1: rgba(0, 0, 0, 0);--vscode-editorBracketPairGuide-background2: rgba(0, 0, 0, 0);--vscode-editorBracketPairGuide-background3: rgba(0, 0, 0, 0);--vscode-editorBracketPairGuide-background4: rgba(0, 0, 0, 0);--vscode-editorBracketPairGuide-background5: rgba(0, 0, 0, 0);--vscode-editorBracketPairGuide-background6: rgba(0, 0, 0, 0);--vscode-editorBracketPairGuide-activeBackground1: rgba(0, 0, 0, 0);--vscode-editorBracketPairGuide-activeBackground2: rgba(0, 0, 0, 0);--vscode-editorBracketPairGuide-activeBackground3: rgba(0, 0, 0, 0);--vscode-editorBracketPairGuide-activeBackground4: rgba(0, 0, 0, 0);--vscode-editorBracketPairGuide-activeBackground5: rgba(0, 0, 0, 0);--vscode-editorBracketPairGuide-activeBackground6: rgba(0, 0, 0, 0);--vscode-editorUnicodeHighlight-border: #bd9b03;--vscode-editorUnicodeHighlight-background: rgba(189, 155, 3, .15);--vscode-symbolIcon-arrayForeground: #cccccc;--vscode-symbolIcon-booleanForeground: #cccccc;--vscode-symbolIcon-classForeground: #ee9d28;--vscode-symbolIcon-colorForeground: #cccccc;--vscode-symbolIcon-constantForeground: #cccccc;--vscode-symbolIcon-constructorForeground: #b180d7;--vscode-symbolIcon-enumeratorForeground: #ee9d28;--vscode-symbolIcon-enumeratorMemberForeground: #75beff;--vscode-symbolIcon-eventForeground: #ee9d28;--vscode-symbolIcon-fieldForeground: #75beff;--vscode-symbolIcon-fileForeground: #cccccc;--vscode-symbolIcon-folderForeground: #cccccc;--vscode-symbolIcon-functionForeground: #b180d7;--vscode-symbolIcon-interfaceForeground: #75beff;--vscode-symbolIcon-keyForeground: #cccccc;--vscode-symbolIcon-keywordForeground: #cccccc;--vscode-symbolIcon-methodForeground: #b180d7;--vscode-symbolIcon-moduleForeground: #cccccc;--vscode-symbolIcon-namespaceForeground: #cccccc;--vscode-symbolIcon-nullForeground: #cccccc;--vscode-symbolIcon-numberForeground: #cccccc;--vscode-symbolIcon-objectForeground: #cccccc;--vscode-symbolIcon-operatorForeground: #cccccc;--vscode-symbolIcon-packageForeground: #cccccc;--vscode-symbolIcon-propertyForeground: #cccccc;--vscode-symbolIcon-referenceForeground: #cccccc;--vscode-symbolIcon-snippetForeground: #cccccc;--vscode-symbolIcon-stringForeground: #cccccc;--vscode-symbolIcon-structForeground: #cccccc;--vscode-symbolIcon-textForeground: #cccccc;--vscode-symbolIcon-typeParameterForeground: #cccccc;--vscode-symbolIcon-unitForeground: #cccccc;--vscode-symbolIcon-variableForeground: #75beff;--vscode-editorHoverWidget-highlightForeground: #2aaaff;--vscode-editorOverviewRuler-bracketMatchForeground: #a0a0a0;--vscode-editor-foldBackground: rgba(38, 79, 120, .3);--vscode-editorGutter-foldingControlForeground: #c5c5c5;--vscode-editor-linkedEditingBackground: rgba(255, 0, 0, .3);--vscode-editor-wordHighlightBackground: rgba(87, 87, 87, .72);--vscode-editor-wordHighlightStrongBackground: rgba(0, 73, 114, .72);--vscode-editorOverviewRuler-wordHighlightForeground: rgba(160, 160, 160, .8);--vscode-editorOverviewRuler-wordHighlightStrongForeground: rgba(192, 160, 192, .8);--vscode-peekViewTitle-background: rgba(55, 148, 255, .1);--vscode-peekViewTitleLabel-foreground: #ffffff;--vscode-peekViewTitleDescription-foreground: rgba(204, 204, 204, .7);--vscode-peekView-border: #3794ff;--vscode-peekViewResult-background: #252526;--vscode-peekViewResult-lineForeground: #bbbbbb;--vscode-peekViewResult-fileForeground: #ffffff;--vscode-peekViewResult-selectionBackground: rgba(51, 153, 255, .2);--vscode-peekViewResult-selectionForeground: #ffffff;--vscode-peekViewEditor-background: #001f33;--vscode-peekViewEditorGutter-background: #001f33;--vscode-peekViewResult-matchHighlightBackground: rgba(234, 92, 0, .3);--vscode-peekViewEditor-matchHighlightBackground: rgba(255, 143, 0, .6);--vscode-editorMarkerNavigationError-background: #f14c4c;--vscode-editorMarkerNavigationError-headerBackground: rgba(241, 76, 76, .1);--vscode-editorMarkerNavigationWarning-background: #cca700;--vscode-editorMarkerNavigationWarning-headerBackground: rgba(204, 167, 0, .1);--vscode-editorMarkerNavigationInfo-background: #3794ff;--vscode-editorMarkerNavigationInfo-headerBackground: rgba(55, 148, 255, .1);--vscode-editorMarkerNavigation-background: #1e1e1e;--vscode-editorSuggestWidget-background: #252526;--vscode-editorSuggestWidget-border: #454545;--vscode-editorSuggestWidget-foreground: #d4d4d4;--vscode-editorSuggestWidget-selectedForeground: #ffffff;--vscode-editorSuggestWidget-selectedIconForeground: #ffffff;--vscode-editorSuggestWidget-selectedBackground: #04395e;--vscode-editorSuggestWidget-highlightForeground: #2aaaff;--vscode-editorSuggestWidget-focusHighlightForeground: #2aaaff;--vscode-editorSuggestWidgetStatus-foreground: rgba(212, 212, 212, .5);--vscode-tab-activeBackground: #1e1e1e;--vscode-tab-unfocusedActiveBackground: #1e1e1e;--vscode-tab-inactiveBackground: #2d2d2d;--vscode-tab-unfocusedInactiveBackground: #2d2d2d;--vscode-tab-activeForeground: #ffffff;--vscode-tab-inactiveForeground: rgba(255, 255, 255, .5);--vscode-tab-unfocusedActiveForeground: rgba(255, 255, 255, .5);--vscode-tab-unfocusedInactiveForeground: rgba(255, 255, 255, .25);--vscode-tab-border: #252526;--vscode-tab-lastPinnedBorder: rgba(204, 204, 204, .2);--vscode-tab-activeModifiedBorder: #3399cc;--vscode-tab-inactiveModifiedBorder: rgba(51, 153, 204, .5);--vscode-tab-unfocusedActiveModifiedBorder: rgba(51, 153, 204, .5);--vscode-tab-unfocusedInactiveModifiedBorder: rgba(51, 153, 204, .25);--vscode-editorPane-background: #1e1e1e;--vscode-editorGroupHeader-tabsBackground: #252526;--vscode-editorGroupHeader-noTabsBackground: #1e1e1e;--vscode-editorGroup-border: #444444;--vscode-editorGroup-dropBackground: rgba(83, 89, 93, .5);--vscode-editorGroup-dropIntoPromptForeground: #cccccc;--vscode-editorGroup-dropIntoPromptBackground: #252526;--vscode-sideBySideEditor-horizontalBorder: #444444;--vscode-sideBySideEditor-verticalBorder: #444444;--vscode-panel-background: #1e1e1e;--vscode-panel-border: rgba(128, 128, 128, .35);--vscode-panelTitle-activeForeground: #e7e7e7;--vscode-panelTitle-inactiveForeground: rgba(231, 231, 231, .6);--vscode-panelTitle-activeBorder: #e7e7e7;--vscode-panel-dropBorder: #e7e7e7;--vscode-panelSection-dropBackground: rgba(83, 89, 93, .5);--vscode-panelSectionHeader-background: rgba(128, 128, 128, .2);--vscode-panelSection-border: rgba(128, 128, 128, .35);--vscode-banner-background: #04395e;--vscode-banner-foreground: #ffffff;--vscode-banner-iconForeground: #3794ff;--vscode-statusBar-foreground: #ffffff;--vscode-statusBar-noFolderForeground: #ffffff;--vscode-statusBar-background: #007acc;--vscode-statusBar-noFolderBackground: #68217a;--vscode-statusBar-focusBorder: #ffffff;--vscode-statusBarItem-activeBackground: rgba(255, 255, 255, .18);--vscode-statusBarItem-focusBorder: #ffffff;--vscode-statusBarItem-hoverBackground: rgba(255, 255, 255, .12);--vscode-statusBarItem-compactHoverBackground: rgba(255, 255, 255, .2);--vscode-statusBarItem-prominentForeground: #ffffff;--vscode-statusBarItem-prominentBackground: rgba(0, 0, 0, .5);--vscode-statusBarItem-prominentHoverBackground: rgba(0, 0, 0, .3);--vscode-statusBarItem-errorBackground: #c72e0f;--vscode-statusBarItem-errorForeground: #ffffff;--vscode-statusBarItem-warningBackground: #7a6400;--vscode-statusBarItem-warningForeground: #ffffff;--vscode-activityBar-background: #333333;--vscode-activityBar-foreground: #ffffff;--vscode-activityBar-inactiveForeground: rgba(255, 255, 255, .4);--vscode-activityBar-activeBorder: #ffffff;--vscode-activityBar-dropBorder: #ffffff;--vscode-activityBarBadge-background: #007acc;--vscode-activityBarBadge-foreground: #ffffff;--vscode-statusBarItem-remoteBackground: #16825d;--vscode-statusBarItem-remoteForeground: #ffffff;--vscode-extensionBadge-remoteBackground: #007acc;--vscode-extensionBadge-remoteForeground: #ffffff;--vscode-sideBar-background: #252526;--vscode-sideBarTitle-foreground: #bbbbbb;--vscode-sideBar-dropBackground: rgba(83, 89, 93, .5);--vscode-sideBarSectionHeader-background: rgba(0, 0, 0, 0);--vscode-sideBarSectionHeader-border: rgba(204, 204, 204, .2);--vscode-titleBar-activeForeground: #cccccc;--vscode-titleBar-inactiveForeground: rgba(204, 204, 204, .6);--vscode-titleBar-activeBackground: #3c3c3c;--vscode-titleBar-inactiveBackground: rgba(60, 60, 60, .6);--vscode-menubar-selectionForeground: #cccccc;--vscode-menubar-selectionBackground: rgba(90, 93, 94, .31);--vscode-notifications-foreground: #cccccc;--vscode-notifications-background: #252526;--vscode-notificationLink-foreground: #3794ff;--vscode-notificationCenterHeader-background: #303031;--vscode-notifications-border: #303031;--vscode-notificationsErrorIcon-foreground: #f14c4c;--vscode-notificationsWarningIcon-foreground: #cca700;--vscode-notificationsInfoIcon-foreground: #3794ff;--vscode-commandCenter-foreground: #cccccc;--vscode-commandCenter-activeForeground: #cccccc;--vscode-commandCenter-activeBackground: rgba(90, 93, 94, .31);--vscode-commandCenter-border: rgba(128, 128, 128, .35);--vscode-editorCommentsWidget-resolvedBorder: rgba(204, 204, 204, .5);--vscode-editorCommentsWidget-unresolvedBorder: #3794ff;--vscode-editorCommentsWidget-rangeBackground: rgba(55, 148, 255, .1);--vscode-editorCommentsWidget-rangeBorder: rgba(55, 148, 255, .4);--vscode-editorCommentsWidget-rangeActiveBackground: rgba(55, 148, 255, .1);--vscode-editorCommentsWidget-rangeActiveBorder: rgba(55, 148, 255, .4);--vscode-editorGutter-commentRangeForeground: #37373d;--vscode-debugToolBar-background: #333333;--vscode-debugIcon-startForeground: #89d185;--vscode-editor-stackFrameHighlightBackground: rgba(255, 255, 0, .2);--vscode-editor-focusedStackFrameHighlightBackground: rgba(122, 189, 122, .3);--vscode-mergeEditor-change\.background: rgba(155, 185, 85, .2);--vscode-mergeEditor-change\.word\.background: rgba(156, 204, 44, .2);--vscode-mergeEditor-conflict\.unhandledUnfocused\.border: rgba(255, 166, 0, .48);--vscode-mergeEditor-conflict\.unhandledFocused\.border: #ffa600;--vscode-mergeEditor-conflict\.handledUnfocused\.border: rgba(134, 134, 134, .29);--vscode-mergeEditor-conflict\.handledFocused\.border: rgba(193, 193, 193, .8);--vscode-mergeEditor-conflict\.handled\.minimapOverViewRuler: rgba(173, 172, 168, .93);--vscode-mergeEditor-conflict\.unhandled\.minimapOverViewRuler: #fcba03;--vscode-mergeEditor-conflictingLines\.background: rgba(255, 234, 0, .28);--vscode-settings-headerForeground: #e7e7e7;--vscode-settings-modifiedItemIndicator: #0c7d9d;--vscode-settings-headerBorder: rgba(128, 128, 128, .35);--vscode-settings-sashBorder: rgba(128, 128, 128, .35);--vscode-settings-dropdownBackground: #3c3c3c;--vscode-settings-dropdownForeground: #f0f0f0;--vscode-settings-dropdownBorder: #3c3c3c;--vscode-settings-dropdownListBorder: #454545;--vscode-settings-checkboxBackground: #3c3c3c;--vscode-settings-checkboxForeground: #f0f0f0;--vscode-settings-checkboxBorder: #3c3c3c;--vscode-settings-textInputBackground: #3c3c3c;--vscode-settings-textInputForeground: #cccccc;--vscode-settings-numberInputBackground: #3c3c3c;--vscode-settings-numberInputForeground: #cccccc;--vscode-settings-focusedRowBackground: rgba(42, 45, 46, .6);--vscode-settings-rowHoverBackground: rgba(42, 45, 46, .3);--vscode-settings-focusedRowBorder: rgba(255, 255, 255, .12);--vscode-terminal-foreground: #cccccc;--vscode-terminal-selectionBackground: #264f78;--vscode-terminal-inactiveSelectionBackground: #3a3d41;--vscode-terminalCommandDecoration-defaultBackground: rgba(255, 255, 255, .25);--vscode-terminalCommandDecoration-successBackground: #1b81a8;--vscode-terminalCommandDecoration-errorBackground: #f14c4c;--vscode-terminalOverviewRuler-cursorForeground: rgba(160, 160, 160, .8);--vscode-terminal-border: rgba(128, 128, 128, .35);--vscode-terminal-findMatchBackground: #515c6a;--vscode-terminal-findMatchHighlightBackground: rgba(234, 92, 0, .33);--vscode-terminalOverviewRuler-findMatchForeground: rgba(209, 134, 22, .49);--vscode-terminal-dropBackground: rgba(83, 89, 93, .5);--vscode-testing-iconFailed: #f14c4c;--vscode-testing-iconErrored: #f14c4c;--vscode-testing-iconPassed: #73c991;--vscode-testing-runAction: #73c991;--vscode-testing-iconQueued: #cca700;--vscode-testing-iconUnset: #848484;--vscode-testing-iconSkipped: #848484;--vscode-testing-peekBorder: #f14c4c;--vscode-testing-peekHeaderBackground: rgba(241, 76, 76, .1);--vscode-testing-message\.error\.decorationForeground: #f14c4c;--vscode-testing-message\.error\.lineBackground: rgba(255, 0, 0, .2);--vscode-testing-message\.info\.decorationForeground: rgba(212, 212, 212, .5);--vscode-welcomePage-tileBackground: #252526;--vscode-welcomePage-tileHoverBackground: #2c2c2d;--vscode-welcomePage-tileShadow: rgba(0, 0, 0, .36);--vscode-welcomePage-progress\.background: #3c3c3c;--vscode-welcomePage-progress\.foreground: #3794ff;--vscode-debugExceptionWidget-border: #a31515;--vscode-debugExceptionWidget-background: #420b0d;--vscode-ports-iconRunningProcessForeground: #369432;--vscode-statusBar-debuggingBackground: #cc6633;--vscode-statusBar-debuggingForeground: #ffffff;--vscode-editor-inlineValuesForeground: rgba(255, 255, 255, .5);--vscode-editor-inlineValuesBackground: rgba(255, 200, 0, .2);--vscode-editorGutter-modifiedBackground: #1b81a8;--vscode-editorGutter-addedBackground: #487e02;--vscode-editorGutter-deletedBackground: #f14c4c;--vscode-minimapGutter-modifiedBackground: #1b81a8;--vscode-minimapGutter-addedBackground: #487e02;--vscode-minimapGutter-deletedBackground: #f14c4c;--vscode-editorOverviewRuler-modifiedForeground: rgba(27, 129, 168, .6);--vscode-editorOverviewRuler-addedForeground: rgba(72, 126, 2, .6);--vscode-editorOverviewRuler-deletedForeground: rgba(241, 76, 76, .6);--vscode-debugIcon-breakpointForeground: #e51400;--vscode-debugIcon-breakpointDisabledForeground: #848484;--vscode-debugIcon-breakpointUnverifiedForeground: #848484;--vscode-debugIcon-breakpointCurrentStackframeForeground: #ffcc00;--vscode-debugIcon-breakpointStackframeForeground: #89d185;--vscode-notebook-cellBorderColor: #37373d;--vscode-notebook-focusedEditorBorder: #007fd4;--vscode-notebookStatusSuccessIcon-foreground: #89d185;--vscode-notebookStatusErrorIcon-foreground: #f48771;--vscode-notebookStatusRunningIcon-foreground: #cccccc;--vscode-notebook-cellToolbarSeparator: rgba(128, 128, 128, .35);--vscode-notebook-selectedCellBackground: #37373d;--vscode-notebook-selectedCellBorder: #37373d;--vscode-notebook-focusedCellBorder: #007fd4;--vscode-notebook-inactiveFocusedCellBorder: #37373d;--vscode-notebook-cellStatusBarItemHoverBackground: rgba(255, 255, 255, .15);--vscode-notebook-cellInsertionIndicator: #007fd4;--vscode-notebookScrollbarSlider-background: rgba(121, 121, 121, .4);--vscode-notebookScrollbarSlider-hoverBackground: rgba(100, 100, 100, .7);--vscode-notebookScrollbarSlider-activeBackground: rgba(191, 191, 191, .4);--vscode-notebook-symbolHighlightBackground: rgba(255, 255, 255, .04);--vscode-notebook-cellEditorBackground: #252526;--vscode-notebook-editorBackground: #1e1e1e;--vscode-keybindingTable-headerBackground: rgba(204, 204, 204, .04);--vscode-keybindingTable-rowsBackground: rgba(204, 204, 204, .04);--vscode-scm-providerBorder: #454545;--vscode-debugTokenExpression-name: #c586c0;--vscode-debugTokenExpression-value: rgba(204, 204, 204, .6);--vscode-debugTokenExpression-string: #ce9178;--vscode-debugTokenExpression-boolean: #4e94ce;--vscode-debugTokenExpression-number: #b5cea8;--vscode-debugTokenExpression-error: #f48771;--vscode-debugView-exceptionLabelForeground: #cccccc;--vscode-debugView-exceptionLabelBackground: #6c2022;--vscode-debugView-stateLabelForeground: #cccccc;--vscode-debugView-stateLabelBackground: rgba(136, 136, 136, .27);--vscode-debugView-valueChangedHighlight: #569cd6;--vscode-debugConsole-infoForeground: #3794ff;--vscode-debugConsole-warningForeground: #cca700;--vscode-debugConsole-errorForeground: #f48771;--vscode-debugConsole-sourceForeground: #cccccc;--vscode-debugConsoleInputIcon-foreground: #cccccc;--vscode-debugIcon-pauseForeground: #75beff;--vscode-debugIcon-stopForeground: #f48771;--vscode-debugIcon-disconnectForeground: #f48771;--vscode-debugIcon-restartForeground: #89d185;--vscode-debugIcon-stepOverForeground: #75beff;--vscode-debugIcon-stepIntoForeground: #75beff;--vscode-debugIcon-stepOutForeground: #75beff;--vscode-debugIcon-continueForeground: #75beff;--vscode-debugIcon-stepBackForeground: #75beff;--vscode-extensionButton-prominentBackground: #0e639c;--vscode-extensionButton-prominentForeground: #ffffff;--vscode-extensionButton-prominentHoverBackground: #1177bb;--vscode-extensionIcon-starForeground: #ff8e00;--vscode-extensionIcon-verifiedForeground: #3794ff;--vscode-extensionIcon-preReleaseForeground: #1d9271;--vscode-extensionIcon-sponsorForeground: #d758b3;--vscode-terminal-ansiBlack: #000000;--vscode-terminal-ansiRed: #cd3131;--vscode-terminal-ansiGreen: #0dbc79;--vscode-terminal-ansiYellow: #e5e510;--vscode-terminal-ansiBlue: #2472c8;--vscode-terminal-ansiMagenta: #bc3fbc;--vscode-terminal-ansiCyan: #11a8cd;--vscode-terminal-ansiWhite: #e5e5e5;--vscode-terminal-ansiBrightBlack: #666666;--vscode-terminal-ansiBrightRed: #f14c4c;--vscode-terminal-ansiBrightGreen: #23d18b;--vscode-terminal-ansiBrightYellow: #f5f543;--vscode-terminal-ansiBrightBlue: #3b8eea;--vscode-terminal-ansiBrightMagenta: #d670d6;--vscode-terminal-ansiBrightCyan: #29b8db;--vscode-terminal-ansiBrightWhite: #e5e5e5;--vscode-interactive-activeCodeBorder: #3794ff;--vscode-interactive-inactiveCodeBorder: #37373d;--vscode-gitDecoration-addedResourceForeground: #81b88b;--vscode-gitDecoration-modifiedResourceForeground: #e2c08d;--vscode-gitDecoration-deletedResourceForeground: #c74e39;--vscode-gitDecoration-renamedResourceForeground: #73c991;--vscode-gitDecoration-untrackedResourceForeground: #73c991;--vscode-gitDecoration-ignoredResourceForeground: #8c8c8c;--vscode-gitDecoration-stageModifiedResourceForeground: #e2c08d;--vscode-gitDecoration-stageDeletedResourceForeground: #c74e39;--vscode-gitDecoration-conflictingResourceForeground: #e4676b;--vscode-gitDecoration-submoduleResourceForeground: #8db9e2}.cm-wrapper{line-height:18px}.cm-wrapper,.cm-wrapper>div{width:100%;height:100%}.CodeMirror span.cm-meta{color:var(--vscode-editor-foreground)}.CodeMirror span.cm-number{color:var(--vscode-debugTokenExpression-number)}.CodeMirror span.cm-keyword,.CodeMirror span.cm-builtin{color:var(--vscode-debugTokenExpression-name)}.CodeMirror span.cm-operator{color:var(--vscode-editor-foreground)}.CodeMirror span.cm-string,.CodeMirror span.cm-string-2{color:var(--vscode-debugTokenExpression-string)}.CodeMirror span.cm-error{color:var(--vscode-errorForeground)}.CodeMirror span.cm-def,.CodeMirror span.cm-tag{color:#0070c1}.CodeMirror span.cm-comment,.CodeMirror span.cm-link{color:green}.CodeMirror span.cm-variable,.CodeMirror span.cm-variable-2,.CodeMirror span.cm-atom{color:#0070c1}.CodeMirror span.cm-property{color:#795e26}.CodeMirror span.cm-qualifier,.CodeMirror span.cm-attribute{color:#001080}.CodeMirror span.cm-variable-3,.CodeMirror span.cm-type{color:#267f99}:root.dark-mode .CodeMirror span.cm-def,:root.dark-mode .CodeMirror span.cm-tag{color:var(--vscode-debugView-valueChangedHighlight)}:root.dark-mode .CodeMirror span.cm-comment,:root.dark-mode .CodeMirror span.cm-link{color:#6a9955}:root.dark-mode .CodeMirror span.cm-variable,:root.dark-mode .CodeMirror span.cm-variable-2,:root.dark-mode .CodeMirror span.cm-atom{color:#4fc1ff}:root.dark-mode .CodeMirror span.cm-property{color:#dcdcaa}:root.dark-mode .CodeMirror span.cm-qualifier,:root.dark-mode .CodeMirror span.cm-attribute{color:#9cdcfe}:root.dark-mode .CodeMirror span.cm-variable-3,:root.dark-mode .CodeMirror span.cm-type{color:#4ec9b0}.CodeMirror span.cm-bracket{color:var(--vscode-editorBracketHighlight-foreground3)}.CodeMirror-cursor{border-left:1px solid var(--vscode-editor-foreground)!important}.CodeMirror div.CodeMirror-selected{background:var(--vscode-terminal-inactiveSelectionBackground)}.CodeMirror .CodeMirror-gutters{z-index:0;background:1px solid var(--vscode-editorGroup-border);border-right:none}.CodeMirror .CodeMirror-gutter-elt{background-color:var(--vscode-editorGutter-background)}.CodeMirror .CodeMirror-gutterwrapper{border-right:1px solid var(--vscode-editorGroup-border);color:var(--vscode-editorLineNumber-foreground)}.CodeMirror .CodeMirror-matchingbracket{background-color:var(--vscode-editorBracketPairGuide-background1);color:var(--vscode-editorBracketHighlight-foreground1)!important}.CodeMirror{font-family:var(--vscode-editor-font-family)!important;color:var(--vscode-editor-foreground)!important;background-color:var(--vscode-editor-background)!important;font-weight:var(--vscode-editor-font-weight)!important;font-size:var(--vscode-editor-font-size)!important}.CodeMirror .source-line-running{background-color:var(--vscode-editor-selectionBackground);z-index:2}.CodeMirror .source-line-paused{background-color:var(--vscode-editor-selectionHighlightBackground);z-index:2}.CodeMirror .source-line-error-widget{background-color:var(--vscode-inputValidation-errorBackground);white-space:pre-wrap;margin:3px 10px;padding:5px}.CodeMirror span.cm-link,span.cm-linkified{color:var(--vscode-textLink-foreground);text-decoration:underline;cursor:pointer}.CodeMirror .source-line-error-underline{text-decoration:underline;text-decoration-color:var(--vscode-errorForeground);text-decoration-style:wavy}.CodeMirror-placeholder{color:var(--vscode-input-placeholderForeground)!important}.split-view{display:flex;flex:auto;position:relative}.split-view.vertical{flex-direction:column}.split-view.vertical.sidebar-first{flex-direction:column-reverse}.split-view.horizontal{flex-direction:row}.split-view.horizontal.sidebar-first{flex-direction:row-reverse}.split-view-main{display:flex;flex:auto}.split-view-sidebar{display:flex;flex:none}.split-view.vertical:not(.sidebar-first)>.split-view-sidebar{border-top:1px solid var(--vscode-panel-border)}.split-view.horizontal:not(.sidebar-first)>.split-view-sidebar{border-left:1px solid var(--vscode-panel-border)}.split-view.vertical.sidebar-first>.split-view-sidebar{border-bottom:1px solid var(--vscode-panel-border)}.split-view.horizontal.sidebar-first>.split-view-sidebar{border-right:1px solid var(--vscode-panel-border)}.split-view-resizer{position:absolute;z-index:100}.split-view.vertical>.split-view-resizer{left:0;right:0;height:12px;cursor:ns-resize}.split-view.horizontal>.split-view-resizer{top:0;bottom:0;width:12px;cursor:ew-resize}.tabbed-pane{display:flex;flex:auto;overflow:hidden}.tabbed-pane .toolbar{background-color:var(--vscode-sideBar-background)}.tabbed-pane .tab-content{display:flex;flex:auto;overflow:hidden;position:relative;flex-direction:column}.tabbed-pane-tab{padding:2px 6px 0;cursor:pointer;display:flex;align-items:center;justify-content:center;-webkit-user-select:none;user-select:none;border-bottom:2px solid transparent;outline:none;height:100%}.tabbed-pane-tab-label{max-width:250px;white-space:pre;overflow:hidden;text-overflow:ellipsis;display:inline-block}.tabbed-pane-tab.selected{background-color:var(--vscode-tab-activeBackground)}.tabbed-pane-tab-counter{padding:0 4px;background:var(--vscode-menu-separatorBackground);border-radius:8px;height:16px;margin-left:4px;line-height:16px;min-width:18px;display:flex;align-items:center;justify-content:center}.tabbed-pane-tab-counter.error{background:var(--vscode-list-errorForeground);color:var(--vscode-button-foreground)}.toolbar{position:relative;display:flex;color:var(--vscode-sideBarTitle-foreground);min-height:30px;align-items:center;flex:none;padding-right:4px}.toolbar.toolbar-sidebar-background{background-color:var(--vscode-sideBar-background)}.toolbar:after{content:"";display:block;position:absolute;pointer-events:none;top:0;bottom:0;left:-2px;right:-2px;box-shadow:var(--vscode-scrollbar-shadow) 0 6px 6px -6px;z-index:100}.toolbar.no-shadow:after{box-shadow:none}.toolbar.no-min-height{min-height:0}.toolbar input{padding:0 5px;line-height:24px;outline:none;margin:0 4px}.toolbar select{background:none;outline:none;padding:3px;margin:2px}.toolbar option{background-color:var(--vscode-tab-activeBackground)}.toolbar input,.toolbar select{border:none;color:var(--vscode-input-foreground);background-color:var(--vscode-input-background)}.toolbar-button{flex:none;border:none;outline:none;color:var(--vscode-sideBarTitle-foreground);background:transparent;padding:4px;cursor:pointer;display:inline-flex;align-items:center}.toolbar-button:disabled{color:var(--vscode-disabledForeground)!important;cursor:default}.toolbar-button:not(:disabled):hover{background-color:var(--vscode-toolbar-hoverBackground)}.toolbar-button:not(:disabled):active{background-color:var(--vscode-toolbar-activeBackground)}.toolbar-button.toggled{color:var(--vscode-notificationLink-foreground)}.toolbar-separator{flex:none;background-color:var(--vscode-menu-separatorBackground);width:1px;padding:0;margin:5px 4px;height:16px}.call-log{display:flex;flex-direction:column;flex:auto;line-height:20px;white-space:pre;overflow:auto}.call-log-message{flex:none;padding:3px 0 3px 36px;display:flex;align-items:center}.call-log-call{display:flex;flex:none;flex-direction:column;border-top:1px solid var(--vscode-panel-border)}.call-log-call-header{height:24px;display:flex;align-items:center;padding:0 2px;z-index:2}.call-log-call .codicon{padding:0 4px;flex:none}.call-log .codicon-check{color:#21a945;font-weight:700}.call-log-call.error{background-color:var(--vscode-inputValidation-errorBackground);border-top:1px solid var(--vscode-panel-border)}.call-log-call.error .call-log-call-header,.call-log-message.error,.call-log .codicon-error{color:var(--vscode-errorForeground)}.call-log-details{flex:0 1 auto;overflow-x:hidden;text-overflow:ellipsis}.call-log-url{color:var(--vscode-charts-blue)}.call-log-selector{color:var(--vscode-charts-orange);white-space:nowrap}.call-log-time{flex:none;margin-left:4px;color:var(--gray)}.call-log-call .codicon.preview{visibility:hidden;color:var(--vscode-sideBarTitle-foreground);cursor:pointer}.call-log-call .codicon.preview:hover{color:inherit}.call-log-call:hover .codicon.preview{visibility:visible}.recorder{display:flex;flex-direction:column;flex:auto}.recorder-chooser{border:none;background:none;outline:none;color:var(--vscode-sideBarTitle-foreground);min-width:100px}.recorder .codicon{font-size:16px}.recorder .codicon.circle-large-filled,.recorder .codicon.stop-circle{font-size:15px}.recorder .toolbar-button.toggled.stop-circle{color:#a1260d}:root.dark-mode .recorder .toolbar-button.toggled.stop-circle{color:#f48771}.recorder .toolbar-button:not([disabled]) .codicon-debug-continue,.recorder .toolbar-button:not([disabled]) .codicon-debug-step-over{color:#01bb01}.recorder .toolbar-button:not([disabled]):hover .codicon-debug-continue,.recorder .toolbar-button:not([disabled]):hover .codicon-debug-step-over{color:#41ca1e}.recorder .selector-input{flex:auto}.setting{display:flex;align-items:center}.setting label{text-overflow:ellipsis;white-space:nowrap;overflow:hidden;cursor:pointer}.setting input{margin-right:5px;flex-shrink:0}
| 

./node_modules/playwright-core/lib/vite/recorder/index.html:1:0 - Error: Module parse failed: Unexpected token (1:0)
You may need an appropriate loader to handle this file type, currently no loaders are configured to process this file. See https://webpack.js.org/concepts#loaders
> <!--
|   Copyright (c) Microsoft Corporation.
| 

./node_modules/playwright-core/lib/vite/recorder/playwright-logo.svg:1:0 - Error: Module parse failed: Unexpected token (1:0)
You may need an appropriate loader to handle this file type, currently no loaders are configured to process this file. See https://webpack.js.org/concepts#loaders
> <svg width="400" height="400" viewBox="0 0 400 400" fill="none" xmlns="http://www.w3.org/2000/svg">
| <path d="M136.444 221.556C123.558 225.213 115.104 231.625 109.535 238.032C114.869 233.364 122.014 229.08 131.652 226.348C141.51 223.554 149.92 223.574 156.869 224.915V219.481C150.941 218.939 144.145 219.371 136.444 221.556ZM108.946 175.876L61.0895 188.484C61.0895 188.484 61.9617 189.716 63.5767 191.36L104.153 180.668C104.153 180.668 103.578 188.077 98.5847 194.705C108.03 187.559 108.946 175.876 108.946 175.876ZM149.005 288.347C81.6582 306.486 46.0272 228.438 35.2396 187.928C30.2556 169.229 28.0799 155.067 27.5 145.928C27.4377 144.979 27.4665 144.179 27.5336 143.446C24.04 143.657 22.3674 145.473 22.7077 150.721C23.2876 159.855 25.4633 174.016 30.4473 192.721C41.2301 233.225 76.8659 311.273 144.213 293.134C158.872 289.185 169.885 281.992 178.152 272.81C170.532 279.692 160.995 285.112 149.005 288.347ZM161.661 128.11V132.903H188.077C187.535 131.206 186.989 129.677 186.447 128.11H161.661Z" fill="#2D4552"/>
| <path d="M193.981 167.584C205.861 170.958 212.144 179.287 215.465 186.658L228.711 190.42C228.711 190.42 226.904 164.623 203.57 157.995C181.741 151.793 168.308 170.124 166.674 172.496C173.024 167.972 182.297 164.268 193.981 167.584ZM299.422 186.777C277.573 180.547 264.145 198.916 262.535 201.255C268.89 196.736 278.158 193.031 289.837 196.362C301.698 199.741 307.976 208.06 311.307 215.436L324.572 219.212C324.572 219.212 322.736 193.41 299.422 186.777ZM286.262 254.795L176.072 223.99C176.072 223.99 177.265 230.038 181.842 237.869L274.617 263.805C282.255 259.386 286.262 254.795 286.262 254.795ZM209.867 321.102C122.618 297.71 133.166 186.543 147.284 133.865C153.097 112.156 159.073 96.0203 164.029 85.204C161.072 84.5953 158.623 86.1529 156.203 91.0746C150.941 101.747 144.212 119.124 137.7 143.45C123.586 196.127 113.038 307.29 200.283 330.682C241.406 341.699 273.442 324.955 297.323 298.659C274.655 319.19 245.714 330.701 209.867 321.102Z" fill="#2D4552"/>

node:child_process - Error: Module build failed: UnhandledSchemeError: Reading from "node:child_process" is not handled by plugins (Unhandled scheme).
Webpack supports "data:" and "file:" URIs by default.
You may need an additional plugin to handle "node:" URIs.

node:crypto - Error: Module build failed: UnhandledSchemeError: Reading from "node:crypto" is not handled by plugins (Unhandled scheme).
Webpack supports "data:" and "file:" URIs by default.
You may need an additional plugin to handle "node:" URIs.

node:events - Error: Module build failed: UnhandledSchemeError: Reading from "node:events" is not handled by plugins (Unhandled scheme).
Webpack supports "data:" and "file:" URIs by default.
You may need an additional plugin to handle "node:" URIs.

node:fs - Error: Module build failed: UnhandledSchemeError: Reading from "node:fs" is not handled by plugins (Unhandled scheme).
Webpack supports "data:" and "file:" URIs by default.
You may need an additional plugin to handle "node:" URIs.

node:module - Error: Module build failed: UnhandledSchemeError: Reading from "node:module" is not handled by plugins (Unhandled scheme).
Webpack supports "data:" and "file:" URIs by default.
You may need an additional plugin to handle "node:" URIs.

node:path - Error: Module build failed: UnhandledSchemeError: Reading from "node:path" is not handled by plugins (Unhandled scheme).
Webpack supports "data:" and "file:" URIs by default.
You may need an additional plugin to handle "node:" URIs.

node:process - Error: Module build failed: UnhandledSchemeError: Reading from "node:process" is not handled by plugins (Unhandled scheme).
Webpack supports "data:" and "file:" URIs by default.
You may need an additional plugin to handle "node:" URIs.

node:stream - Error: Module build failed: UnhandledSchemeError: Reading from "node:stream" is not handled by plugins (Unhandled scheme).
Webpack supports "data:" and "file:" URIs by default.
You may need an additional plugin to handle "node:" URIs.

Error: src/app/features/auth/login/login.component.spec.ts:51:42 - error TS2345: Argument of type 'Observable<{ token: string; user: { id: string; email: string; role: string; username: string; }; }>' is not assignable to parameter of type 'Observable<AuthResponse>'.
  Type '{ token: string; user: { id: string; email: string; role: string; username: string; }; }' is missing the following properties from type 'AuthResponse': accessToken, refreshToken, expiresIn, tokenType

51     authServiceSpy.login.and.returnValue(of({ token: '123', user: { id: '1', email: 'test@example.com', role: 'ADMIN', username: 'test' } }));
                                            ~~~~~~~~~~~~~~~~~~~~~~~~~~~~~~~~~~~~~~~~~~~~~~~~~~~~~~~~~~~~~~~~~~~~~~~~~~~~~~~~~~~~~~~~~~~~~~~~~~~


Error: src/app/features/auth/register/register.component.spec.ts:51:45 - error TS2345: Argument of type 'Observable<{ token: string; user: { id: string; email: string; role: string; username: string; }; }>' is not assignable to parameter of type 'Observable<AuthResponse>'.
  Type '{ token: string; user: { id: string; email: string; role: string; username: string; }; }' is missing the following properties from type 'AuthResponse': accessToken, refreshToken, expiresIn, tokenType

51     authServiceSpy.register.and.returnValue(of({ token: '123', user: { id: '1', email: 'test@example.com', role: 'USER', username: 'user' } }));
                                               ~~~~~~~~~~~~~~~~~~~~~~~~~~~~~~~~~~~~~~~~~~~~~~~~~~~~~~~~~~~~~~~~~~~~~~~~~~~~~~~~~~~~~~~~~~~~~~~~~~


Error: src/app/features/dashboard/dashboard.component.spec.ts:18:5 - error TS2353: Object literal may only specify known properties, and 'data' does not exist in type 'PaginatedResponse<any>'.

18     data: [],
       ~~~~


Error: src/app/features/profile/profile.component.spec.ts:22:5 - error TS2561: Object literal may only specify known properties, but 'role' does not exist in type 'User'. Did you mean to write 'roles'?

22     role: 'ADMIN',
       ~~~~


Error: src/app/features/users/users-list/users-list.component.spec.ts:17:5 - error TS2353: Object literal may only specify known properties, and 'data' does not exist in type 'PaginatedResponse<User>'.

17     data: [
       ~~~~


Error: src/app/features/users/users-list/users-list.component.spec.ts:32:43 - error TS2339: Property 'data' does not exist on type 'PaginatedResponse<User>'.

32   const mockResponse = { items: mockUsers.data, total: 1 };
                                             ~~~~


Error: src/app/layout/header/header.component.spec.ts:20:5 - error TS2561: Object literal may only specify known properties, but 'role' does not exist in type 'User'. Did you mean to write 'roles'?

20     role: 'ADMIN',
       ~~~~



20 01 2026 18:54:52.238:INFO [karma-server]: Karma v6.4.4 server started at http://localhost:9876/
20 01 2026 18:54:52.240:INFO [launcher]: Launching browsers ChromeHeadless with concurrency unlimited
20 01 2026 18:54:52.240:ERROR [karma-server]: Error: Found 1 load error
    at Server.<anonymous> (C:\Projects\ERP_ASPIRE_APP\erp-frontend-ng\node_modules\karma\lib\server.js:243:26)
    at Object.onceWrapper (node:events:622:28)
    at Server.emit (node:events:520:35)
    at emitListeningNT (node:net:1983:10)
    at process.processTicksAndRejections (node:internal/process/task_queues:88:21)
Ô£ö Browser application bundle generation complete.
Ô£ö Browser application bundle generation complete.
